<!doctype html public "-//w3c//dtd html 4.0 transitional//en">
<html><head>
<title>Static Call Graph - [.\_build\nrf52840_xxaa.axf]</title></head>
<body><HR>
<H1>Static Call Graph for image .\_build\nrf52840_xxaa.axf</H1><HR>
<BR><P>#&#060CALLGRAPH&#062# ARM Linker, 5060750: Last Updated: Mon Aug 22 00:18:07 2022
<BR><P>
<H3>Maximum Stack Usage =        488 bytes + Unknown(Cycles, Untraceable Function Pointers)</H3><H3>
Call chain for Maximum Stack Depth:</H3>
main &rArr; nrf_cli_process &rArr; cli_state_collect &rArr; cli_tab_handle &rArr; option_print &rArr; nrf_cli_fprintf &rArr; vt100_color_set &rArr; nrf_fprintf &rArr; nrf_fprintf_fmt &rArr; int_print &rArr; unsigned_print &rArr; buffer_add &rArr;  buffer_add (Cycle)
<P>
<H3>
Mutually Recursive functions
</H3> <LI><a href="#[3]">NMI_Handler</a>&nbsp;&nbsp;&nbsp;&rArr;&nbsp;&nbsp;&nbsp;<a href="#[3]">NMI_Handler</a><BR>
 <LI><a href="#[5]">MemoryManagement_Handler</a>&nbsp;&nbsp;&nbsp;&rArr;&nbsp;&nbsp;&nbsp;<a href="#[5]">MemoryManagement_Handler</a><BR>
 <LI><a href="#[6]">BusFault_Handler</a>&nbsp;&nbsp;&nbsp;&rArr;&nbsp;&nbsp;&nbsp;<a href="#[6]">BusFault_Handler</a><BR>
 <LI><a href="#[7]">UsageFault_Handler</a>&nbsp;&nbsp;&nbsp;&rArr;&nbsp;&nbsp;&nbsp;<a href="#[7]">UsageFault_Handler</a><BR>
 <LI><a href="#[8]">SVC_Handler</a>&nbsp;&nbsp;&nbsp;&rArr;&nbsp;&nbsp;&nbsp;<a href="#[8]">SVC_Handler</a><BR>
 <LI><a href="#[9]">DebugMon_Handler</a>&nbsp;&nbsp;&nbsp;&rArr;&nbsp;&nbsp;&nbsp;<a href="#[9]">DebugMon_Handler</a><BR>
 <LI><a href="#[a]">PendSV_Handler</a>&nbsp;&nbsp;&nbsp;&rArr;&nbsp;&nbsp;&nbsp;<a href="#[a]">PendSV_Handler</a><BR>
 <LI><a href="#[b]">SysTick_Handler</a>&nbsp;&nbsp;&nbsp;&rArr;&nbsp;&nbsp;&nbsp;<a href="#[b]">SysTick_Handler</a><BR>
 <LI><a href="#[1b]">CCM_AAR_IRQHandler</a>&nbsp;&nbsp;&nbsp;&rArr;&nbsp;&nbsp;&nbsp;<a href="#[1b]">CCM_AAR_IRQHandler</a><BR>
 <LI><a href="#[d4]">nrf_log_frontend_dequeue</a>&nbsp;&nbsp;&nbsp;&rArr;&nbsp;&nbsp;&nbsp;<a href="#[d8]">nrf_log_frontend_std_0</a><BR>
 <LI><a href="#[18f]">buffer_add</a>&nbsp;&nbsp;&nbsp;&rArr;&nbsp;&nbsp;&nbsp;<a href="#[18f]">buffer_add</a><BR>
 <LI><a href="#[c0]">__asm___12_nrf_atfifo_c_51f461e1__nrf_atfifo_rspace_close</a>&nbsp;&nbsp;&nbsp;&rArr;&nbsp;&nbsp;&nbsp;<a href="#[c0]">__asm___12_nrf_atfifo_c_51f461e1__nrf_atfifo_rspace_close</a><BR>
 <LI><a href="#[12c]">app_usbd_event_execute</a>&nbsp;&nbsp;&nbsp;&rArr;&nbsp;&nbsp;&nbsp;<a href="#[12c]">app_usbd_event_execute</a><BR>
 <LI><a href="#[c5]">qsort</a>&nbsp;&nbsp;&nbsp;&rArr;&nbsp;&nbsp;&nbsp;<a href="#[c5]">qsort</a><BR>
 <LI><a href="#[bf]">__asm___12_nrf_atfifo_c_51f461e1__nrf_atfifo_wspace_close</a>&nbsp;&nbsp;&nbsp;&rArr;&nbsp;&nbsp;&nbsp;<a href="#[bf]">__asm___12_nrf_atfifo_c_51f461e1__nrf_atfifo_wspace_close</a><BR>
</UL>
<P>
<H3>
Function Pointers
</H3><UL>
 <LI><a href="#[6]">BusFault_Handler</a> from arm_startup_nrf52840.o(.text) referenced from arm_startup_nrf52840.o(RESET)
 <LI><a href="#[1b]">CCM_AAR_IRQHandler</a> from arm_startup_nrf52840.o(.text) referenced from arm_startup_nrf52840.o(RESET)
 <LI><a href="#[1f]">COMP_LPCOMP_IRQHandler</a> from arm_startup_nrf52840.o(.text) referenced from arm_startup_nrf52840.o(RESET)
 <LI><a href="#[34]">CRYPTOCELL_IRQHandler</a> from arm_startup_nrf52840.o(.text) referenced from arm_startup_nrf52840.o(RESET)
 <LI><a href="#[9]">DebugMon_Handler</a> from arm_startup_nrf52840.o(.text) referenced from arm_startup_nrf52840.o(RESET)
 <LI><a href="#[1a]">ECB_IRQHandler</a> from arm_startup_nrf52840.o(.text) referenced from arm_startup_nrf52840.o(RESET)
 <LI><a href="#[30]">FPU_IRQHandler</a> from arm_startup_nrf52840.o(.text) referenced from arm_startup_nrf52840.o(RESET)
 <LI><a href="#[12]">GPIOTE_IRQHandler</a> from nrfx_gpiote.o(i.GPIOTE_IRQHandler) referenced from arm_startup_nrf52840.o(RESET)
 <LI><a href="#[4]">HardFault_Handler</a> from hardfault_handler_keil.o(.emb_text) referenced from arm_startup_nrf52840.o(RESET)
 <LI><a href="#[38]">HardFault_c_handler</a> from hardfault_implementation.o(i.HardFault_c_handler) referenced from hardfault_handler_keil.o(.emb_text)
 <LI><a href="#[2f]">I2S_IRQHandler</a> from arm_startup_nrf52840.o(.text) referenced from arm_startup_nrf52840.o(RESET)
 <LI><a href="#[2a]">MWU_IRQHandler</a> from arm_startup_nrf52840.o(.text) referenced from arm_startup_nrf52840.o(RESET)
 <LI><a href="#[5]">MemoryManagement_Handler</a> from arm_startup_nrf52840.o(.text) referenced from arm_startup_nrf52840.o(RESET)
 <LI><a href="#[11]">NFCT_IRQHandler</a> from arm_startup_nrf52840.o(.text) referenced from arm_startup_nrf52840.o(RESET)
 <LI><a href="#[3]">NMI_Handler</a> from arm_startup_nrf52840.o(.text) referenced from arm_startup_nrf52840.o(RESET)
 <LI><a href="#[29]">PDM_IRQHandler</a> from arm_startup_nrf52840.o(.text) referenced from arm_startup_nrf52840.o(RESET)
 <LI><a href="#[c]">POWER_CLOCK_IRQHandler</a> from nrfx_power.o(i.POWER_CLOCK_IRQHandler) referenced from arm_startup_nrf52840.o(RESET)
 <LI><a href="#[28]">PWM0_IRQHandler</a> from arm_startup_nrf52840.o(.text) referenced from arm_startup_nrf52840.o(RESET)
 <LI><a href="#[2b]">PWM1_IRQHandler</a> from arm_startup_nrf52840.o(.text) referenced from arm_startup_nrf52840.o(RESET)
 <LI><a href="#[2c]">PWM2_IRQHandler</a> from arm_startup_nrf52840.o(.text) referenced from arm_startup_nrf52840.o(RESET)
 <LI><a href="#[35]">PWM3_IRQHandler</a> from arm_startup_nrf52840.o(.text) referenced from arm_startup_nrf52840.o(RESET)
 <LI><a href="#[a]">PendSV_Handler</a> from arm_startup_nrf52840.o(.text) referenced from arm_startup_nrf52840.o(RESET)
 <LI><a href="#[1e]">QDEC_IRQHandler</a> from arm_startup_nrf52840.o(.text) referenced from arm_startup_nrf52840.o(RESET)
 <LI><a href="#[33]">QSPI_IRQHandler</a> from arm_startup_nrf52840.o(.text) referenced from arm_startup_nrf52840.o(RESET)
 <LI><a href="#[d]">RADIO_IRQHandler</a> from arm_startup_nrf52840.o(.text) referenced from arm_startup_nrf52840.o(RESET)
 <LI><a href="#[19]">RNG_IRQHandler</a> from arm_startup_nrf52840.o(.text) referenced from arm_startup_nrf52840.o(RESET)
 <LI><a href="#[17]">RTC0_IRQHandler</a> from arm_startup_nrf52840.o(.text) referenced from arm_startup_nrf52840.o(RESET)
 <LI><a href="#[1d]">RTC1_IRQHandler</a> from drv_rtc.o(i.RTC1_IRQHandler) referenced from arm_startup_nrf52840.o(RESET)
 <LI><a href="#[2e]">RTC2_IRQHandler</a> from arm_startup_nrf52840.o(.text) referenced from arm_startup_nrf52840.o(RESET)
 <LI><a href="#[2]">Reset_Handler</a> from arm_startup_nrf52840.o(.text) referenced from arm_startup_nrf52840.o(RESET)
 <LI><a href="#[13]">SAADC_IRQHandler</a> from arm_startup_nrf52840.o(.text) referenced from arm_startup_nrf52840.o(RESET)
 <LI><a href="#[f]">SPIM0_SPIS0_TWIM0_TWIS0_SPI0_TWI0_IRQHandler</a> from arm_startup_nrf52840.o(.text) referenced from arm_startup_nrf52840.o(RESET)
 <LI><a href="#[10]">SPIM1_SPIS1_TWIM1_TWIS1_SPI1_TWI1_IRQHandler</a> from arm_startup_nrf52840.o(.text) referenced from arm_startup_nrf52840.o(RESET)
 <LI><a href="#[2d]">SPIM2_SPIS2_SPI2_IRQHandler</a> from arm_startup_nrf52840.o(.text) referenced from arm_startup_nrf52840.o(RESET)
 <LI><a href="#[36]">SPIM3_IRQHandler</a> from arm_startup_nrf52840.o(.text) referenced from arm_startup_nrf52840.o(RESET)
 <LI><a href="#[8]">SVC_Handler</a> from arm_startup_nrf52840.o(.text) referenced from arm_startup_nrf52840.o(RESET)
 <LI><a href="#[20]">SWI0_EGU0_IRQHandler</a> from arm_startup_nrf52840.o(.text) referenced from arm_startup_nrf52840.o(RESET)
 <LI><a href="#[21]">SWI1_EGU1_IRQHandler</a> from arm_startup_nrf52840.o(.text) referenced from arm_startup_nrf52840.o(RESET)
 <LI><a href="#[22]">SWI2_EGU2_IRQHandler</a> from arm_startup_nrf52840.o(.text) referenced from arm_startup_nrf52840.o(RESET)
 <LI><a href="#[23]">SWI3_EGU3_IRQHandler</a> from arm_startup_nrf52840.o(.text) referenced from arm_startup_nrf52840.o(RESET)
 <LI><a href="#[24]">SWI4_EGU4_IRQHandler</a> from arm_startup_nrf52840.o(.text) referenced from arm_startup_nrf52840.o(RESET)
 <LI><a href="#[25]">SWI5_EGU5_IRQHandler</a> from arm_startup_nrf52840.o(.text) referenced from arm_startup_nrf52840.o(RESET)
 <LI><a href="#[b]">SysTick_Handler</a> from arm_startup_nrf52840.o(.text) referenced from arm_startup_nrf52840.o(RESET)
 <LI><a href="#[39]">SystemInit</a> from system_nrf52.o(i.SystemInit) referenced from arm_startup_nrf52840.o(.text)
 <LI><a href="#[18]">TEMP_IRQHandler</a> from arm_startup_nrf52840.o(.text) referenced from arm_startup_nrf52840.o(RESET)
 <LI><a href="#[14]">TIMER0_IRQHandler</a> from arm_startup_nrf52840.o(.text) referenced from arm_startup_nrf52840.o(RESET)
 <LI><a href="#[15]">TIMER1_IRQHandler</a> from arm_startup_nrf52840.o(.text) referenced from arm_startup_nrf52840.o(RESET)
 <LI><a href="#[16]">TIMER2_IRQHandler</a> from arm_startup_nrf52840.o(.text) referenced from arm_startup_nrf52840.o(RESET)
 <LI><a href="#[26]">TIMER3_IRQHandler</a> from arm_startup_nrf52840.o(.text) referenced from arm_startup_nrf52840.o(RESET)
 <LI><a href="#[27]">TIMER4_IRQHandler</a> from arm_startup_nrf52840.o(.text) referenced from arm_startup_nrf52840.o(RESET)
 <LI><a href="#[e]">UARTE0_UART0_IRQHandler</a> from nrfx_prs.o(i.UARTE0_UART0_IRQHandler) referenced from arm_startup_nrf52840.o(RESET)
 <LI><a href="#[32]">UARTE1_IRQHandler</a> from arm_startup_nrf52840.o(.text) referenced from arm_startup_nrf52840.o(RESET)
 <LI><a href="#[31]">USBD_IRQHandler</a> from nrfx_usbd.o(i.USBD_IRQHandler) referenced from arm_startup_nrf52840.o(RESET)
 <LI><a href="#[7]">UsageFault_Handler</a> from arm_startup_nrf52840.o(.text) referenced from arm_startup_nrf52840.o(RESET)
 <LI><a href="#[1c]">WDT_IRQHandler</a> from arm_startup_nrf52840.o(.text) referenced from arm_startup_nrf52840.o(RESET)
 <LI><a href="#[3a]">__main</a> from entry.o(.ARM.Collect$$$$00000000) referenced from arm_startup_nrf52840.o(.text)
 <LI><a href="#[3c]">_sbackspace</a> from _sgetc.o(.text) referenced from __0sscanf.o(.text)
 <LI><a href="#[3d]">_scanf_char_input</a> from scanf_char.o(.text) referenced from scanf_char.o(.text)
 <LI><a href="#[3b]">_sgetc</a> from _sgetc.o(.text) referenced from __0sscanf.o(.text)
 <LI><a href="#[45]">alert_timer_handler</a> from bsp.o(i.alert_timer_handler) referenced from bsp.o(i.bsp_init)
 <LI><a href="#[7f]">app_usbd_core_event_handler</a> from app_usbd_core.o(i.app_usbd_core_event_handler) referenced from app_usbd_core.o(.constdata)
 <LI><a href="#[42]">app_usbd_event_handler</a> from app_usbd.o(i.app_usbd_event_handler) referenced from app_usbd.o(i.app_usbd_init)
 <LI><a href="#[1]">app_usbd_hfclk_ready</a> from app_usbd.o(i.app_usbd_hfclk_ready) referenced 2 times from app_usbd.o(.data)
 <LI><a href="#[7c]">app_usbd_power_event_handler</a> from app_usbd.o(i.app_usbd_power_event_handler) referenced from app_usbd.o(.constdata)
 <LI><a href="#[b4]">backend_name_get</a> from nrf_log_frontend.o(i.backend_name_get) referenced from nrf_log_frontend.o(.constdata)
 <LI><a href="#[5d]">bsp_button_event_handler</a> from bsp.o(i.bsp_button_event_handler) referenced 4 times from bsp.o(.constdata)
 <LI><a href="#[48]">bsp_event_callback</a> from main.o(i.bsp_event_callback) referenced from main.o(i.init_bsp)
 <LI><a href="#[48]">bsp_event_callback</a> from main.o(i.bsp_event_callback) referenced from main.o(i.init_cli)
 <LI><a href="#[43]">button_timer_handler</a> from bsp.o(i.button_timer_handler) referenced from bsp.o(i.bsp_init)
 <LI><a href="#[4e]">cli_transport_evt_handler</a> from nrf_cli.o(i.cli_transport_evt_handler) referenced from nrf_cli.o(i.nrf_cli_instance_init)
 <LI><a href="#[a7]">cli_uart_enable</a> from nrf_cli_uart.o(i.cli_uart_enable) referenced from nrf_cli_uart.o(.constdata)
 <LI><a href="#[a5]">cli_uart_init</a> from nrf_cli_uart.o(i.cli_uart_init) referenced from nrf_cli_uart.o(.constdata)
 <LI><a href="#[a9]">cli_uart_read</a> from nrf_cli_uart.o(i.cli_uart_read) referenced from nrf_cli_uart.o(.constdata)
 <LI><a href="#[a6]">cli_uart_uninit</a> from nrf_cli_uart.o(i.cli_uart_uninit) referenced from nrf_cli_uart.o(.constdata)
 <LI><a href="#[a8]">cli_uart_write</a> from nrf_cli_uart.o(i.cli_uart_write) referenced from nrf_cli_uart.o(.constdata)
 <LI><a href="#[50]">clock_irq_handler</a> from nrf_drv_clock.o(i.clock_irq_handler) referenced from nrf_drv_clock.o(i.nrf_drv_clock_init)
 <LI><a href="#[5e]">cmd_btn</a> from bsp_cli.o(i.cmd_btn) referenced from bsp_cli.o(.constdata)
 <LI><a href="#[5f]">cmd_evt</a> from bsp_cli.o(i.cmd_evt) referenced from bsp_cli.o(.constdata)
 <LI><a href="#[7b]">compare_func</a> from app_timer2.o(i.compare_func) referenced from app_timer2.o(.constdata)
 <LI><a href="#[40]">detection_delay_timeout_handler</a> from app_button.o(i.detection_delay_timeout_handler) referenced from app_button.o(i.app_button_init)
 <LI><a href="#[64]">ev_dma_epin0_handler</a> from nrfx_usbd.o(i.ev_dma_epin0_handler) referenced from nrfx_usbd.o(.constdata)
 <LI><a href="#[65]">ev_dma_epin1_handler</a> from nrfx_usbd.o(i.ev_dma_epin1_handler) referenced from nrfx_usbd.o(.constdata)
 <LI><a href="#[66]">ev_dma_epin2_handler</a> from nrfx_usbd.o(i.ev_dma_epin2_handler) referenced from nrfx_usbd.o(.constdata)
 <LI><a href="#[67]">ev_dma_epin3_handler</a> from nrfx_usbd.o(i.ev_dma_epin3_handler) referenced from nrfx_usbd.o(.constdata)
 <LI><a href="#[68]">ev_dma_epin4_handler</a> from nrfx_usbd.o(i.ev_dma_epin4_handler) referenced from nrfx_usbd.o(.constdata)
 <LI><a href="#[69]">ev_dma_epin5_handler</a> from nrfx_usbd.o(i.ev_dma_epin5_handler) referenced from nrfx_usbd.o(.constdata)
 <LI><a href="#[6a]">ev_dma_epin6_handler</a> from nrfx_usbd.o(i.ev_dma_epin6_handler) referenced from nrfx_usbd.o(.constdata)
 <LI><a href="#[6b]">ev_dma_epin7_handler</a> from nrfx_usbd.o(i.ev_dma_epin7_handler) referenced from nrfx_usbd.o(.constdata)
 <LI><a href="#[6d]">ev_dma_epin8_handler</a> from nrfx_usbd.o(i.ev_dma_epin8_handler) referenced from nrfx_usbd.o(.constdata)
 <LI><a href="#[6e]">ev_dma_epout0_handler</a> from nrfx_usbd.o(i.ev_dma_epout0_handler) referenced from nrfx_usbd.o(.constdata)
 <LI><a href="#[6f]">ev_dma_epout1_handler</a> from nrfx_usbd.o(i.ev_dma_epout1_handler) referenced from nrfx_usbd.o(.constdata)
 <LI><a href="#[70]">ev_dma_epout2_handler</a> from nrfx_usbd.o(i.ev_dma_epout2_handler) referenced from nrfx_usbd.o(.constdata)
 <LI><a href="#[71]">ev_dma_epout3_handler</a> from nrfx_usbd.o(i.ev_dma_epout3_handler) referenced from nrfx_usbd.o(.constdata)
 <LI><a href="#[72]">ev_dma_epout4_handler</a> from nrfx_usbd.o(i.ev_dma_epout4_handler) referenced from nrfx_usbd.o(.constdata)
 <LI><a href="#[73]">ev_dma_epout5_handler</a> from nrfx_usbd.o(i.ev_dma_epout5_handler) referenced from nrfx_usbd.o(.constdata)
 <LI><a href="#[74]">ev_dma_epout6_handler</a> from nrfx_usbd.o(i.ev_dma_epout6_handler) referenced from nrfx_usbd.o(.constdata)
 <LI><a href="#[75]">ev_dma_epout7_handler</a> from nrfx_usbd.o(i.ev_dma_epout7_handler) referenced from nrfx_usbd.o(.constdata)
 <LI><a href="#[76]">ev_dma_epout8_handler</a> from nrfx_usbd.o(i.ev_dma_epout8_handler) referenced from nrfx_usbd.o(.constdata)
 <LI><a href="#[7a]">ev_epdata_handler</a> from nrfx_usbd.o(i.ev_epdata_handler) referenced from nrfx_usbd.o(.constdata)
 <LI><a href="#[6c]">ev_setup_data_handler</a> from nrfx_usbd.o(i.ev_setup_data_handler) referenced from nrfx_usbd.o(.constdata)
 <LI><a href="#[79]">ev_setup_handler</a> from nrfx_usbd.o(i.ev_setup_handler) referenced from nrfx_usbd.o(.constdata)
 <LI><a href="#[77]">ev_sof_handler</a> from nrfx_usbd.o(i.ev_sof_handler) referenced from nrfx_usbd.o(.constdata)
 <LI><a href="#[63]">ev_started_handler</a> from nrfx_usbd.o(i.ev_started_handler) referenced from nrfx_usbd.o(.constdata)
 <LI><a href="#[78]">ev_usbevent_handler</a> from nrfx_usbd.o(i.ev_usbevent_handler) referenced from nrfx_usbd.o(.constdata)
 <LI><a href="#[62]">ev_usbreset_handler</a> from nrfx_usbd.o(i.ev_usbreset_handler) referenced from nrfx_usbd.o(.constdata)
 <LI><a href="#[3f]">gpiote_event_handler</a> from app_button.o(i.gpiote_event_handler) referenced from app_button.o(i.app_button_init)
 <LI><a href="#[82]">hid_kbd_ep_transfer_in</a> from app_usbd_hid_kbd.o(i.hid_kbd_ep_transfer_in) referenced from app_usbd_hid_kbd.o(.constdata)
 <LI><a href="#[87]">hid_kbd_event_handler</a> from app_usbd_hid_kbd.o(i.hid_kbd_event_handler) referenced from app_usbd_hid_kbd.o(.constdata)
 <LI><a href="#[88]">hid_kbd_feed_descriptors</a> from app_usbd_hid_kbd.o(i.hid_kbd_feed_descriptors) referenced from app_usbd_hid_kbd.o(.constdata)
 <LI><a href="#[83]">hid_kbd_get_class_descriptors_count</a> from app_usbd_hid_kbd.o(i.hid_kbd_get_class_descriptors_count) referenced from app_usbd_hid_kbd.o(.constdata)
 <LI><a href="#[85]">hid_kbd_get_class_descriptors_data</a> from app_usbd_hid_kbd.o(i.hid_kbd_get_class_descriptors_data) referenced from app_usbd_hid_kbd.o(.constdata)
 <LI><a href="#[84]">hid_kbd_get_class_descriptors_length</a> from app_usbd_hid_kbd.o(i.hid_kbd_get_class_descriptors_length) referenced from app_usbd_hid_kbd.o(.constdata)
 <LI><a href="#[80]">hid_kbd_on_get_report</a> from app_usbd_hid_kbd.o(i.hid_kbd_on_get_report) referenced from app_usbd_hid_kbd.o(.constdata)
 <LI><a href="#[86]">hid_kbd_on_idle</a> from app_usbd_hid_kbd.o(i.hid_kbd_on_idle) referenced from app_usbd_hid_kbd.o(.constdata)
 <LI><a href="#[81]">hid_kbd_on_set_report</a> from app_usbd_hid_kbd.o(i.hid_kbd_on_set_report) referenced from app_usbd_hid_kbd.o(.constdata)
 <LI><a href="#[89]">hid_kbd_on_set_report_data_cb</a> from app_usbd_hid_kbd.o(i.hid_kbd_on_set_report_data_cb) referenced from app_usbd_hid_kbd.o(.constdata)
 <LI><a href="#[5b]">hid_kbd_user_ev_handler</a> from main.o(i.hid_kbd_user_ev_handler) referenced from main.o(.constdata)
 <LI><a href="#[8c]">hid_mouse_ep_transfer_in</a> from app_usbd_hid_mouse.o(i.hid_mouse_ep_transfer_in) referenced from app_usbd_hid_mouse.o(.constdata)
 <LI><a href="#[91]">hid_mouse_event_handler</a> from app_usbd_hid_mouse.o(i.hid_mouse_event_handler) referenced from app_usbd_hid_mouse.o(.constdata)
 <LI><a href="#[92]">hid_mouse_feed_descriptors</a> from app_usbd_hid_mouse.o(i.hid_mouse_feed_descriptors) referenced from app_usbd_hid_mouse.o(.constdata)
 <LI><a href="#[8d]">hid_mouse_get_class_descriptors_count</a> from app_usbd_hid_mouse.o(i.hid_mouse_get_class_descriptors_count) referenced from app_usbd_hid_mouse.o(.constdata)
 <LI><a href="#[8f]">hid_mouse_get_class_descriptors_data</a> from app_usbd_hid_mouse.o(i.hid_mouse_get_class_descriptors_data) referenced from app_usbd_hid_mouse.o(.constdata)
 <LI><a href="#[8e]">hid_mouse_get_class_descriptors_length</a> from app_usbd_hid_mouse.o(i.hid_mouse_get_class_descriptors_length) referenced from app_usbd_hid_mouse.o(.constdata)
 <LI><a href="#[8a]">hid_mouse_on_get_report</a> from app_usbd_hid_mouse.o(i.hid_mouse_on_get_report) referenced from app_usbd_hid_mouse.o(.constdata)
 <LI><a href="#[90]">hid_mouse_on_idle</a> from app_usbd_hid_mouse.o(i.hid_mouse_on_idle) referenced from app_usbd_hid_mouse.o(.constdata)
 <LI><a href="#[8b]">hid_mouse_on_set_report</a> from app_usbd_hid_mouse.o(i.hid_mouse_on_set_report) referenced from app_usbd_hid_mouse.o(.constdata)
 <LI><a href="#[5a]">hid_mouse_user_ev_handler</a> from main.o(i.hid_mouse_user_ev_handler) referenced from main.o(.constdata)
 <LI><a href="#[3e]">isspace</a> from isspace_o.o(.text) referenced from scanf_char.o(.text)
 <LI><a href="#[44]">leds_timer_handler</a> from bsp.o(i.leds_timer_handler) referenced from bsp.o(i.bsp_init)
 <LI><a href="#[b0]">log_backend_ctrl</a> from nrf_log_frontend.o(i.log_backend_ctrl) referenced 2 times from nrf_log_frontend.o(.constdata)
 <LI><a href="#[b1]">log_backend_go</a> from nrf_log_frontend.o(i.log_backend_go) referenced from nrf_log_frontend.o(.constdata)
 <LI><a href="#[b2]">log_backend_halt</a> from nrf_log_frontend.o(i.log_backend_halt) referenced from nrf_log_frontend.o(.constdata)
 <LI><a href="#[b3]">log_backend_status</a> from nrf_log_frontend.o(i.log_backend_status) referenced from nrf_log_frontend.o(.constdata)
 <LI><a href="#[bc]">log_cmd</a> from nrf_log_frontend.o(i.log_cmd) referenced from nrf_log_frontend.o(.constdata)
 <LI><a href="#[ba]">log_cmd_backends_list</a> from nrf_log_frontend.o(i.log_cmd_backends_list) referenced from nrf_log_frontend.o(.constdata)
 <LI><a href="#[b5]">log_config_load_cmd</a> from nrf_log_frontend.o(i.log_config_load_cmd) referenced from nrf_log_frontend.o(.constdata)
 <LI><a href="#[b6]">log_config_store_cmd</a> from nrf_log_frontend.o(i.log_config_store_cmd) referenced from nrf_log_frontend.o(.constdata)
 <LI><a href="#[49]">log_ctrl</a> from nrf_log_frontend.o(i.log_ctrl) referenced from nrf_log_frontend.o(i.log_backend_ctrl)
 <LI><a href="#[4a]">log_go</a> from nrf_log_frontend.o(i.log_go) referenced from nrf_log_frontend.o(i.log_backend_go)
 <LI><a href="#[4b]">log_halt</a> from nrf_log_frontend.o(i.log_halt) referenced from nrf_log_frontend.o(i.log_backend_halt)
 <LI><a href="#[b7]">log_self_ctrl</a> from nrf_log_frontend.o(i.log_self_ctrl) referenced 2 times from nrf_log_frontend.o(.constdata)
 <LI><a href="#[b8]">log_self_go</a> from nrf_log_frontend.o(i.log_self_go) referenced from nrf_log_frontend.o(.constdata)
 <LI><a href="#[b9]">log_self_halt</a> from nrf_log_frontend.o(i.log_self_halt) referenced from nrf_log_frontend.o(.constdata)
 <LI><a href="#[bb]">log_self_status</a> from nrf_log_frontend.o(i.log_self_status) referenced from nrf_log_frontend.o(.constdata)
 <LI><a href="#[4c]">log_status</a> from nrf_log_frontend.o(i.log_status) referenced from nrf_log_frontend.o(i.log_backend_status)
 <LI><a href="#[37]">main</a> from main.o(i.main) referenced from entry9a.o(.ARM.Collect$$$$0000000B)
 <LI><a href="#[ae]">module_name_get</a> from nrf_log_frontend.o(i.module_name_get) referenced from nrf_log_frontend.o(.constdata)
 <LI><a href="#[4d]">mouse_move_timer_handler</a> from main.o(i.mouse_move_timer_handler) referenced from main.o(i.main)
 <LI><a href="#[93]">nrf_balloc_status</a> from nrf_balloc.o(i.nrf_balloc_status) referenced 2 times from nrf_balloc.o(.constdata)
 <LI><a href="#[a1]">nrf_cli_cmd_clear</a> from nrf_cli.o(i.nrf_cli_cmd_clear) referenced from nrf_cli.o(.constdata)
 <LI><a href="#[a2]">nrf_cli_cmd_cli</a> from nrf_cli.o(i.nrf_cli_cmd_cli) referenced from nrf_cli.o(.constdata)
 <LI><a href="#[9f]">nrf_cli_cmd_cli_stats</a> from nrf_cli.o(i.nrf_cli_cmd_cli_stats) referenced from nrf_cli.o(.constdata)
 <LI><a href="#[9b]">nrf_cli_cmd_cli_stats_reset</a> from nrf_cli.o(i.nrf_cli_cmd_cli_stats_reset) referenced from nrf_cli.o(.constdata)
 <LI><a href="#[9c]">nrf_cli_cmd_cli_stats_show</a> from nrf_cli.o(i.nrf_cli_cmd_cli_stats_show) referenced from nrf_cli.o(.constdata)
 <LI><a href="#[9d]">nrf_cli_cmd_colors</a> from nrf_cli.o(i.nrf_cli_cmd_colors) referenced from nrf_cli.o(.constdata)
 <LI><a href="#[97]">nrf_cli_cmd_colors_off</a> from nrf_cli.o(i.nrf_cli_cmd_colors_off) referenced from nrf_cli.o(.constdata)
 <LI><a href="#[98]">nrf_cli_cmd_colors_on</a> from nrf_cli.o(i.nrf_cli_cmd_colors_on) referenced from nrf_cli.o(.constdata)
 <LI><a href="#[9e]">nrf_cli_cmd_echo</a> from nrf_cli.o(i.nrf_cli_cmd_echo) referenced from nrf_cli.o(.constdata)
 <LI><a href="#[99]">nrf_cli_cmd_echo_off</a> from nrf_cli.o(i.nrf_cli_cmd_echo_off) referenced from nrf_cli.o(.constdata)
 <LI><a href="#[9a]">nrf_cli_cmd_echo_on</a> from nrf_cli.o(i.nrf_cli_cmd_echo_on) referenced from nrf_cli.o(.constdata)
 <LI><a href="#[a3]">nrf_cli_cmd_history</a> from nrf_cli.o(i.nrf_cli_cmd_history) referenced from nrf_cli.o(.constdata)
 <LI><a href="#[a4]">nrf_cli_cmd_resize</a> from nrf_cli.o(i.nrf_cli_cmd_resize) referenced from nrf_cli.o(.constdata)
 <LI><a href="#[a0]">nrf_cli_cmd_resize_default</a> from nrf_cli.o(i.nrf_cli_cmd_resize_default) referenced from nrf_cli.o(.constdata)
 <LI><a href="#[0]">nrf_cli_print_stream</a> from nrf_cli.o(i.nrf_cli_print_stream) referenced 2 times from main.o(.data)
 <LI><a href="#[96]">nrf_log_backend_cli_flush</a> from nrf_cli.o(i.nrf_log_backend_cli_flush) referenced from nrf_cli.o(.constdata)
 <LI><a href="#[95]">nrf_log_backend_cli_panic_set</a> from nrf_cli.o(i.nrf_log_backend_cli_panic_set) referenced from nrf_cli.o(.constdata)
 <LI><a href="#[94]">nrf_log_backend_cli_put</a> from nrf_cli.o(i.nrf_log_backend_cli_put) referenced from nrf_cli.o(.constdata)
 <LI><a href="#[ad]">nrf_log_backend_uart_flush</a> from nrf_log_backend_uart.o(i.nrf_log_backend_uart_flush) referenced from nrf_log_backend_uart.o(.constdata)
 <LI><a href="#[ac]">nrf_log_backend_uart_panic_set</a> from nrf_log_backend_uart.o(i.nrf_log_backend_uart_panic_set) referenced from nrf_log_backend_uart.o(.constdata)
 <LI><a href="#[ab]">nrf_log_backend_uart_put</a> from nrf_log_backend_uart.o(i.nrf_log_backend_uart_put) referenced from nrf_log_backend_uart.o(.constdata)
 <LI><a href="#[aa]">nrf_queue_status</a> from nrf_queue.o(i.nrf_queue_status) referenced 2 times from nrf_queue.o(.constdata)
 <LI><a href="#[60]">nrfx_uart_0_irq_handler</a> from nrfx_uart.o(i.nrfx_uart_0_irq_handler) referenced from nrfx_uart.o(.constdata)
 <LI><a href="#[61]">nrfx_uarte_0_irq_handler</a> from nrfx_uarte.o(i.nrfx_uarte_0_irq_handler) referenced from nrfx_uarte.o(.constdata)
 <LI><a href="#[58]">nrfx_usbd_consumer</a> from nrfx_usbd.o(i.nrfx_usbd_consumer) referenced from nrfx_usbd.o(i.nrfx_usbd_ep_transfer)
 <LI><a href="#[57]">nrfx_usbd_feeder_flash</a> from nrfx_usbd.o(i.nrfx_usbd_feeder_flash) referenced from nrfx_usbd.o(i.nrfx_usbd_ep_transfer)
 <LI><a href="#[55]">nrfx_usbd_feeder_flash_zlp</a> from nrfx_usbd.o(i.nrfx_usbd_feeder_flash_zlp) referenced from nrfx_usbd.o(i.nrfx_usbd_ep_transfer)
 <LI><a href="#[56]">nrfx_usbd_feeder_ram</a> from nrfx_usbd.o(i.nrfx_usbd_feeder_ram) referenced from nrfx_usbd.o(i.nrfx_usbd_ep_transfer)
 <LI><a href="#[54]">nrfx_usbd_feeder_ram_zlp</a> from nrfx_usbd.o(i.nrfx_usbd_feeder_ram_zlp) referenced from nrfx_usbd.o(i.nrfx_usbd_ep_transfer)
 <LI><a href="#[41]">rtc_irq</a> from app_timer2.o(i.rtc_irq) referenced from app_timer2.o(i.app_timer_init)
 <LI><a href="#[53]">serial_tx</a> from nrf_log_backend_uart.o(i.serial_tx) referenced from nrf_log_backend_uart.o(i.nrf_log_backend_uart_put)
 <LI><a href="#[7d]">setup_data_handler_empty</a> from app_usbd_core.o(i.setup_data_handler_empty) referenced from app_usbd_core.o(.constdata)
 <LI><a href="#[af]">severity_lvl_get</a> from nrf_log_frontend.o(i.severity_lvl_get) referenced from nrf_log_frontend.o(.constdata)
 <LI><a href="#[4f]">string_cmp</a> from nrf_cli.o(i.string_cmp) referenced from nrf_cli.o(i.nrf_cli_instance_init)
 <LI><a href="#[46]">timer_handler</a> from nrf_cli_uart.o(i.timer_handler) referenced from nrf_cli_uart.o(i.cli_uart_enable)
 <LI><a href="#[47]">uart_event_handler</a> from nrf_cli_uart.o(i.uart_event_handler) referenced from nrf_cli_uart.o(i.cli_uart_init)
 <LI><a href="#[52]">uart_evt_handler</a> from nrf_drv_uart.o(i.uart_evt_handler) referenced from nrf_drv_uart.o(i.nrf_drv_uart_init)
 <LI><a href="#[59]">uart_evt_handler</a> from nrf_log_backend_uart.o(i.uart_evt_handler) referenced from nrf_log_backend_uart.o(i.uart_init)
 <LI><a href="#[51]">uarte_evt_handler</a> from nrf_drv_uart.o(i.uarte_evt_handler) referenced from nrf_drv_uart.o(i.nrf_drv_uart_init)
 <LI><a href="#[7e]">usbd_descriptor_conf_feeder</a> from app_usbd_core.o(i.usbd_descriptor_conf_feeder) referenced from app_usbd_core.o(.constdata)
 <LI><a href="#[5c]">usbd_user_ev_handler</a> from main.o(i.usbd_user_ev_handler) referenced from main.o(.constdata)
</UL>
<P>
<H3>
Global Symbols
</H3>
<P><STRONG><a name="[3a]"></a>__main</STRONG> (Thumb, 0 bytes, Stack size unknown bytes, entry.o(.ARM.Collect$$$$00000000))
<BR>[Address Reference Count : 1]<UL><LI> arm_startup_nrf52840.o(.text)
</UL>
<P><STRONG><a name="[2a9]"></a>_main_stk</STRONG> (Thumb, 0 bytes, Stack size unknown bytes, entry2.o(.ARM.Collect$$$$00000001))

<P><STRONG><a name="[bd]"></a>_main_scatterload</STRONG> (Thumb, 0 bytes, Stack size unknown bytes, entry5.o(.ARM.Collect$$$$00000004))
<BR><BR>[Calls]<UL><LI><a href="#[be]">&gt;&gt;</a>&nbsp;&nbsp;&nbsp;__scatterload
</UL>

<P><STRONG><a name="[ce]"></a>__main_after_scatterload</STRONG> (Thumb, 0 bytes, Stack size unknown bytes, entry5.o(.ARM.Collect$$$$00000004))
<BR><BR>[Called By]<UL><LI><a href="#[be]">&gt;&gt;</a>&nbsp;&nbsp;&nbsp;__scatterload
</UL>

<P><STRONG><a name="[2aa]"></a>_main_clock</STRONG> (Thumb, 0 bytes, Stack size unknown bytes, entry7b.o(.ARM.Collect$$$$00000008))

<P><STRONG><a name="[2ab]"></a>_main_cpp_init</STRONG> (Thumb, 0 bytes, Stack size unknown bytes, entry8b.o(.ARM.Collect$$$$0000000A))

<P><STRONG><a name="[2ac]"></a>_main_init</STRONG> (Thumb, 0 bytes, Stack size unknown bytes, entry9a.o(.ARM.Collect$$$$0000000B))

<P><STRONG><a name="[2ad]"></a>__rt_final_cpp</STRONG> (Thumb, 0 bytes, Stack size unknown bytes, entry10a.o(.ARM.Collect$$$$0000000D))

<P><STRONG><a name="[2ae]"></a>__rt_final_exit</STRONG> (Thumb, 0 bytes, Stack size unknown bytes, entry11a.o(.ARM.Collect$$$$0000000F))

<P><STRONG><a name="[2af]"></a>__asm___13_nrfx_atomic_c_3bd32246__nrfx_atomic_internal_mov</STRONG> (Thumb, 24 bytes, Stack size 0 bytes, nrfx_atomic.o(.emb_text), UNUSED)

<P><STRONG><a name="[2b0]"></a>__asm___13_nrfx_atomic_c_3bd32246__nrfx_atomic_internal_orr</STRONG> (Thumb, 26 bytes, Stack size 0 bytes, nrfx_atomic.o(.emb_text), UNUSED)

<P><STRONG><a name="[25c]"></a>__asm___13_nrfx_atomic_c_3bd32246__nrfx_atomic_internal_and</STRONG> (Thumb, 26 bytes, Stack size 0 bytes, nrfx_atomic.o(.emb_text))
<BR><BR>[Called By]<UL><LI><a href="#[1db]">&gt;&gt;</a>&nbsp;&nbsp;&nbsp;nrfx_atomic_u32_fetch_and
</UL>

<P><STRONG><a name="[2b1]"></a>__asm___13_nrfx_atomic_c_3bd32246__nrfx_atomic_internal_eor</STRONG> (Thumb, 26 bytes, Stack size 0 bytes, nrfx_atomic.o(.emb_text), UNUSED)

<P><STRONG><a name="[2b2]"></a>__asm___13_nrfx_atomic_c_3bd32246__nrfx_atomic_internal_add</STRONG> (Thumb, 26 bytes, Stack size 0 bytes, nrfx_atomic.o(.emb_text), UNUSED)

<P><STRONG><a name="[2b3]"></a>__asm___13_nrfx_atomic_c_3bd32246__nrfx_atomic_internal_sub</STRONG> (Thumb, 26 bytes, Stack size 0 bytes, nrfx_atomic.o(.emb_text), UNUSED)

<P><STRONG><a name="[2b4]"></a>__asm___13_nrfx_atomic_c_3bd32246__nrfx_atomic_internal_cmp_exch</STRONG> (Thumb, 42 bytes, Stack size 0 bytes, nrfx_atomic.o(.emb_text), UNUSED)

<P><STRONG><a name="[2b5]"></a>__asm___13_nrfx_atomic_c_3bd32246__nrfx_atomic_internal_sub_hs</STRONG> (Thumb, 30 bytes, Stack size 0 bytes, nrfx_atomic.o(.emb_text), UNUSED)

<P><STRONG><a name="[4]"></a>HardFault_Handler</STRONG> (Thumb, 40 bytes, Stack size 0 bytes, hardfault_handler_keil.o(.emb_text))
<BR>[Address Reference Count : 1]<UL><LI> arm_startup_nrf52840.o(RESET)
</UL>
<P><STRONG><a name="[215]"></a>__asm___12_nrf_atfifo_c_51f461e1__nrf_atfifo_wspace_req</STRONG> (Thumb, 56 bytes, Stack size 0 bytes, nrf_atfifo.o(.emb_text))
<BR><BR>[Called By]<UL><LI><a href="#[127]">&gt;&gt;</a>&nbsp;&nbsp;&nbsp;nrf_atfifo_item_alloc
</UL>

<P><STRONG><a name="[bf]"></a>__asm___12_nrf_atfifo_c_51f461e1__nrf_atfifo_wspace_close</STRONG> (Thumb, 18 bytes, Stack size 0 bytes, nrf_atfifo.o(.emb_text))
<BR><BR>[Calls]<UL><LI><a href="#[bf]">&gt;&gt;</a>&nbsp;&nbsp;&nbsp;__asm___12_nrf_atfifo_c_51f461e1__nrf_atfifo_wspace_close
</UL>
<BR>[Called By]<UL><LI><a href="#[129]">&gt;&gt;</a>&nbsp;&nbsp;&nbsp;nrf_atfifo_item_put
<LI><a href="#[bf]">&gt;&gt;</a>&nbsp;&nbsp;&nbsp;__asm___12_nrf_atfifo_c_51f461e1__nrf_atfifo_wspace_close
</UL>

<P><STRONG><a name="[216]"></a>__asm___12_nrf_atfifo_c_51f461e1__nrf_atfifo_rspace_req</STRONG> (Thumb, 58 bytes, Stack size 0 bytes, nrf_atfifo.o(.emb_text))
<BR><BR>[Called By]<UL><LI><a href="#[139]">&gt;&gt;</a>&nbsp;&nbsp;&nbsp;nrf_atfifo_item_get
</UL>

<P><STRONG><a name="[c0]"></a>__asm___12_nrf_atfifo_c_51f461e1__nrf_atfifo_rspace_close</STRONG> (Thumb, 18 bytes, Stack size 0 bytes, nrf_atfifo.o(.emb_text))
<BR><BR>[Calls]<UL><LI><a href="#[c0]">&gt;&gt;</a>&nbsp;&nbsp;&nbsp;__asm___12_nrf_atfifo_c_51f461e1__nrf_atfifo_rspace_close
</UL>
<BR>[Called By]<UL><LI><a href="#[13a]">&gt;&gt;</a>&nbsp;&nbsp;&nbsp;nrf_atfifo_item_free
<LI><a href="#[c0]">&gt;&gt;</a>&nbsp;&nbsp;&nbsp;__asm___12_nrf_atfifo_c_51f461e1__nrf_atfifo_rspace_close
</UL>

<P><STRONG><a name="[2b6]"></a>__asm___12_nrf_atfifo_c_51f461e1__nrf_atfifo_space_clear</STRONG> (Thumb, 50 bytes, Stack size 0 bytes, nrf_atfifo.o(.emb_text), UNUSED)

<P><STRONG><a name="[21d]"></a>__asm___12_nrf_atomic_c_85ca2469__nrf_atomic_internal_mov</STRONG> (Thumb, 24 bytes, Stack size 0 bytes, nrf_atomic.o(.emb_text))
<BR><BR>[Called By]<UL><LI><a href="#[128]">&gt;&gt;</a>&nbsp;&nbsp;&nbsp;nrf_atomic_u32_fetch_store
</UL>

<P><STRONG><a name="[21c]"></a>__asm___12_nrf_atomic_c_85ca2469__nrf_atomic_internal_orr</STRONG> (Thumb, 26 bytes, Stack size 0 bytes, nrf_atomic.o(.emb_text))
<BR><BR>[Called By]<UL><LI><a href="#[219]">&gt;&gt;</a>&nbsp;&nbsp;&nbsp;nrf_atomic_u32_fetch_or
<LI><a href="#[160]">&gt;&gt;</a>&nbsp;&nbsp;&nbsp;nrf_atomic_u32_or
</UL>

<P><STRONG><a name="[21b]"></a>__asm___12_nrf_atomic_c_85ca2469__nrf_atomic_internal_and</STRONG> (Thumb, 26 bytes, Stack size 0 bytes, nrf_atomic.o(.emb_text))
<BR><BR>[Called By]<UL><LI><a href="#[217]">&gt;&gt;</a>&nbsp;&nbsp;&nbsp;nrf_atomic_u32_fetch_and
<LI><a href="#[15d]">&gt;&gt;</a>&nbsp;&nbsp;&nbsp;nrf_atomic_u32_and
</UL>

<P><STRONG><a name="[2b7]"></a>__asm___12_nrf_atomic_c_85ca2469__nrf_atomic_internal_eor</STRONG> (Thumb, 26 bytes, Stack size 0 bytes, nrf_atomic.o(.emb_text), UNUSED)

<P><STRONG><a name="[21a]"></a>__asm___12_nrf_atomic_c_85ca2469__nrf_atomic_internal_add</STRONG> (Thumb, 26 bytes, Stack size 0 bytes, nrf_atomic.o(.emb_text))
<BR><BR>[Called By]<UL><LI><a href="#[12b]">&gt;&gt;</a>&nbsp;&nbsp;&nbsp;nrf_atomic_u32_add
</UL>

<P><STRONG><a name="[21f]"></a>__asm___12_nrf_atomic_c_85ca2469__nrf_atomic_internal_sub</STRONG> (Thumb, 26 bytes, Stack size 0 bytes, nrf_atomic.o(.emb_text))
<BR><BR>[Called By]<UL><LI><a href="#[21e]">&gt;&gt;</a>&nbsp;&nbsp;&nbsp;nrf_atomic_u32_sub
</UL>

<P><STRONG><a name="[2b8]"></a>__asm___12_nrf_atomic_c_85ca2469__nrf_atomic_internal_cmp_exch</STRONG> (Thumb, 42 bytes, Stack size 0 bytes, nrf_atomic.o(.emb_text), UNUSED)

<P><STRONG><a name="[220]"></a>__asm___12_nrf_atomic_c_85ca2469__nrf_atomic_internal_sub_hs</STRONG> (Thumb, 30 bytes, Stack size 0 bytes, nrf_atomic.o(.emb_text))
<BR><BR>[Called By]<UL><LI><a href="#[13b]">&gt;&gt;</a>&nbsp;&nbsp;&nbsp;nrf_atomic_u32_sub_hs
</UL>

<P><STRONG><a name="[2]"></a>Reset_Handler</STRONG> (Thumb, 8 bytes, Stack size 0 bytes, arm_startup_nrf52840.o(.text))
<BR>[Address Reference Count : 1]<UL><LI> arm_startup_nrf52840.o(RESET)
</UL>
<P><STRONG><a name="[3]"></a>NMI_Handler</STRONG> (Thumb, 2 bytes, Stack size 0 bytes, arm_startup_nrf52840.o(.text))
<BR><BR>[Calls]<UL><LI><a href="#[3]">&gt;&gt;</a>&nbsp;&nbsp;&nbsp;NMI_Handler
</UL>
<BR>[Called By]<UL><LI><a href="#[3]">&gt;&gt;</a>&nbsp;&nbsp;&nbsp;NMI_Handler
</UL>
<BR>[Address Reference Count : 1]<UL><LI> arm_startup_nrf52840.o(RESET)
</UL>
<P><STRONG><a name="[5]"></a>MemoryManagement_Handler</STRONG> (Thumb, 2 bytes, Stack size 0 bytes, arm_startup_nrf52840.o(.text))
<BR><BR>[Calls]<UL><LI><a href="#[5]">&gt;&gt;</a>&nbsp;&nbsp;&nbsp;MemoryManagement_Handler
</UL>
<BR>[Called By]<UL><LI><a href="#[5]">&gt;&gt;</a>&nbsp;&nbsp;&nbsp;MemoryManagement_Handler
</UL>
<BR>[Address Reference Count : 1]<UL><LI> arm_startup_nrf52840.o(RESET)
</UL>
<P><STRONG><a name="[6]"></a>BusFault_Handler</STRONG> (Thumb, 2 bytes, Stack size 0 bytes, arm_startup_nrf52840.o(.text))
<BR><BR>[Calls]<UL><LI><a href="#[6]">&gt;&gt;</a>&nbsp;&nbsp;&nbsp;BusFault_Handler
</UL>
<BR>[Called By]<UL><LI><a href="#[6]">&gt;&gt;</a>&nbsp;&nbsp;&nbsp;BusFault_Handler
</UL>
<BR>[Address Reference Count : 1]<UL><LI> arm_startup_nrf52840.o(RESET)
</UL>
<P><STRONG><a name="[7]"></a>UsageFault_Handler</STRONG> (Thumb, 2 bytes, Stack size 0 bytes, arm_startup_nrf52840.o(.text))
<BR><BR>[Calls]<UL><LI><a href="#[7]">&gt;&gt;</a>&nbsp;&nbsp;&nbsp;UsageFault_Handler
</UL>
<BR>[Called By]<UL><LI><a href="#[7]">&gt;&gt;</a>&nbsp;&nbsp;&nbsp;UsageFault_Handler
</UL>
<BR>[Address Reference Count : 1]<UL><LI> arm_startup_nrf52840.o(RESET)
</UL>
<P><STRONG><a name="[8]"></a>SVC_Handler</STRONG> (Thumb, 2 bytes, Stack size 0 bytes, arm_startup_nrf52840.o(.text))
<BR><BR>[Calls]<UL><LI><a href="#[8]">&gt;&gt;</a>&nbsp;&nbsp;&nbsp;SVC_Handler
</UL>
<BR>[Called By]<UL><LI><a href="#[8]">&gt;&gt;</a>&nbsp;&nbsp;&nbsp;SVC_Handler
</UL>
<BR>[Address Reference Count : 1]<UL><LI> arm_startup_nrf52840.o(RESET)
</UL>
<P><STRONG><a name="[9]"></a>DebugMon_Handler</STRONG> (Thumb, 2 bytes, Stack size 0 bytes, arm_startup_nrf52840.o(.text))
<BR><BR>[Calls]<UL><LI><a href="#[9]">&gt;&gt;</a>&nbsp;&nbsp;&nbsp;DebugMon_Handler
</UL>
<BR>[Called By]<UL><LI><a href="#[9]">&gt;&gt;</a>&nbsp;&nbsp;&nbsp;DebugMon_Handler
</UL>
<BR>[Address Reference Count : 1]<UL><LI> arm_startup_nrf52840.o(RESET)
</UL>
<P><STRONG><a name="[a]"></a>PendSV_Handler</STRONG> (Thumb, 2 bytes, Stack size 0 bytes, arm_startup_nrf52840.o(.text))
<BR><BR>[Calls]<UL><LI><a href="#[a]">&gt;&gt;</a>&nbsp;&nbsp;&nbsp;PendSV_Handler
</UL>
<BR>[Called By]<UL><LI><a href="#[a]">&gt;&gt;</a>&nbsp;&nbsp;&nbsp;PendSV_Handler
</UL>
<BR>[Address Reference Count : 1]<UL><LI> arm_startup_nrf52840.o(RESET)
</UL>
<P><STRONG><a name="[b]"></a>SysTick_Handler</STRONG> (Thumb, 2 bytes, Stack size 0 bytes, arm_startup_nrf52840.o(.text))
<BR><BR>[Calls]<UL><LI><a href="#[b]">&gt;&gt;</a>&nbsp;&nbsp;&nbsp;SysTick_Handler
</UL>
<BR>[Called By]<UL><LI><a href="#[b]">&gt;&gt;</a>&nbsp;&nbsp;&nbsp;SysTick_Handler
</UL>
<BR>[Address Reference Count : 1]<UL><LI> arm_startup_nrf52840.o(RESET)
</UL>
<P><STRONG><a name="[1b]"></a>CCM_AAR_IRQHandler</STRONG> (Thumb, 0 bytes, Stack size 0 bytes, arm_startup_nrf52840.o(.text))
<BR><BR>[Calls]<UL><LI><a href="#[1b]">&gt;&gt;</a>&nbsp;&nbsp;&nbsp;CCM_AAR_IRQHandler
</UL>
<BR>[Called By]<UL><LI><a href="#[1b]">&gt;&gt;</a>&nbsp;&nbsp;&nbsp;CCM_AAR_IRQHandler
</UL>
<BR>[Address Reference Count : 1]<UL><LI> arm_startup_nrf52840.o(RESET)
</UL>
<P><STRONG><a name="[1f]"></a>COMP_LPCOMP_IRQHandler</STRONG> (Thumb, 0 bytes, Stack size 0 bytes, arm_startup_nrf52840.o(.text))
<BR>[Address Reference Count : 1]<UL><LI> arm_startup_nrf52840.o(RESET)
</UL>
<P><STRONG><a name="[34]"></a>CRYPTOCELL_IRQHandler</STRONG> (Thumb, 0 bytes, Stack size 0 bytes, arm_startup_nrf52840.o(.text))
<BR>[Address Reference Count : 1]<UL><LI> arm_startup_nrf52840.o(RESET)
</UL>
<P><STRONG><a name="[1a]"></a>ECB_IRQHandler</STRONG> (Thumb, 0 bytes, Stack size 0 bytes, arm_startup_nrf52840.o(.text))
<BR>[Address Reference Count : 1]<UL><LI> arm_startup_nrf52840.o(RESET)
</UL>
<P><STRONG><a name="[30]"></a>FPU_IRQHandler</STRONG> (Thumb, 0 bytes, Stack size 0 bytes, arm_startup_nrf52840.o(.text))
<BR>[Address Reference Count : 1]<UL><LI> arm_startup_nrf52840.o(RESET)
</UL>
<P><STRONG><a name="[2f]"></a>I2S_IRQHandler</STRONG> (Thumb, 0 bytes, Stack size 0 bytes, arm_startup_nrf52840.o(.text))
<BR>[Address Reference Count : 1]<UL><LI> arm_startup_nrf52840.o(RESET)
</UL>
<P><STRONG><a name="[2a]"></a>MWU_IRQHandler</STRONG> (Thumb, 0 bytes, Stack size 0 bytes, arm_startup_nrf52840.o(.text))
<BR>[Address Reference Count : 1]<UL><LI> arm_startup_nrf52840.o(RESET)
</UL>
<P><STRONG><a name="[11]"></a>NFCT_IRQHandler</STRONG> (Thumb, 0 bytes, Stack size 0 bytes, arm_startup_nrf52840.o(.text))
<BR>[Address Reference Count : 1]<UL><LI> arm_startup_nrf52840.o(RESET)
</UL>
<P><STRONG><a name="[29]"></a>PDM_IRQHandler</STRONG> (Thumb, 0 bytes, Stack size 0 bytes, arm_startup_nrf52840.o(.text))
<BR>[Address Reference Count : 1]<UL><LI> arm_startup_nrf52840.o(RESET)
</UL>
<P><STRONG><a name="[28]"></a>PWM0_IRQHandler</STRONG> (Thumb, 0 bytes, Stack size 0 bytes, arm_startup_nrf52840.o(.text))
<BR>[Address Reference Count : 1]<UL><LI> arm_startup_nrf52840.o(RESET)
</UL>
<P><STRONG><a name="[2b]"></a>PWM1_IRQHandler</STRONG> (Thumb, 0 bytes, Stack size 0 bytes, arm_startup_nrf52840.o(.text))
<BR>[Address Reference Count : 1]<UL><LI> arm_startup_nrf52840.o(RESET)
</UL>
<P><STRONG><a name="[2c]"></a>PWM2_IRQHandler</STRONG> (Thumb, 0 bytes, Stack size 0 bytes, arm_startup_nrf52840.o(.text))
<BR>[Address Reference Count : 1]<UL><LI> arm_startup_nrf52840.o(RESET)
</UL>
<P><STRONG><a name="[35]"></a>PWM3_IRQHandler</STRONG> (Thumb, 0 bytes, Stack size 0 bytes, arm_startup_nrf52840.o(.text))
<BR>[Address Reference Count : 1]<UL><LI> arm_startup_nrf52840.o(RESET)
</UL>
<P><STRONG><a name="[1e]"></a>QDEC_IRQHandler</STRONG> (Thumb, 0 bytes, Stack size 0 bytes, arm_startup_nrf52840.o(.text))
<BR>[Address Reference Count : 1]<UL><LI> arm_startup_nrf52840.o(RESET)
</UL>
<P><STRONG><a name="[33]"></a>QSPI_IRQHandler</STRONG> (Thumb, 0 bytes, Stack size 0 bytes, arm_startup_nrf52840.o(.text))
<BR>[Address Reference Count : 1]<UL><LI> arm_startup_nrf52840.o(RESET)
</UL>
<P><STRONG><a name="[d]"></a>RADIO_IRQHandler</STRONG> (Thumb, 0 bytes, Stack size 0 bytes, arm_startup_nrf52840.o(.text))
<BR>[Address Reference Count : 1]<UL><LI> arm_startup_nrf52840.o(RESET)
</UL>
<P><STRONG><a name="[19]"></a>RNG_IRQHandler</STRONG> (Thumb, 0 bytes, Stack size 0 bytes, arm_startup_nrf52840.o(.text))
<BR>[Address Reference Count : 1]<UL><LI> arm_startup_nrf52840.o(RESET)
</UL>
<P><STRONG><a name="[17]"></a>RTC0_IRQHandler</STRONG> (Thumb, 0 bytes, Stack size 0 bytes, arm_startup_nrf52840.o(.text))
<BR>[Address Reference Count : 1]<UL><LI> arm_startup_nrf52840.o(RESET)
</UL>
<P><STRONG><a name="[2e]"></a>RTC2_IRQHandler</STRONG> (Thumb, 0 bytes, Stack size 0 bytes, arm_startup_nrf52840.o(.text))
<BR>[Address Reference Count : 1]<UL><LI> arm_startup_nrf52840.o(RESET)
</UL>
<P><STRONG><a name="[13]"></a>SAADC_IRQHandler</STRONG> (Thumb, 0 bytes, Stack size 0 bytes, arm_startup_nrf52840.o(.text))
<BR>[Address Reference Count : 1]<UL><LI> arm_startup_nrf52840.o(RESET)
</UL>
<P><STRONG><a name="[f]"></a>SPIM0_SPIS0_TWIM0_TWIS0_SPI0_TWI0_IRQHandler</STRONG> (Thumb, 0 bytes, Stack size 0 bytes, arm_startup_nrf52840.o(.text))
<BR>[Address Reference Count : 1]<UL><LI> arm_startup_nrf52840.o(RESET)
</UL>
<P><STRONG><a name="[10]"></a>SPIM1_SPIS1_TWIM1_TWIS1_SPI1_TWI1_IRQHandler</STRONG> (Thumb, 0 bytes, Stack size 0 bytes, arm_startup_nrf52840.o(.text))
<BR>[Address Reference Count : 1]<UL><LI> arm_startup_nrf52840.o(RESET)
</UL>
<P><STRONG><a name="[2d]"></a>SPIM2_SPIS2_SPI2_IRQHandler</STRONG> (Thumb, 0 bytes, Stack size 0 bytes, arm_startup_nrf52840.o(.text))
<BR>[Address Reference Count : 1]<UL><LI> arm_startup_nrf52840.o(RESET)
</UL>
<P><STRONG><a name="[36]"></a>SPIM3_IRQHandler</STRONG> (Thumb, 0 bytes, Stack size 0 bytes, arm_startup_nrf52840.o(.text))
<BR>[Address Reference Count : 1]<UL><LI> arm_startup_nrf52840.o(RESET)
</UL>
<P><STRONG><a name="[20]"></a>SWI0_EGU0_IRQHandler</STRONG> (Thumb, 0 bytes, Stack size 0 bytes, arm_startup_nrf52840.o(.text))
<BR>[Address Reference Count : 1]<UL><LI> arm_startup_nrf52840.o(RESET)
</UL>
<P><STRONG><a name="[21]"></a>SWI1_EGU1_IRQHandler</STRONG> (Thumb, 0 bytes, Stack size 0 bytes, arm_startup_nrf52840.o(.text))
<BR>[Address Reference Count : 1]<UL><LI> arm_startup_nrf52840.o(RESET)
</UL>
<P><STRONG><a name="[22]"></a>SWI2_EGU2_IRQHandler</STRONG> (Thumb, 0 bytes, Stack size 0 bytes, arm_startup_nrf52840.o(.text))
<BR>[Address Reference Count : 1]<UL><LI> arm_startup_nrf52840.o(RESET)
</UL>
<P><STRONG><a name="[23]"></a>SWI3_EGU3_IRQHandler</STRONG> (Thumb, 0 bytes, Stack size 0 bytes, arm_startup_nrf52840.o(.text))
<BR>[Address Reference Count : 1]<UL><LI> arm_startup_nrf52840.o(RESET)
</UL>
<P><STRONG><a name="[24]"></a>SWI4_EGU4_IRQHandler</STRONG> (Thumb, 0 bytes, Stack size 0 bytes, arm_startup_nrf52840.o(.text))
<BR>[Address Reference Count : 1]<UL><LI> arm_startup_nrf52840.o(RESET)
</UL>
<P><STRONG><a name="[25]"></a>SWI5_EGU5_IRQHandler</STRONG> (Thumb, 0 bytes, Stack size 0 bytes, arm_startup_nrf52840.o(.text))
<BR>[Address Reference Count : 1]<UL><LI> arm_startup_nrf52840.o(RESET)
</UL>
<P><STRONG><a name="[18]"></a>TEMP_IRQHandler</STRONG> (Thumb, 0 bytes, Stack size 0 bytes, arm_startup_nrf52840.o(.text))
<BR>[Address Reference Count : 1]<UL><LI> arm_startup_nrf52840.o(RESET)
</UL>
<P><STRONG><a name="[14]"></a>TIMER0_IRQHandler</STRONG> (Thumb, 0 bytes, Stack size 0 bytes, arm_startup_nrf52840.o(.text))
<BR>[Address Reference Count : 1]<UL><LI> arm_startup_nrf52840.o(RESET)
</UL>
<P><STRONG><a name="[15]"></a>TIMER1_IRQHandler</STRONG> (Thumb, 0 bytes, Stack size 0 bytes, arm_startup_nrf52840.o(.text))
<BR>[Address Reference Count : 1]<UL><LI> arm_startup_nrf52840.o(RESET)
</UL>
<P><STRONG><a name="[16]"></a>TIMER2_IRQHandler</STRONG> (Thumb, 0 bytes, Stack size 0 bytes, arm_startup_nrf52840.o(.text))
<BR>[Address Reference Count : 1]<UL><LI> arm_startup_nrf52840.o(RESET)
</UL>
<P><STRONG><a name="[26]"></a>TIMER3_IRQHandler</STRONG> (Thumb, 0 bytes, Stack size 0 bytes, arm_startup_nrf52840.o(.text))
<BR>[Address Reference Count : 1]<UL><LI> arm_startup_nrf52840.o(RESET)
</UL>
<P><STRONG><a name="[27]"></a>TIMER4_IRQHandler</STRONG> (Thumb, 0 bytes, Stack size 0 bytes, arm_startup_nrf52840.o(.text))
<BR>[Address Reference Count : 1]<UL><LI> arm_startup_nrf52840.o(RESET)
</UL>
<P><STRONG><a name="[32]"></a>UARTE1_IRQHandler</STRONG> (Thumb, 0 bytes, Stack size 0 bytes, arm_startup_nrf52840.o(.text))
<BR>[Address Reference Count : 1]<UL><LI> arm_startup_nrf52840.o(RESET)
</UL>
<P><STRONG><a name="[1c]"></a>WDT_IRQHandler</STRONG> (Thumb, 0 bytes, Stack size 0 bytes, arm_startup_nrf52840.o(.text))
<BR>[Address Reference Count : 1]<UL><LI> arm_startup_nrf52840.o(RESET)
</UL>
<P><STRONG><a name="[c1]"></a>__aeabi_uldivmod</STRONG> (Thumb, 98 bytes, Stack size 40 bytes, uldiv.o(.text))
<BR><BR>[Stack]<UL><LI>Max Depth = 40<LI>Call Chain = __aeabi_uldivmod
</UL>
<BR>[Calls]<UL><LI><a href="#[c2]">&gt;&gt;</a>&nbsp;&nbsp;&nbsp;__aeabi_llsr
<LI><a href="#[c3]">&gt;&gt;</a>&nbsp;&nbsp;&nbsp;__aeabi_llsl
</UL>
<BR>[Called By]<UL><LI><a href="#[18b]">&gt;&gt;</a>&nbsp;&nbsp;&nbsp;bsp_led_indication
</UL>

<P><STRONG><a name="[c3]"></a>__aeabi_llsl</STRONG> (Thumb, 30 bytes, Stack size 0 bytes, llshl.o(.text))
<BR><BR>[Called By]<UL><LI><a href="#[1cc]">&gt;&gt;</a>&nbsp;&nbsp;&nbsp;evt_handle
<LI><a href="#[c1]">&gt;&gt;</a>&nbsp;&nbsp;&nbsp;__aeabi_uldivmod
</UL>

<P><STRONG><a name="[2b9]"></a>_ll_shift_l</STRONG> (Thumb, 0 bytes, Stack size 0 bytes, llshl.o(.text), UNUSED)

<P><STRONG><a name="[c4]"></a>__rt_ctype_table</STRONG> (Thumb, 4 bytes, Stack size 0 bytes, ctype_o.o(.text))
<BR><BR>[Called By]<UL><LI><a href="#[1a6]">&gt;&gt;</a>&nbsp;&nbsp;&nbsp;make_argv
<LI><a href="#[1e4]">&gt;&gt;</a>&nbsp;&nbsp;&nbsp;format_offset_string_print
<LI><a href="#[1a3]">&gt;&gt;</a>&nbsp;&nbsp;&nbsp;cmd_trim
<LI><a href="#[1b4]">&gt;&gt;</a>&nbsp;&nbsp;&nbsp;cli_tab_handle
<LI><a href="#[1af]">&gt;&gt;</a>&nbsp;&nbsp;&nbsp;cli_state_collect
<LI><a href="#[1ae]">&gt;&gt;</a>&nbsp;&nbsp;&nbsp;nrf_log_hexdump_entry_process
<LI><a href="#[3e]">&gt;&gt;</a>&nbsp;&nbsp;&nbsp;isspace
</UL>

<P><STRONG><a name="[3e]"></a>isspace</STRONG> (Thumb, 18 bytes, Stack size 8 bytes, isspace_o.o(.text))
<BR><BR>[Stack]<UL><LI>Max Depth = 8<LI>Call Chain = isspace
</UL>
<BR>[Calls]<UL><LI><a href="#[c4]">&gt;&gt;</a>&nbsp;&nbsp;&nbsp;__rt_ctype_table
</UL>
<BR>[Address Reference Count : 1]<UL><LI> scanf_char.o(.text)
</UL>
<P><STRONG><a name="[c5]"></a>qsort</STRONG> (Thumb, 156 bytes, Stack size 40 bytes, qsort.o(.text))
<BR><BR>[Stack]<UL><LI>Max Depth = 40 + In Cycle
<LI>Call Chain = qsort &rArr;  qsort (Cycle)
</UL>
<BR>[Calls]<UL><LI><a href="#[c5]">&gt;&gt;</a>&nbsp;&nbsp;&nbsp;qsort
</UL>
<BR>[Called By]<UL><LI><a href="#[22a]">&gt;&gt;</a>&nbsp;&nbsp;&nbsp;nrf_cli_instance_init
<LI><a href="#[c5]">&gt;&gt;</a>&nbsp;&nbsp;&nbsp;qsort
</UL>

<P><STRONG><a name="[2ba]"></a>___aeabi_memcpy8$move</STRONG> (Thumb, 0 bytes, Stack size 8 bytes, memmovea.o(.text), UNUSED)

<P><STRONG><a name="[1ef]"></a>__aeabi_memcpy</STRONG> (Thumb, 64 bytes, Stack size 8 bytes, memmovea.o(.text))
<BR><BR>[Stack]<UL><LI>Max Depth = 8<LI>Call Chain = __aeabi_memcpy
</UL>
<BR>[Called By]<UL><LI><a href="#[55]">&gt;&gt;</a>&nbsp;&nbsp;&nbsp;nrfx_usbd_feeder_flash_zlp
<LI><a href="#[57]">&gt;&gt;</a>&nbsp;&nbsp;&nbsp;nrfx_usbd_feeder_flash
<LI><a href="#[1ec]">&gt;&gt;</a>&nbsp;&nbsp;&nbsp;hid_kbd_transfer_next
<LI><a href="#[7e]">&gt;&gt;</a>&nbsp;&nbsp;&nbsp;usbd_descriptor_conf_feeder
<LI><a href="#[290]">&gt;&gt;</a>&nbsp;&nbsp;&nbsp;setup_device_req_get_descriptor
<LI><a href="#[212]">&gt;&gt;</a>&nbsp;&nbsp;&nbsp;memobj_op
<LI><a href="#[1c3]">&gt;&gt;</a>&nbsp;&nbsp;&nbsp;nrf_ringbuf_cpy_put
<LI><a href="#[1c2]">&gt;&gt;</a>&nbsp;&nbsp;&nbsp;nrf_ringbuf_cpy_get
<LI><a href="#[24b]">&gt;&gt;</a>&nbsp;&nbsp;&nbsp;nrf_queue_push
<LI><a href="#[1aa]">&gt;&gt;</a>&nbsp;&nbsp;&nbsp;nrf_queue_generic_pop
</UL>

<P><STRONG><a name="[1b9]"></a>__aeabi_memcpy4</STRONG> (Thumb, 0 bytes, Stack size 8 bytes, memmovea.o(.text))
<BR><BR>[Stack]<UL><LI>Max Depth = 8<LI>Call Chain = __aeabi_memcpy4
</UL>
<BR>[Called By]<UL><LI><a href="#[1bf]">&gt;&gt;</a>&nbsp;&nbsp;&nbsp;nrf_drv_uart_init
<LI><a href="#[1fb]">&gt;&gt;</a>&nbsp;&nbsp;&nbsp;init_cli
<LI><a href="#[1b4]">&gt;&gt;</a>&nbsp;&nbsp;&nbsp;cli_tab_handle
<LI><a href="#[24e]">&gt;&gt;</a>&nbsp;&nbsp;&nbsp;uart_init
<LI><a href="#[a5]">&gt;&gt;</a>&nbsp;&nbsp;&nbsp;cli_uart_init
</UL>

<P><STRONG><a name="[192]"></a>__aeabi_memmove</STRONG> (Thumb, 0 bytes, Stack size 8 bytes, memmovea.o(.text))
<BR><BR>[Stack]<UL><LI>Max Depth = 8<LI>Call Chain = __aeabi_memmove
</UL>
<BR>[Called By]<UL><LI><a href="#[1a6]">&gt;&gt;</a>&nbsp;&nbsp;&nbsp;make_argv
<LI><a href="#[1bd]">&gt;&gt;</a>&nbsp;&nbsp;&nbsp;completion_insert
<LI><a href="#[1a3]">&gt;&gt;</a>&nbsp;&nbsp;&nbsp;cmd_trim
<LI><a href="#[19b]">&gt;&gt;</a>&nbsp;&nbsp;&nbsp;char_insert
<LI><a href="#[19a]">&gt;&gt;</a>&nbsp;&nbsp;&nbsp;char_delete
<LI><a href="#[191]">&gt;&gt;</a>&nbsp;&nbsp;&nbsp;char_backspace
</UL>

<P><STRONG><a name="[2bb]"></a>__aeabi_memmove4</STRONG> (Thumb, 0 bytes, Stack size 8 bytes, memmovea.o(.text), UNUSED)

<P><STRONG><a name="[2bc]"></a>__aeabi_memmove8</STRONG> (Thumb, 0 bytes, Stack size 8 bytes, memmovea.o(.text), UNUSED)

<P><STRONG><a name="[c7]"></a>__aeabi_memset</STRONG> (Thumb, 14 bytes, Stack size 0 bytes, memseta.o(.text))
<BR><BR>[Called By]<UL><LI><a href="#[c8]">&gt;&gt;</a>&nbsp;&nbsp;&nbsp;_memset$wrapper
<LI><a href="#[c6]">&gt;&gt;</a>&nbsp;&nbsp;&nbsp;__aeabi_memclr
</UL>

<P><STRONG><a name="[2bd]"></a>__aeabi_memset4</STRONG> (Thumb, 0 bytes, Stack size 0 bytes, memseta.o(.text), UNUSED)

<P><STRONG><a name="[2be]"></a>__aeabi_memset8</STRONG> (Thumb, 0 bytes, Stack size 0 bytes, memseta.o(.text), UNUSED)

<P><STRONG><a name="[c6]"></a>__aeabi_memclr</STRONG> (Thumb, 4 bytes, Stack size 0 bytes, memseta.o(.text))
<BR><BR>[Calls]<UL><LI><a href="#[c7]">&gt;&gt;</a>&nbsp;&nbsp;&nbsp;__aeabi_memset
</UL>
<BR>[Called By]<UL><LI><a href="#[e2]">&gt;&gt;</a>&nbsp;&nbsp;&nbsp;app_button_init
<LI><a href="#[1f1]">&gt;&gt;</a>&nbsp;&nbsp;&nbsp;hid_mouse_clear_buffer
<LI><a href="#[1e7]">&gt;&gt;</a>&nbsp;&nbsp;&nbsp;hid_kbd_clear_buffer
</UL>

<P><STRONG><a name="[167]"></a>__aeabi_memclr4</STRONG> (Thumb, 0 bytes, Stack size 0 bytes, memseta.o(.text))
<BR><BR>[Called By]<UL><LI><a href="#[1e7]">&gt;&gt;</a>&nbsp;&nbsp;&nbsp;hid_kbd_clear_buffer
<LI><a href="#[165]">&gt;&gt;</a>&nbsp;&nbsp;&nbsp;app_usbd_init
<LI><a href="#[22a]">&gt;&gt;</a>&nbsp;&nbsp;&nbsp;nrf_cli_instance_init
<LI><a href="#[1ca]">&gt;&gt;</a>&nbsp;&nbsp;&nbsp;cursor_position_get
<LI><a href="#[24d]">&gt;&gt;</a>&nbsp;&nbsp;&nbsp;nrf_log_backend_serial_put
</UL>

<P><STRONG><a name="[2bf]"></a>__aeabi_memclr8</STRONG> (Thumb, 0 bytes, Stack size 0 bytes, memseta.o(.text), UNUSED)

<P><STRONG><a name="[c8]"></a>_memset$wrapper</STRONG> (Thumb, 18 bytes, Stack size 8 bytes, memseta.o(.text), UNUSED)
<BR><BR>[Calls]<UL><LI><a href="#[c7]">&gt;&gt;</a>&nbsp;&nbsp;&nbsp;__aeabi_memset
</UL>

<P><STRONG><a name="[1b8]"></a>strlen</STRONG> (Thumb, 14 bytes, Stack size 0 bytes, strlen.o(.text))
<BR><BR>[Called By]<UL><LI><a href="#[1b7]">&gt;&gt;</a>&nbsp;&nbsp;&nbsp;cli_strlen
<LI><a href="#[228]">&gt;&gt;</a>&nbsp;&nbsp;&nbsp;nrf_fprintf_fmt
</UL>

<P><STRONG><a name="[1a7]"></a>strcmp</STRONG> (Thumb, 28 bytes, Stack size 8 bytes, strcmp.o(.text))
<BR><BR>[Stack]<UL><LI>Max Depth = 8<LI>Call Chain = strcmp
</UL>
<BR>[Called By]<UL><LI><a href="#[4f]">&gt;&gt;</a>&nbsp;&nbsp;&nbsp;string_cmp
<LI><a href="#[1a4]">&gt;&gt;</a>&nbsp;&nbsp;&nbsp;history_save
<LI><a href="#[1a8]">&gt;&gt;</a>&nbsp;&nbsp;&nbsp;cmd_get
<LI><a href="#[1b4]">&gt;&gt;</a>&nbsp;&nbsp;&nbsp;cli_tab_handle
<LI><a href="#[1a2]">&gt;&gt;</a>&nbsp;&nbsp;&nbsp;cli_execute
<LI><a href="#[205]">&gt;&gt;</a>&nbsp;&nbsp;&nbsp;nrf_cli_backend_cmd_execute
</UL>

<P><STRONG><a name="[1ee]"></a>memcmp</STRONG> (Thumb, 26 bytes, Stack size 12 bytes, memcmp.o(.text))
<BR><BR>[Stack]<UL><LI>Max Depth = 12<LI>Call Chain = memcmp
</UL>
<BR>[Called By]<UL><LI><a href="#[1ec]">&gt;&gt;</a>&nbsp;&nbsp;&nbsp;hid_kbd_transfer_next
</UL>

<P><STRONG><a name="[1f4]"></a>strcpy</STRONG> (Thumb, 18 bytes, Stack size 0 bytes, strcpy.o(.text))
<BR><BR>[Called By]<UL><LI><a href="#[1b5]">&gt;&gt;</a>&nbsp;&nbsp;&nbsp;history_handle
</UL>

<P><STRONG><a name="[203]"></a>strncmp</STRONG> (Thumb, 30 bytes, Stack size 12 bytes, strncmp.o(.text))
<BR><BR>[Stack]<UL><LI>Max Depth = 12<LI>Call Chain = strncmp
</UL>
<BR>[Called By]<UL><LI><a href="#[20d]">&gt;&gt;</a>&nbsp;&nbsp;&nbsp;nrf_log_init
<LI><a href="#[1ba]">&gt;&gt;</a>&nbsp;&nbsp;&nbsp;is_completion_candidate
<LI><a href="#[49]">&gt;&gt;</a>&nbsp;&nbsp;&nbsp;log_ctrl
</UL>

<P><STRONG><a name="[c9]"></a>__0sscanf</STRONG> (Thumb, 48 bytes, Stack size 72 bytes, __0sscanf.o(.text))
<BR><BR>[Stack]<UL><LI>Max Depth = 216<LI>Call Chain = __0sscanf &rArr; __vfscanf_char &rArr; __vfscanf &rArr; _scanf_int
</UL>
<BR>[Calls]<UL><LI><a href="#[ca]">&gt;&gt;</a>&nbsp;&nbsp;&nbsp;__vfscanf_char
</UL>
<BR>[Called By]<UL><LI><a href="#[5f]">&gt;&gt;</a>&nbsp;&nbsp;&nbsp;cmd_evt
<LI><a href="#[5e]">&gt;&gt;</a>&nbsp;&nbsp;&nbsp;cmd_btn
</UL>

<P><STRONG><a name="[cb]"></a>_scanf_int</STRONG> (Thumb, 332 bytes, Stack size 56 bytes, _scanf_int.o(.text))
<BR><BR>[Stack]<UL><LI>Max Depth = 56<LI>Call Chain = _scanf_int
</UL>
<BR>[Calls]<UL><LI><a href="#[cc]">&gt;&gt;</a>&nbsp;&nbsp;&nbsp;_chval
</UL>
<BR>[Called By]<UL><LI><a href="#[cd]">&gt;&gt;</a>&nbsp;&nbsp;&nbsp;__vfscanf
</UL>

<P><STRONG><a name="[c2]"></a>__aeabi_llsr</STRONG> (Thumb, 32 bytes, Stack size 0 bytes, llushr.o(.text))
<BR><BR>[Called By]<UL><LI><a href="#[c1]">&gt;&gt;</a>&nbsp;&nbsp;&nbsp;__aeabi_uldivmod
</UL>

<P><STRONG><a name="[2c0]"></a>_ll_ushift_r</STRONG> (Thumb, 0 bytes, Stack size 0 bytes, llushr.o(.text), UNUSED)

<P><STRONG><a name="[cc]"></a>_chval</STRONG> (Thumb, 28 bytes, Stack size 0 bytes, _chval.o(.text))
<BR><BR>[Called By]<UL><LI><a href="#[cb]">&gt;&gt;</a>&nbsp;&nbsp;&nbsp;_scanf_int
</UL>

<P><STRONG><a name="[ca]"></a>__vfscanf_char</STRONG> (Thumb, 20 bytes, Stack size 0 bytes, scanf_char.o(.text))
<BR><BR>[Stack]<UL><LI>Max Depth = 144<LI>Call Chain = __vfscanf_char &rArr; __vfscanf &rArr; _scanf_int
</UL>
<BR>[Calls]<UL><LI><a href="#[cd]">&gt;&gt;</a>&nbsp;&nbsp;&nbsp;__vfscanf
</UL>
<BR>[Called By]<UL><LI><a href="#[c9]">&gt;&gt;</a>&nbsp;&nbsp;&nbsp;__0sscanf
</UL>

<P><STRONG><a name="[3b]"></a>_sgetc</STRONG> (Thumb, 30 bytes, Stack size 0 bytes, _sgetc.o(.text))
<BR>[Address Reference Count : 1]<UL><LI> __0sscanf.o(.text)
</UL>
<P><STRONG><a name="[3c]"></a>_sbackspace</STRONG> (Thumb, 34 bytes, Stack size 0 bytes, _sgetc.o(.text))
<BR>[Address Reference Count : 1]<UL><LI> __0sscanf.o(.text)
</UL>
<P><STRONG><a name="[be]"></a>__scatterload</STRONG> (Thumb, 28 bytes, Stack size 0 bytes, init.o(.text))
<BR><BR>[Calls]<UL><LI><a href="#[ce]">&gt;&gt;</a>&nbsp;&nbsp;&nbsp;__main_after_scatterload
</UL>
<BR>[Called By]<UL><LI><a href="#[bd]">&gt;&gt;</a>&nbsp;&nbsp;&nbsp;_main_scatterload
</UL>

<P><STRONG><a name="[2c1]"></a>__scatterload_rt2</STRONG> (Thumb, 0 bytes, Stack size 0 bytes, init.o(.text), UNUSED)

<P><STRONG><a name="[cd]"></a>__vfscanf</STRONG> (Thumb, 808 bytes, Stack size 88 bytes, _scanf.o(.text))
<BR><BR>[Stack]<UL><LI>Max Depth = 144<LI>Call Chain = __vfscanf &rArr; _scanf_int
</UL>
<BR>[Calls]<UL><LI><a href="#[cb]">&gt;&gt;</a>&nbsp;&nbsp;&nbsp;_scanf_int
</UL>
<BR>[Called By]<UL><LI><a href="#[ca]">&gt;&gt;</a>&nbsp;&nbsp;&nbsp;__vfscanf_char
</UL>

<P><STRONG><a name="[2c2]"></a>__decompress</STRONG> (Thumb, 0 bytes, Stack size unknown bytes, __dczerorl2.o(.text), UNUSED)

<P><STRONG><a name="[2c3]"></a>__decompress1</STRONG> (Thumb, 86 bytes, Stack size unknown bytes, __dczerorl2.o(.text), UNUSED)

<P><STRONG><a name="[12]"></a>GPIOTE_IRQHandler</STRONG> (Thumb, 156 bytes, Stack size 32 bytes, nrfx_gpiote.o(i.GPIOTE_IRQHandler))
<BR><BR>[Stack]<UL><LI>Max Depth = 92<LI>Call Chain = GPIOTE_IRQHandler &rArr; port_event_handle &rArr; nrf_gpio_latches_read_and_clear
</UL>
<BR>[Calls]<UL><LI><a href="#[d2]">&gt;&gt;</a>&nbsp;&nbsp;&nbsp;port_event_handle
<LI><a href="#[cf]">&gt;&gt;</a>&nbsp;&nbsp;&nbsp;nrf_gpiote_event_is_set
<LI><a href="#[d0]">&gt;&gt;</a>&nbsp;&nbsp;&nbsp;nrf_gpiote_event_clear
<LI><a href="#[d1]">&gt;&gt;</a>&nbsp;&nbsp;&nbsp;nrf_gpio_latches_read_and_clear
</UL>
<BR>[Address Reference Count : 1]<UL><LI> arm_startup_nrf52840.o(RESET)
</UL>
<P><STRONG><a name="[38]"></a>HardFault_c_handler</STRONG> (Thumb, 234 bytes, Stack size 16 bytes, hardfault_implementation.o(i.HardFault_c_handler))
<BR><BR>[Stack]<UL><LI>Max Depth = 208<LI>Call Chain = HardFault_c_handler &rArr; nrf_log_frontend_std_4 &rArr; std_n &rArr; nrf_log_frontend_dequeue &rArr;  nrf_log_frontend_std_0 (Cycle)
</UL>
<BR>[Calls]<UL><LI><a href="#[d8]">&gt;&gt;</a>&nbsp;&nbsp;&nbsp;nrf_log_frontend_std_0
<LI><a href="#[d4]">&gt;&gt;</a>&nbsp;&nbsp;&nbsp;nrf_log_frontend_dequeue
<LI><a href="#[d3]">&gt;&gt;</a>&nbsp;&nbsp;&nbsp;nrf_log_panic
<LI><a href="#[d9]">&gt;&gt;</a>&nbsp;&nbsp;&nbsp;HardFault_process
<LI><a href="#[d6]">&gt;&gt;</a>&nbsp;&nbsp;&nbsp;nrf_log_frontend_std_4
<LI><a href="#[d7]">&gt;&gt;</a>&nbsp;&nbsp;&nbsp;nrf_log_frontend_std_3
<LI><a href="#[d5]">&gt;&gt;</a>&nbsp;&nbsp;&nbsp;nrf_log_frontend_std_1
</UL>
<BR>[Address Reference Count : 1]<UL><LI> hardfault_handler_keil.o(.emb_text)
</UL>
<P><STRONG><a name="[d9]"></a>HardFault_process</STRONG> (Thumb, 26 bytes, Stack size 0 bytes, hardfault_implementation.o(i.HardFault_process))
<BR><BR>[Called By]<UL><LI><a href="#[38]">&gt;&gt;</a>&nbsp;&nbsp;&nbsp;HardFault_c_handler
</UL>

<P><STRONG><a name="[c]"></a>POWER_CLOCK_IRQHandler</STRONG> (Thumb, 14 bytes, Stack size 8 bytes, nrfx_power.o(i.POWER_CLOCK_IRQHandler))
<BR><BR>[Stack]<UL><LI>Max Depth = 32<LI>Call Chain = POWER_CLOCK_IRQHandler &rArr; nrfx_power_irq_handler &rArr; nrf_power_event_get_and_clear
</UL>
<BR>[Calls]<UL><LI><a href="#[da]">&gt;&gt;</a>&nbsp;&nbsp;&nbsp;nrfx_power_irq_handler
<LI><a href="#[db]">&gt;&gt;</a>&nbsp;&nbsp;&nbsp;nrfx_clock_irq_handler
</UL>
<BR>[Address Reference Count : 1]<UL><LI> arm_startup_nrf52840.o(RESET)
</UL>
<P><STRONG><a name="[1d]"></a>RTC1_IRQHandler</STRONG> (Thumb, 12 bytes, Stack size 0 bytes, drv_rtc.o(i.RTC1_IRQHandler))
<BR>[Address Reference Count : 1]<UL><LI> arm_startup_nrf52840.o(RESET)
</UL>
<P><STRONG><a name="[39]"></a>SystemInit</STRONG> (Thumb, 420 bytes, Stack size 12 bytes, system_nrf52.o(i.SystemInit))
<BR><BR>[Stack]<UL><LI>Max Depth = 12<LI>Call Chain = SystemInit
</UL>
<BR>[Calls]<UL><LI><a href="#[dc]">&gt;&gt;</a>&nbsp;&nbsp;&nbsp;nvmc_config
</UL>
<BR>[Address Reference Count : 1]<UL><LI> arm_startup_nrf52840.o(.text)
</UL>
<P><STRONG><a name="[e]"></a>UARTE0_UART0_IRQHandler</STRONG> (Thumb, 6 bytes, Stack size 0 bytes, nrfx_prs.o(i.UARTE0_UART0_IRQHandler))
<BR>[Address Reference Count : 1]<UL><LI> arm_startup_nrf52840.o(RESET)
</UL>
<P><STRONG><a name="[31]"></a>USBD_IRQHandler</STRONG> (Thumb, 112 bytes, Stack size 24 bytes, nrfx_usbd.o(i.USBD_IRQHandler))
<BR><BR>[Stack]<UL><LI>Max Depth = 104<LI>Call Chain = USBD_IRQHandler &rArr; usbd_dmareq_process &rArr; nrfx_atomic_u32_fetch_and
</UL>
<BR>[Calls]<UL><LI><a href="#[de]">&gt;&gt;</a>&nbsp;&nbsp;&nbsp;usbd_dmareq_process
<LI><a href="#[dd]">&gt;&gt;</a>&nbsp;&nbsp;&nbsp;nrf_usbd_event_get_and_clear
<LI><a href="#[79]">&gt;&gt;</a>&nbsp;&nbsp;&nbsp;ev_setup_handler
</UL>
<BR>[Address Reference Count : 1]<UL><LI> arm_startup_nrf52840.o(RESET)
</UL>
<P><STRONG><a name="[2c4]"></a>__scatterload_copy</STRONG> (Thumb, 14 bytes, Stack size unknown bytes, handlers.o(i.__scatterload_copy), UNUSED)

<P><STRONG><a name="[2c5]"></a>__scatterload_null</STRONG> (Thumb, 2 bytes, Stack size unknown bytes, handlers.o(i.__scatterload_null), UNUSED)

<P><STRONG><a name="[2c6]"></a>__scatterload_zeroinit</STRONG> (Thumb, 14 bytes, Stack size unknown bytes, handlers.o(i.__scatterload_zeroinit), UNUSED)

<P><STRONG><a name="[e0]"></a>app_button_enable</STRONG> (Thumb, 32 bytes, Stack size 16 bytes, app_button.o(i.app_button_enable))
<BR><BR>[Stack]<UL><LI>Max Depth = 56<LI>Call Chain = app_button_enable &rArr; nrfx_gpiote_in_event_enable &rArr; nrf_gpio_cfg_sense_set
</UL>
<BR>[Calls]<UL><LI><a href="#[e1]">&gt;&gt;</a>&nbsp;&nbsp;&nbsp;nrfx_gpiote_in_event_enable
</UL>
<BR>[Called By]<UL><LI><a href="#[189]">&gt;&gt;</a>&nbsp;&nbsp;&nbsp;bsp_init
</UL>

<P><STRONG><a name="[e2]"></a>app_button_init</STRONG> (Thumb, 106 bytes, Stack size 24 bytes, app_button.o(i.app_button_init))
<BR><BR>[Stack]<UL><LI>Max Depth = 96<LI>Call Chain = app_button_init &rArr; nrfx_gpiote_in_init &rArr; nrf_gpio_cfg
</UL>
<BR>[Calls]<UL><LI><a href="#[e3]">&gt;&gt;</a>&nbsp;&nbsp;&nbsp;nrfx_gpiote_is_init
<LI><a href="#[e4]">&gt;&gt;</a>&nbsp;&nbsp;&nbsp;nrfx_gpiote_init
<LI><a href="#[e5]">&gt;&gt;</a>&nbsp;&nbsp;&nbsp;nrfx_gpiote_in_init
<LI><a href="#[e6]">&gt;&gt;</a>&nbsp;&nbsp;&nbsp;app_timer_create
<LI><a href="#[c6]">&gt;&gt;</a>&nbsp;&nbsp;&nbsp;__aeabi_memclr
</UL>
<BR>[Called By]<UL><LI><a href="#[189]">&gt;&gt;</a>&nbsp;&nbsp;&nbsp;bsp_init
</UL>

<P><STRONG><a name="[e7]"></a>app_error_fault_handler</STRONG> (Thumb, 98 bytes, Stack size 0 bytes, app_error_weak.o(i.app_error_fault_handler))
<BR><BR>[Stack]<UL><LI>Max Depth = 160<LI>Call Chain = app_error_fault_handler &rArr; nrf_log_frontend_std_0 &rArr; std_n &rArr; nrf_log_frontend_dequeue &rArr;  nrf_log_frontend_std_0 (Cycle)
</UL>
<BR>[Calls]<UL><LI><a href="#[d8]">&gt;&gt;</a>&nbsp;&nbsp;&nbsp;nrf_log_frontend_std_0
<LI><a href="#[d4]">&gt;&gt;</a>&nbsp;&nbsp;&nbsp;nrf_log_frontend_dequeue
<LI><a href="#[d3]">&gt;&gt;</a>&nbsp;&nbsp;&nbsp;nrf_log_panic
</UL>
<BR>[Called By]<UL><LI><a href="#[e8]">&gt;&gt;</a>&nbsp;&nbsp;&nbsp;app_error_handler_bare
</UL>

<P><STRONG><a name="[e8]"></a>app_error_handler_bare</STRONG> (Thumb, 22 bytes, Stack size 16 bytes, app_error.o(i.app_error_handler_bare))
<BR><BR>[Stack]<UL><LI>Max Depth = 176<LI>Call Chain = app_error_handler_bare &rArr; app_error_fault_handler &rArr; nrf_log_frontend_std_0 &rArr; std_n &rArr; nrf_log_frontend_dequeue &rArr;  nrf_log_frontend_std_0 (Cycle)
</UL>
<BR>[Calls]<UL><LI><a href="#[e7]">&gt;&gt;</a>&nbsp;&nbsp;&nbsp;app_error_fault_handler
</UL>
<BR>[Called By]<UL><LI><a href="#[16a]">&gt;&gt;</a>&nbsp;&nbsp;&nbsp;app_usbd_power_events_enable
<LI><a href="#[165]">&gt;&gt;</a>&nbsp;&nbsp;&nbsp;app_usbd_init
<LI><a href="#[37]">&gt;&gt;</a>&nbsp;&nbsp;&nbsp;main
<LI><a href="#[1fb]">&gt;&gt;</a>&nbsp;&nbsp;&nbsp;init_cli
<LI><a href="#[1fa]">&gt;&gt;</a>&nbsp;&nbsp;&nbsp;init_bsp
<LI><a href="#[24e]">&gt;&gt;</a>&nbsp;&nbsp;&nbsp;uart_init
<LI><a href="#[53]">&gt;&gt;</a>&nbsp;&nbsp;&nbsp;serial_tx
</UL>

<P><STRONG><a name="[e9]"></a>app_timer_cnt_get</STRONG> (Thumb, 6 bytes, Stack size 0 bytes, app_timer2.o(i.app_timer_cnt_get))
<BR><BR>[Calls]<UL><LI><a href="#[ea]">&gt;&gt;</a>&nbsp;&nbsp;&nbsp;drv_rtc_counter_get
</UL>
<BR>[Called By]<UL><LI><a href="#[289]">&gt;&gt;</a>&nbsp;&nbsp;&nbsp;rtc_schedule
</UL>

<P><STRONG><a name="[e6]"></a>app_timer_create</STRONG> (Thumb, 32 bytes, Stack size 8 bytes, app_timer2.o(i.app_timer_create))
<BR><BR>[Stack]<UL><LI>Max Depth = 8<LI>Call Chain = app_timer_create
</UL>
<BR>[Called By]<UL><LI><a href="#[e2]">&gt;&gt;</a>&nbsp;&nbsp;&nbsp;app_button_init
<LI><a href="#[189]">&gt;&gt;</a>&nbsp;&nbsp;&nbsp;bsp_init
<LI><a href="#[37]">&gt;&gt;</a>&nbsp;&nbsp;&nbsp;main
<LI><a href="#[a7]">&gt;&gt;</a>&nbsp;&nbsp;&nbsp;cli_uart_enable
</UL>

<P><STRONG><a name="[eb]"></a>app_timer_init</STRONG> (Thumb, 70 bytes, Stack size 16 bytes, app_timer2.o(i.app_timer_init))
<BR><BR>[Stack]<UL><LI>Max Depth = 192<LI>Call Chain = app_timer_init &rArr; drv_rtc_init &rArr; nrf_log_frontend_std_0 &rArr; std_n &rArr; nrf_log_frontend_dequeue &rArr;  nrf_log_frontend_std_0 (Cycle)
</UL>
<BR>[Calls]<UL><LI><a href="#[ec]">&gt;&gt;</a>&nbsp;&nbsp;&nbsp;nrf_atfifo_init
<LI><a href="#[ee]">&gt;&gt;</a>&nbsp;&nbsp;&nbsp;drv_rtc_overflow_enable
<LI><a href="#[ed]">&gt;&gt;</a>&nbsp;&nbsp;&nbsp;drv_rtc_init
<LI><a href="#[ef]">&gt;&gt;</a>&nbsp;&nbsp;&nbsp;drv_rtc_compare_set
</UL>
<BR>[Called By]<UL><LI><a href="#[37]">&gt;&gt;</a>&nbsp;&nbsp;&nbsp;main
</UL>

<P><STRONG><a name="[f0]"></a>app_timer_start</STRONG> (Thumb, 76 bytes, Stack size 16 bytes, app_timer2.o(i.app_timer_start))
<BR><BR>[Stack]<UL><LI>Max Depth = 56<LI>Call Chain = app_timer_start &rArr; timer_req_schedule &rArr; nrf_atfifo_item_alloc
</UL>
<BR>[Calls]<UL><LI><a href="#[f2]">&gt;&gt;</a>&nbsp;&nbsp;&nbsp;app_util_critical_region_exit
<LI><a href="#[f1]">&gt;&gt;</a>&nbsp;&nbsp;&nbsp;app_util_critical_region_enter
<LI><a href="#[f4]">&gt;&gt;</a>&nbsp;&nbsp;&nbsp;timer_req_schedule
<LI><a href="#[f3]">&gt;&gt;</a>&nbsp;&nbsp;&nbsp;get_now
</UL>
<BR>[Called By]<UL><LI><a href="#[18b]">&gt;&gt;</a>&nbsp;&nbsp;&nbsp;bsp_led_indication
<LI><a href="#[5d]">&gt;&gt;</a>&nbsp;&nbsp;&nbsp;bsp_button_event_handler
<LI><a href="#[48]">&gt;&gt;</a>&nbsp;&nbsp;&nbsp;bsp_event_callback
<LI><a href="#[1cd]">&gt;&gt;</a>&nbsp;&nbsp;&nbsp;timer_start
<LI><a href="#[1c0]">&gt;&gt;</a>&nbsp;&nbsp;&nbsp;rx_try
</UL>

<P><STRONG><a name="[f5]"></a>app_timer_stop</STRONG> (Thumb, 58 bytes, Stack size 8 bytes, app_timer2.o(i.app_timer_stop))
<BR><BR>[Stack]<UL><LI>Max Depth = 48<LI>Call Chain = app_timer_stop &rArr; timer_req_schedule &rArr; nrf_atfifo_item_alloc
</UL>
<BR>[Calls]<UL><LI><a href="#[f2]">&gt;&gt;</a>&nbsp;&nbsp;&nbsp;app_util_critical_region_exit
<LI><a href="#[f1]">&gt;&gt;</a>&nbsp;&nbsp;&nbsp;app_util_critical_region_enter
<LI><a href="#[f4]">&gt;&gt;</a>&nbsp;&nbsp;&nbsp;timer_req_schedule
</UL>
<BR>[Called By]<UL><LI><a href="#[18b]">&gt;&gt;</a>&nbsp;&nbsp;&nbsp;bsp_led_indication
<LI><a href="#[5d]">&gt;&gt;</a>&nbsp;&nbsp;&nbsp;bsp_button_event_handler
<LI><a href="#[48]">&gt;&gt;</a>&nbsp;&nbsp;&nbsp;bsp_event_callback
<LI><a href="#[a6]">&gt;&gt;</a>&nbsp;&nbsp;&nbsp;cli_uart_uninit
<LI><a href="#[a7]">&gt;&gt;</a>&nbsp;&nbsp;&nbsp;cli_uart_enable
</UL>

<P><STRONG><a name="[f6]"></a>app_usbd_all_call</STRONG> (Thumb, 28 bytes, Stack size 16 bytes, app_usbd.o(i.app_usbd_all_call))
<BR><BR>[Stack]<UL><LI>Max Depth = 16<LI>Call Chain = app_usbd_all_call
</UL>
<BR>[Calls]<UL><LI><a href="#[f7]">&gt;&gt;</a>&nbsp;&nbsp;&nbsp;class_event_handler
</UL>
<BR>[Called By]<UL><LI><a href="#[12c]">&gt;&gt;</a>&nbsp;&nbsp;&nbsp;app_usbd_event_execute
</UL>

<P><STRONG><a name="[f8]"></a>app_usbd_all_iface_deselect</STRONG> (Thumb, 40 bytes, Stack size 16 bytes, app_usbd.o(i.app_usbd_all_iface_deselect))
<BR><BR>[Stack]<UL><LI>Max Depth = 80<LI>Call Chain = app_usbd_all_iface_deselect &rArr; app_usbd_iface_deselect &rArr; nrfx_usbd_ep_disable &rArr; usbd_ep_abort &rArr; nrfx_usbd_transfer_out_drop
</UL>
<BR>[Calls]<UL><LI><a href="#[f9]">&gt;&gt;</a>&nbsp;&nbsp;&nbsp;app_usbd_iface_deselect
</UL>
<BR>[Called By]<UL><LI><a href="#[110]">&gt;&gt;</a>&nbsp;&nbsp;&nbsp;setup_device_req_std_handler
<LI><a href="#[12c]">&gt;&gt;</a>&nbsp;&nbsp;&nbsp;app_usbd_event_execute
</UL>

<P><STRONG><a name="[fa]"></a>app_usbd_all_iface_select_0</STRONG> (Thumb, 42 bytes, Stack size 16 bytes, app_usbd.o(i.app_usbd_all_iface_select_0))
<BR><BR>[Stack]<UL><LI>Max Depth = 64<LI>Call Chain = app_usbd_all_iface_select_0 &rArr; app_usbd_iface_select &rArr; app_usbd_ep_enable &rArr; nrfx_usbd_ep_enable &rArr; nrfx_usbd_transfer_out_drop
</UL>
<BR>[Calls]<UL><LI><a href="#[fb]">&gt;&gt;</a>&nbsp;&nbsp;&nbsp;app_usbd_iface_select
</UL>
<BR>[Called By]<UL><LI><a href="#[110]">&gt;&gt;</a>&nbsp;&nbsp;&nbsp;setup_device_req_std_handler
</UL>

<P><STRONG><a name="[fc]"></a>app_usbd_all_until_served_call</STRONG> (Thumb, 34 bytes, Stack size 16 bytes, app_usbd.o(i.app_usbd_all_until_served_call))
<BR><BR>[Stack]<UL><LI>Max Depth = 16<LI>Call Chain = app_usbd_all_until_served_call
</UL>
<BR>[Calls]<UL><LI><a href="#[f7]">&gt;&gt;</a>&nbsp;&nbsp;&nbsp;class_event_handler
</UL>
<BR>[Called By]<UL><LI><a href="#[108]">&gt;&gt;</a>&nbsp;&nbsp;&nbsp;app_usbd_core_setup_req_handler
</UL>

<P><STRONG><a name="[fd]"></a>app_usbd_class_append</STRONG> (Thumb, 136 bytes, Stack size 24 bytes, app_usbd.o(i.app_usbd_class_append))
<BR><BR>[Stack]<UL><LI>Max Depth = 32<LI>Call Chain = app_usbd_class_append &rArr; app_usbd_ep_instance_set
</UL>
<BR>[Calls]<UL><LI><a href="#[101]">&gt;&gt;</a>&nbsp;&nbsp;&nbsp;app_usbd_ep_instance_set
<LI><a href="#[fe]">&gt;&gt;</a>&nbsp;&nbsp;&nbsp;app_usbd_ep_instance_get
<LI><a href="#[100]">&gt;&gt;</a>&nbsp;&nbsp;&nbsp;app_usbd_class_iface_get
<LI><a href="#[ff]">&gt;&gt;</a>&nbsp;&nbsp;&nbsp;app_usbd_class_iface_ep_get
</UL>
<BR>[Called By]<UL><LI><a href="#[37]">&gt;&gt;</a>&nbsp;&nbsp;&nbsp;main
</UL>

<P><STRONG><a name="[296]"></a>app_usbd_class_descriptor_find</STRONG> (Thumb, 192 bytes, Stack size 64 bytes, app_usbd.o(i.app_usbd_class_descriptor_find))
<BR><BR>[Stack]<UL><LI>Max Depth = 64<LI>Call Chain = app_usbd_class_descriptor_find
</UL>
<BR>[Called By]<UL><LI><a href="#[293]">&gt;&gt;</a>&nbsp;&nbsp;&nbsp;setup_req_std_in
</UL>

<P><STRONG><a name="[291]"></a>app_usbd_class_first_get</STRONG> (Thumb, 6 bytes, Stack size 0 bytes, app_usbd.o(i.app_usbd_class_first_get))
<BR><BR>[Called By]<UL><LI><a href="#[290]">&gt;&gt;</a>&nbsp;&nbsp;&nbsp;setup_device_req_get_descriptor
</UL>

<P><STRONG><a name="[292]"></a>app_usbd_class_rwu_enabled_check</STRONG> (Thumb, 12 bytes, Stack size 0 bytes, app_usbd.o(i.app_usbd_class_rwu_enabled_check))
<BR><BR>[Called By]<UL><LI><a href="#[110]">&gt;&gt;</a>&nbsp;&nbsp;&nbsp;setup_device_req_std_handler
<LI><a href="#[290]">&gt;&gt;</a>&nbsp;&nbsp;&nbsp;setup_device_req_get_descriptor
</UL>

<P><STRONG><a name="[14f]"></a>app_usbd_class_rwu_register</STRONG> (Thumb, 12 bytes, Stack size 0 bytes, app_usbd.o(i.app_usbd_class_rwu_register))
<BR><BR>[Called By]<UL><LI><a href="#[148]">&gt;&gt;</a>&nbsp;&nbsp;&nbsp;app_usbd_hid_event_handler
</UL>

<P><STRONG><a name="[152]"></a>app_usbd_class_rwu_unregister</STRONG> (Thumb, 12 bytes, Stack size 0 bytes, app_usbd.o(i.app_usbd_class_rwu_unregister))
<BR><BR>[Called By]<UL><LI><a href="#[148]">&gt;&gt;</a>&nbsp;&nbsp;&nbsp;app_usbd_hid_event_handler
</UL>

<P><STRONG><a name="[14e]"></a>app_usbd_class_sof_register</STRONG> (Thumb, 36 bytes, Stack size 0 bytes, app_usbd.o(i.app_usbd_class_sof_register))
<BR><BR>[Called By]<UL><LI><a href="#[148]">&gt;&gt;</a>&nbsp;&nbsp;&nbsp;app_usbd_hid_event_handler
</UL>

<P><STRONG><a name="[151]"></a>app_usbd_class_sof_unregister</STRONG> (Thumb, 38 bytes, Stack size 0 bytes, app_usbd.o(i.app_usbd_class_sof_unregister))
<BR><BR>[Called By]<UL><LI><a href="#[148]">&gt;&gt;</a>&nbsp;&nbsp;&nbsp;app_usbd_hid_event_handler
</UL>

<P><STRONG><a name="[102]"></a>app_usbd_core_ep0_disable</STRONG> (Thumb, 18 bytes, Stack size 8 bytes, app_usbd_core.o(i.app_usbd_core_ep0_disable))
<BR><BR>[Stack]<UL><LI>Max Depth = 56<LI>Call Chain = app_usbd_core_ep0_disable &rArr; app_usbd_ep_disable &rArr; nrfx_usbd_ep_disable &rArr; usbd_ep_abort &rArr; nrfx_usbd_transfer_out_drop
</UL>
<BR>[Calls]<UL><LI><a href="#[103]">&gt;&gt;</a>&nbsp;&nbsp;&nbsp;app_usbd_ep_disable
</UL>
<BR>[Called By]<UL><LI><a href="#[12c]">&gt;&gt;</a>&nbsp;&nbsp;&nbsp;app_usbd_event_execute
</UL>

<P><STRONG><a name="[104]"></a>app_usbd_core_ep0_enable</STRONG> (Thumb, 18 bytes, Stack size 8 bytes, app_usbd_core.o(i.app_usbd_core_ep0_enable))
<BR><BR>[Stack]<UL><LI>Max Depth = 40<LI>Call Chain = app_usbd_core_ep0_enable &rArr; app_usbd_ep_enable &rArr; nrfx_usbd_ep_enable &rArr; nrfx_usbd_transfer_out_drop
</UL>
<BR>[Calls]<UL><LI><a href="#[105]">&gt;&gt;</a>&nbsp;&nbsp;&nbsp;app_usbd_ep_enable
</UL>
<BR>[Called By]<UL><LI><a href="#[12c]">&gt;&gt;</a>&nbsp;&nbsp;&nbsp;app_usbd_event_execute
</UL>

<P><STRONG><a name="[174]"></a>app_usbd_core_feature_state_get</STRONG> (Thumb, 12 bytes, Stack size 0 bytes, app_usbd_core.o(i.app_usbd_core_feature_state_get))
<BR><BR>[Called By]<UL><LI><a href="#[164]">&gt;&gt;</a>&nbsp;&nbsp;&nbsp;app_usbd_wakeup_req
</UL>

<P><STRONG><a name="[10d]"></a>app_usbd_core_setup_data_handler_set</STRONG> (Thumb, 32 bytes, Stack size 16 bytes, app_usbd_core.o(i.app_usbd_core_setup_data_handler_set))
<BR><BR>[Stack]<UL><LI>Max Depth = 16<LI>Call Chain = app_usbd_core_setup_data_handler_set
</UL>
<BR>[Calls]<UL><LI><a href="#[10e]">&gt;&gt;</a>&nbsp;&nbsp;&nbsp;nrfx_usbd_last_setup_dir_get
</UL>
<BR>[Called By]<UL><LI><a href="#[81]">&gt;&gt;</a>&nbsp;&nbsp;&nbsp;hid_kbd_on_set_report
<LI><a href="#[116]">&gt;&gt;</a>&nbsp;&nbsp;&nbsp;app_usbd_core_setup_rsp
<LI><a href="#[290]">&gt;&gt;</a>&nbsp;&nbsp;&nbsp;setup_device_req_get_descriptor
</UL>

<P><STRONG><a name="[116]"></a>app_usbd_core_setup_rsp</STRONG> (Thumb, 90 bytes, Stack size 32 bytes, app_usbd_core.o(i.app_usbd_core_setup_rsp))
<BR><BR>[Stack]<UL><LI>Max Depth = 80<LI>Call Chain = app_usbd_core_setup_rsp &rArr; app_usbd_ep_transfer &rArr; nrfx_usbd_ep_transfer
</UL>
<BR>[Calls]<UL><LI><a href="#[f2]">&gt;&gt;</a>&nbsp;&nbsp;&nbsp;app_util_critical_region_exit
<LI><a href="#[f1]">&gt;&gt;</a>&nbsp;&nbsp;&nbsp;app_util_critical_region_enter
<LI><a href="#[117]">&gt;&gt;</a>&nbsp;&nbsp;&nbsp;nrfx_usbd_ep_max_packet_size_get
<LI><a href="#[10d]">&gt;&gt;</a>&nbsp;&nbsp;&nbsp;app_usbd_core_setup_data_handler_set
<LI><a href="#[118]">&gt;&gt;</a>&nbsp;&nbsp;&nbsp;app_usbd_ep_transfer
</UL>
<BR>[Called By]<UL><LI><a href="#[8a]">&gt;&gt;</a>&nbsp;&nbsp;&nbsp;hid_mouse_on_get_report
<LI><a href="#[80]">&gt;&gt;</a>&nbsp;&nbsp;&nbsp;hid_kbd_on_get_report
<LI><a href="#[293]">&gt;&gt;</a>&nbsp;&nbsp;&nbsp;setup_req_std_in
<LI><a href="#[14c]">&gt;&gt;</a>&nbsp;&nbsp;&nbsp;setup_event_handler
<LI><a href="#[113]">&gt;&gt;</a>&nbsp;&nbsp;&nbsp;setup_interface_req_std_handle
<LI><a href="#[115]">&gt;&gt;</a>&nbsp;&nbsp;&nbsp;setup_endpoint_req_std
<LI><a href="#[110]">&gt;&gt;</a>&nbsp;&nbsp;&nbsp;setup_device_req_std_handler
<LI><a href="#[290]">&gt;&gt;</a>&nbsp;&nbsp;&nbsp;setup_device_req_get_descriptor
</UL>

<P><STRONG><a name="[16f]"></a>app_usbd_core_setup_transfer_buff_get</STRONG> (Thumb, 10 bytes, Stack size 0 bytes, app_usbd_core.o(i.app_usbd_core_setup_transfer_buff_get))
<BR><BR>[Called By]<UL><LI><a href="#[16e]">&gt;&gt;</a>&nbsp;&nbsp;&nbsp;app_usbd_prepare_string
<LI><a href="#[293]">&gt;&gt;</a>&nbsp;&nbsp;&nbsp;setup_req_std_in
<LI><a href="#[113]">&gt;&gt;</a>&nbsp;&nbsp;&nbsp;setup_interface_req_std_handle
<LI><a href="#[115]">&gt;&gt;</a>&nbsp;&nbsp;&nbsp;setup_endpoint_req_std
<LI><a href="#[110]">&gt;&gt;</a>&nbsp;&nbsp;&nbsp;setup_device_req_std_handler
<LI><a href="#[290]">&gt;&gt;</a>&nbsp;&nbsp;&nbsp;setup_device_req_get_descriptor
</UL>

<P><STRONG><a name="[119]"></a>app_usbd_disable</STRONG> (Thumb, 4 bytes, Stack size 0 bytes, app_usbd.o(i.app_usbd_disable))
<BR><BR>[Stack]<UL><LI>Max Depth = 88<LI>Call Chain = app_usbd_disable &rArr; nrfx_usbd_disable &rArr; nrfx_usbd_stop &rArr; usbd_ep_abort_all &rArr; usbd_ep_abort &rArr; nrfx_usbd_transfer_out_drop
</UL>
<BR>[Calls]<UL><LI><a href="#[11a]">&gt;&gt;</a>&nbsp;&nbsp;&nbsp;nrfx_usbd_disable
</UL>
<BR>[Called By]<UL><LI><a href="#[5c]">&gt;&gt;</a>&nbsp;&nbsp;&nbsp;usbd_user_ev_handler
</UL>

<P><STRONG><a name="[11b]"></a>app_usbd_enable</STRONG> (Thumb, 4 bytes, Stack size 0 bytes, app_usbd.o(i.app_usbd_enable))
<BR><BR>[Stack]<UL><LI>Max Depth = 40<LI>Call Chain = app_usbd_enable &rArr; nrfx_usbd_enable &rArr; usbd_enable &rArr; usbd_errata_187_211_end
</UL>
<BR>[Calls]<UL><LI><a href="#[11c]">&gt;&gt;</a>&nbsp;&nbsp;&nbsp;nrfx_usbd_enable
</UL>
<BR>[Called By]<UL><LI><a href="#[5c]">&gt;&gt;</a>&nbsp;&nbsp;&nbsp;usbd_user_ev_handler
</UL>

<P><STRONG><a name="[114]"></a>app_usbd_ep_call</STRONG> (Thumb, 38 bytes, Stack size 8 bytes, app_usbd.o(i.app_usbd_ep_call))
<BR><BR>[Stack]<UL><LI>Max Depth = 8<LI>Call Chain = app_usbd_ep_call
</UL>
<BR>[Calls]<UL><LI><a href="#[11d]">&gt;&gt;</a>&nbsp;&nbsp;&nbsp;app_usbd_ep_conf_access
</UL>
<BR>[Called By]<UL><LI><a href="#[108]">&gt;&gt;</a>&nbsp;&nbsp;&nbsp;app_usbd_core_setup_req_handler
</UL>

<P><STRONG><a name="[103]"></a>app_usbd_ep_disable</STRONG> (Thumb, 4 bytes, Stack size 0 bytes, app_usbd.o(i.app_usbd_ep_disable))
<BR><BR>[Stack]<UL><LI>Max Depth = 48<LI>Call Chain = app_usbd_ep_disable &rArr; nrfx_usbd_ep_disable &rArr; usbd_ep_abort &rArr; nrfx_usbd_transfer_out_drop
</UL>
<BR>[Calls]<UL><LI><a href="#[11e]">&gt;&gt;</a>&nbsp;&nbsp;&nbsp;nrfx_usbd_ep_disable
</UL>
<BR>[Called By]<UL><LI><a href="#[102]">&gt;&gt;</a>&nbsp;&nbsp;&nbsp;app_usbd_core_ep0_disable
</UL>

<P><STRONG><a name="[105]"></a>app_usbd_ep_enable</STRONG> (Thumb, 34 bytes, Stack size 8 bytes, app_usbd.o(i.app_usbd_ep_enable))
<BR><BR>[Stack]<UL><LI>Max Depth = 32<LI>Call Chain = app_usbd_ep_enable &rArr; nrfx_usbd_ep_enable &rArr; nrfx_usbd_transfer_out_drop
</UL>
<BR>[Calls]<UL><LI><a href="#[120]">&gt;&gt;</a>&nbsp;&nbsp;&nbsp;nrfx_usbd_ep_stall_clear
<LI><a href="#[121]">&gt;&gt;</a>&nbsp;&nbsp;&nbsp;nrfx_usbd_ep_enable
<LI><a href="#[11f]">&gt;&gt;</a>&nbsp;&nbsp;&nbsp;nrfx_usbd_ep_dtoggle_clear
</UL>
<BR>[Called By]<UL><LI><a href="#[104]">&gt;&gt;</a>&nbsp;&nbsp;&nbsp;app_usbd_core_ep0_enable
<LI><a href="#[fb]">&gt;&gt;</a>&nbsp;&nbsp;&nbsp;app_usbd_iface_select
</UL>

<P><STRONG><a name="[122]"></a>app_usbd_ep_handled_transfer</STRONG> (Thumb, 36 bytes, Stack size 16 bytes, app_usbd.o(i.app_usbd_ep_handled_transfer))
<BR><BR>[Stack]<UL><LI>Max Depth = 40<LI>Call Chain = app_usbd_ep_handled_transfer &rArr; nrfx_usbd_ep_handled_transfer
</UL>
<BR>[Calls]<UL><LI><a href="#[124]">&gt;&gt;</a>&nbsp;&nbsp;&nbsp;nrfx_usbd_ep_handled_transfer
<LI><a href="#[123]">&gt;&gt;</a>&nbsp;&nbsp;&nbsp;nrfx_usbd_ep_enable_check
</UL>
<BR>[Called By]<UL><LI><a href="#[290]">&gt;&gt;</a>&nbsp;&nbsp;&nbsp;setup_device_req_get_descriptor
</UL>

<P><STRONG><a name="[118]"></a>app_usbd_ep_transfer</STRONG> (Thumb, 36 bytes, Stack size 16 bytes, app_usbd.o(i.app_usbd_ep_transfer))
<BR><BR>[Stack]<UL><LI>Max Depth = 48<LI>Call Chain = app_usbd_ep_transfer &rArr; nrfx_usbd_ep_transfer
</UL>
<BR>[Calls]<UL><LI><a href="#[125]">&gt;&gt;</a>&nbsp;&nbsp;&nbsp;nrfx_usbd_ep_transfer
<LI><a href="#[123]">&gt;&gt;</a>&nbsp;&nbsp;&nbsp;nrfx_usbd_ep_enable_check
</UL>
<BR>[Called By]<UL><LI><a href="#[15a]">&gt;&gt;</a>&nbsp;&nbsp;&nbsp;hid_mouse_transfer_set
<LI><a href="#[90]">&gt;&gt;</a>&nbsp;&nbsp;&nbsp;hid_mouse_on_idle
<LI><a href="#[155]">&gt;&gt;</a>&nbsp;&nbsp;&nbsp;hid_kbd_transfer_set
<LI><a href="#[81]">&gt;&gt;</a>&nbsp;&nbsp;&nbsp;hid_kbd_on_set_report
<LI><a href="#[86]">&gt;&gt;</a>&nbsp;&nbsp;&nbsp;hid_kbd_on_idle
<LI><a href="#[116]">&gt;&gt;</a>&nbsp;&nbsp;&nbsp;app_usbd_core_setup_rsp
</UL>

<P><STRONG><a name="[12c]"></a>app_usbd_event_execute</STRONG> (Thumb, 478 bytes, Stack size 16 bytes, app_usbd.o(i.app_usbd_event_execute))
<BR><BR>[Stack]<UL><LI>Max Depth = 96 + In Cycle
[...]
<BR>[Address Reference Count : 1]<UL><LI> nrf_log_backend_uart.o(.constdata)
</UL>
<P><STRONG><a name="[ac]"></a>nrf_log_backend_uart_panic_set</STRONG> (Thumb, 36 bytes, Stack size 8 bytes, nrf_log_backend_uart.o(i.nrf_log_backend_uart_panic_set))
<BR><BR>[Stack]<UL><LI>Max Depth = 224<LI>Call Chain = nrf_log_backend_uart_panic_set &rArr; uart_init &rArr; app_error_handler_bare &rArr; app_error_fault_handler &rArr; nrf_log_frontend_std_0 &rArr; std_n &rArr; nrf_log_frontend_dequeue &rArr;  nrf_log_frontend_std_0 (Cycle)
</UL>
<BR>[Calls]<UL><LI><a href="#[23f]">&gt;&gt;</a>&nbsp;&nbsp;&nbsp;nrfx_uarte_uninit
<LI><a href="#[240]">&gt;&gt;</a>&nbsp;&nbsp;&nbsp;nrfx_uart_uninit
<LI><a href="#[24e]">&gt;&gt;</a>&nbsp;&nbsp;&nbsp;uart_init
</UL>
<BR>[Address Reference Count : 1]<UL><LI> nrf_log_backend_uart.o(.constdata)
</UL>
<P><STRONG><a name="[ab]"></a>nrf_log_backend_uart_put</STRONG> (Thumb, 16 bytes, Stack size 8 bytes, nrf_log_backend_uart.o(i.nrf_log_backend_uart_put))
<BR><BR>[Stack]<UL><LI>Max Depth = 352<LI>Call Chain = nrf_log_backend_uart_put &rArr; nrf_log_backend_serial_put &rArr; nrf_log_std_entry_process &rArr; prefix_process &rArr; nrf_fprintf &rArr; nrf_fprintf_fmt &rArr; int_print &rArr; unsigned_print &rArr; buffer_add &rArr;  buffer_add (Cycle)
</UL>
<BR>[Calls]<UL><LI><a href="#[24d]">&gt;&gt;</a>&nbsp;&nbsp;&nbsp;nrf_log_backend_serial_put
</UL>
<BR>[Address Reference Count : 1]<UL><LI> nrf_log_backend_uart.o(.constdata)
</UL>
<P><STRONG><a name="[53]"></a>serial_tx</STRONG> (Thumb, 54 bytes, Stack size 16 bytes, nrf_log_backend_uart.o(i.serial_tx))
<BR><BR>[Stack]<UL><LI>Max Depth = 192<LI>Call Chain = serial_tx &rArr; app_error_handler_bare &rArr; app_error_fault_handler &rArr; nrf_log_frontend_std_0 &rArr; std_n &rArr; nrf_log_frontend_dequeue &rArr;  nrf_log_frontend_std_0 (Cycle)
</UL>
<BR>[Calls]<UL><LI><a href="#[e8]">&gt;&gt;</a>&nbsp;&nbsp;&nbsp;app_error_handler_bare
<LI><a href="#[23d]">&gt;&gt;</a>&nbsp;&nbsp;&nbsp;nrfx_uarte_tx
<LI><a href="#[23e]">&gt;&gt;</a>&nbsp;&nbsp;&nbsp;nrfx_uart_tx
</UL>
<BR>[Address Reference Count : 1]<UL><LI> nrf_log_backend_uart.o(i.nrf_log_backend_uart_put)
</UL>
<P><STRONG><a name="[59]"></a>uart_evt_handler</STRONG> (Thumb, 8 bytes, Stack size 0 bytes, nrf_log_backend_uart.o(i.uart_evt_handler))
<BR>[Address Reference Count : 1]<UL><LI> nrf_log_backend_uart.o(i.uart_init)
</UL>
<P><STRONG><a name="[24e]"></a>uart_init</STRONG> (Thumb, 66 bytes, Stack size 40 bytes, nrf_log_backend_uart.o(i.uart_init))
<BR><BR>[Stack]<UL><LI>Max Depth = 216<LI>Call Chain = uart_init &rArr; app_error_handler_bare &rArr; app_error_fault_handler &rArr; nrf_log_frontend_std_0 &rArr; std_n &rArr; nrf_log_frontend_dequeue &rArr;  nrf_log_frontend_std_0 (Cycle)
</UL>
<BR>[Calls]<UL><LI><a href="#[1bf]">&gt;&gt;</a>&nbsp;&nbsp;&nbsp;nrf_drv_uart_init
<LI><a href="#[e8]">&gt;&gt;</a>&nbsp;&nbsp;&nbsp;app_error_handler_bare
<LI><a href="#[1b9]">&gt;&gt;</a>&nbsp;&nbsp;&nbsp;__aeabi_memcpy4
</UL>
<BR>[Called By]<UL><LI><a href="#[ac]">&gt;&gt;</a>&nbsp;&nbsp;&nbsp;nrf_log_backend_uart_panic_set
</UL>

<P><STRONG><a name="[b4]"></a>backend_name_get</STRONG> (Thumb, 58 bytes, Stack size 20 bytes, nrf_log_frontend.o(i.backend_name_get))
<BR><BR>[Stack]<UL><LI>Max Depth = 20<LI>Call Chain = backend_name_get
</UL>
<BR>[Address Reference Count : 1]<UL><LI> nrf_log_frontend.o(.constdata)
</UL>
<P><STRONG><a name="[18d]"></a>buf_prealloc</STRONG> (Thumb, 132 bytes, Stack size 32 bytes, nrf_log_frontend.o(i.buf_prealloc))
<BR><BR>[Stack]<UL><LI>Max Depth = 80<LI>Call Chain = buf_prealloc &rArr; log_skip &rArr; nrf_atomic_flag_set &rArr; nrf_atomic_u32_or
</UL>
<BR>[Calls]<UL><LI><a href="#[f2]">&gt;&gt;</a>&nbsp;&nbsp;&nbsp;app_util_critical_region_exit
<LI><a href="#[f1]">&gt;&gt;</a>&nbsp;&nbsp;&nbsp;app_util_critical_region_enter
<LI><a href="#[12b]">&gt;&gt;</a>&nbsp;&nbsp;&nbsp;nrf_atomic_u32_add
<LI><a href="#[18e]">&gt;&gt;</a>&nbsp;&nbsp;&nbsp;log_skip
</UL>
<BR>[Called By]<UL><LI><a href="#[250]">&gt;&gt;</a>&nbsp;&nbsp;&nbsp;std_n
</UL>

<P><STRONG><a name="[1ce]"></a>dropped_sat16_get</STRONG> (Thumb, 16 bytes, Stack size 8 bytes, nrf_log_frontend.o(i.dropped_sat16_get))
<BR><BR>[Stack]<UL><LI>Max Depth = 16<LI>Call Chain = dropped_sat16_get &rArr; nrf_atomic_u32_fetch_store
</UL>
<BR>[Calls]<UL><LI><a href="#[128]">&gt;&gt;</a>&nbsp;&nbsp;&nbsp;nrf_atomic_u32_fetch_store
</UL>
<BR>[Called By]<UL><LI><a href="#[250]">&gt;&gt;</a>&nbsp;&nbsp;&nbsp;std_n
</UL>

<P><STRONG><a name="[20b]"></a>invalid_packets_omit</STRONG> (Thumb, 52 bytes, Stack size 0 bytes, nrf_log_frontend.o(i.invalid_packets_omit))
<BR><BR>[Called By]<UL><LI><a href="#[d4]">&gt;&gt;</a>&nbsp;&nbsp;&nbsp;nrf_log_frontend_dequeue
<LI><a href="#[18e]">&gt;&gt;</a>&nbsp;&nbsp;&nbsp;log_skip
</UL>

<P><STRONG><a name="[b0]"></a>log_backend_ctrl</STRONG> (Thumb, 6 bytes, Stack size 0 bytes, nrf_log_frontend.o(i.log_backend_ctrl))
<BR><BR>[Stack]<UL><LI>Max Depth = 280<LI>Call Chain = log_backend_ctrl &rArr; nrf_cli_backend_cmd_execute &rArr; nrf_cli_fprintf &rArr; vt100_color_set &rArr; nrf_fprintf &rArr; nrf_fprintf_fmt &rArr; int_print &rArr; unsigned_print &rArr; buffer_add &rArr;  buffer_add (Cycle)
</UL>
<BR>[Calls]<UL><LI><a href="#[205]">&gt;&gt;</a>&nbsp;&nbsp;&nbsp;nrf_cli_backend_cmd_execute
</UL>
<BR>[Address Reference Count : 1]<UL><LI> nrf_log_frontend.o(.constdata)
</UL>
<P><STRONG><a name="[b1]"></a>log_backend_go</STRONG> (Thumb, 6 bytes, Stack size 0 bytes, nrf_log_frontend.o(i.log_backend_go))
<BR><BR>[Stack]<UL><LI>Max Depth = 280<LI>Call Chain = log_backend_go &rArr; nrf_cli_backend_cmd_execute &rArr; nrf_cli_fprintf &rArr; vt100_color_set &rArr; nrf_fprintf &rArr; nrf_fprintf_fmt &rArr; int_print &rArr; unsigned_print &rArr; buffer_add &rArr;  buffer_add (Cycle)
</UL>
<BR>[Calls]<UL><LI><a href="#[205]">&gt;&gt;</a>&nbsp;&nbsp;&nbsp;nrf_cli_backend_cmd_execute
</UL>
<BR>[Address Reference Count : 1]<UL><LI> nrf_log_frontend.o(.constdata)
</UL>
<P><STRONG><a name="[b2]"></a>log_backend_halt</STRONG> (Thumb, 6 bytes, Stack size 0 bytes, nrf_log_frontend.o(i.log_backend_halt))
<BR><BR>[Stack]<UL><LI>Max Depth = 280<LI>Call Chain = log_backend_halt &rArr; nrf_cli_backend_cmd_execute &rArr; nrf_cli_fprintf &rArr; vt100_color_set &rArr; nrf_fprintf &rArr; nrf_fprintf_fmt &rArr; int_print &rArr; unsigned_print &rArr; buffer_add &rArr;  buffer_add (Cycle)
</UL>
<BR>[Calls]<UL><LI><a href="#[205]">&gt;&gt;</a>&nbsp;&nbsp;&nbsp;nrf_cli_backend_cmd_execute
</UL>
<BR>[Address Reference Count : 1]<UL><LI> nrf_log_frontend.o(.constdata)
</UL>
<P><STRONG><a name="[b3]"></a>log_backend_status</STRONG> (Thumb, 6 bytes, Stack size 0 bytes, nrf_log_frontend.o(i.log_backend_status))
<BR><BR>[Stack]<UL><LI>Max Depth = 280<LI>Call Chain = log_backend_status &rArr; nrf_cli_backend_cmd_execute &rArr; nrf_cli_fprintf &rArr; vt100_color_set &rArr; nrf_fprintf &rArr; nrf_fprintf_fmt &rArr; int_print &rArr; unsigned_print &rArr; buffer_add &rArr;  buffer_add (Cycle)
</UL>
<BR>[Calls]<UL><LI><a href="#[205]">&gt;&gt;</a>&nbsp;&nbsp;&nbsp;nrf_cli_backend_cmd_execute
</UL>
<BR>[Address Reference Count : 1]<UL><LI> nrf_log_frontend.o(.constdata)
</UL>
<P><STRONG><a name="[bc]"></a>log_cmd</STRONG> (Thumb, 54 bytes, Stack size 24 bytes, nrf_log_frontend.o(i.log_cmd))
<BR><BR>[Stack]<UL><LI>Max Depth = 320<LI>Call Chain = log_cmd &rArr; nrf_cli_help_print &rArr; nrf_cli_fprintf &rArr; vt100_color_set &rArr; nrf_fprintf &rArr; nrf_fprintf_fmt &rArr; int_print &rArr; unsigned_print &rArr; buffer_add &rArr;  buffer_add (Cycle)
</UL>
<BR>[Calls]<UL><LI><a href="#[207]">&gt;&gt;</a>&nbsp;&nbsp;&nbsp;nrf_cli_help_print
<LI><a href="#[195]">&gt;&gt;</a>&nbsp;&nbsp;&nbsp;nrf_cli_fprintf
<LI><a href="#[206]">&gt;&gt;</a>&nbsp;&nbsp;&nbsp;nrf_cli_help_requested
</UL>
<BR>[Address Reference Count : 1]<UL><LI> nrf_log_frontend.o(.constdata)
</UL>
<P><STRONG><a name="[ba]"></a>log_cmd_backends_list</STRONG> (Thumb, 102 bytes, Stack size 32 bytes, nrf_log_frontend.o(i.log_cmd_backends_list))
<BR><BR>[Stack]<UL><LI>Max Depth = 328<LI>Call Chain = log_cmd_backends_list &rArr; nrf_cli_help_print &rArr; nrf_cli_fprintf &rArr; vt100_color_set &rArr; nrf_fprintf &rArr; nrf_fprintf_fmt &rArr; int_print &rArr; unsigned_print &rArr; buffer_add &rArr;  buffer_add (Cycle)
</UL>
<BR>[Calls]<UL><LI><a href="#[207]">&gt;&gt;</a>&nbsp;&nbsp;&nbsp;nrf_cli_help_print
<LI><a href="#[195]">&gt;&gt;</a>&nbsp;&nbsp;&nbsp;nrf_cli_fprintf
<LI><a href="#[206]">&gt;&gt;</a>&nbsp;&nbsp;&nbsp;nrf_cli_help_requested
</UL>
<BR>[Address Reference Count : 1]<UL><LI> nrf_log_frontend.o(.constdata)
</UL>
<P><STRONG><a name="[b5]"></a>log_config_load_cmd</STRONG> (Thumb, 38 bytes, Stack size 8 bytes, nrf_log_frontend.o(i.log_config_load_cmd))
<BR><BR>[Stack]<UL><LI>Max Depth = 304<LI>Call Chain = log_config_load_cmd &rArr; nrf_cli_help_print &rArr; nrf_cli_fprintf &rArr; vt100_color_set &rArr; nrf_fprintf &rArr; nrf_fprintf_fmt &rArr; int_print &rArr; unsigned_print &rArr; buffer_add &rArr;  buffer_add (Cycle)
</UL>
<BR>[Calls]<UL><LI><a href="#[207]">&gt;&gt;</a>&nbsp;&nbsp;&nbsp;nrf_cli_help_print
<LI><a href="#[195]">&gt;&gt;</a>&nbsp;&nbsp;&nbsp;nrf_cli_fprintf
<LI><a href="#[206]">&gt;&gt;</a>&nbsp;&nbsp;&nbsp;nrf_cli_help_requested
</UL>
<BR>[Address Reference Count : 1]<UL><LI> nrf_log_frontend.o(.constdata)
</UL>
<P><STRONG><a name="[b6]"></a>log_config_store_cmd</STRONG> (Thumb, 38 bytes, Stack size 8 bytes, nrf_log_frontend.o(i.log_config_store_cmd))
<BR><BR>[Stack]<UL><LI>Max Depth = 304<LI>Call Chain = log_config_store_cmd &rArr; nrf_cli_help_print &rArr; nrf_cli_fprintf &rArr; vt100_color_set &rArr; nrf_fprintf &rArr; nrf_fprintf_fmt &rArr; int_print &rArr; unsigned_print &rArr; buffer_add &rArr;  buffer_add (Cycle)
</UL>
<BR>[Calls]<UL><LI><a href="#[207]">&gt;&gt;</a>&nbsp;&nbsp;&nbsp;nrf_cli_help_print
<LI><a href="#[195]">&gt;&gt;</a>&nbsp;&nbsp;&nbsp;nrf_cli_fprintf
<LI><a href="#[206]">&gt;&gt;</a>&nbsp;&nbsp;&nbsp;nrf_cli_help_requested
</UL>
<BR>[Address Reference Count : 1]<UL><LI> nrf_log_frontend.o(.constdata)
</UL>
<P><STRONG><a name="[49]"></a>log_ctrl</STRONG> (Thumb, 304 bytes, Stack size 56 bytes, nrf_log_frontend.o(i.log_ctrl))
<BR><BR>[Stack]<UL><LI>Max Depth = 280<LI>Call Chain = log_ctrl &rArr; nrf_cli_fprintf &rArr; vt100_color_set &rArr; nrf_fprintf &rArr; nrf_fprintf_fmt &rArr; int_print &rArr; unsigned_print &rArr; buffer_add &rArr;  buffer_add (Cycle)
</UL>
<BR>[Calls]<UL><LI><a href="#[195]">&gt;&gt;</a>&nbsp;&nbsp;&nbsp;nrf_cli_fprintf
<LI><a href="#[209]">&gt;&gt;</a>&nbsp;&nbsp;&nbsp;nrf_log_module_name_get
<LI><a href="#[20a]">&gt;&gt;</a>&nbsp;&nbsp;&nbsp;nrf_log_module_cnt_get
<LI><a href="#[208]">&gt;&gt;</a>&nbsp;&nbsp;&nbsp;module_id_filter_set
<LI><a href="#[203]">&gt;&gt;</a>&nbsp;&nbsp;&nbsp;strncmp
</UL>
<BR>[Called By]<UL><LI><a href="#[b7]">&gt;&gt;</a>&nbsp;&nbsp;&nbsp;log_self_ctrl
</UL>
<BR>[Address Reference Count : 1]<UL><LI> nrf_log_frontend.o(i.log_backend_ctrl)
</UL>
<P><STRONG><a name="[4a]"></a>log_go</STRONG> (Thumb, 8 bytes, Stack size 0 bytes, nrf_log_frontend.o(i.log_go))
<BR>[Address Reference Count : 1]<UL><LI> nrf_log_frontend.o(i.log_backend_go)
</UL>
<P><STRONG><a name="[4b]"></a>log_halt</STRONG> (Thumb, 8 bytes, Stack size 0 bytes, nrf_log_frontend.o(i.log_halt))
<BR>[Address Reference Count : 1]<UL><LI> nrf_log_frontend.o(i.log_backend_halt)
</UL>
<P><STRONG><a name="[b7]"></a>log_self_ctrl</STRONG> (Thumb, 16 bytes, Stack size 8 bytes, nrf_log_frontend.o(i.log_self_ctrl))
<BR><BR>[Stack]<UL><LI>Max Depth = 288<LI>Call Chain = log_self_ctrl &rArr; log_ctrl &rArr; nrf_cli_fprintf &rArr; vt100_color_set &rArr; nrf_fprintf &rArr; nrf_fprintf_fmt &rArr; int_print &rArr; unsigned_print &rArr; buffer_add &rArr;  buffer_add (Cycle)
</UL>
<BR>[Calls]<UL><LI><a href="#[49]">&gt;&gt;</a>&nbsp;&nbsp;&nbsp;log_ctrl
</UL>
<BR>[Address Reference Count : 1]<UL><LI> nrf_log_frontend.o(.constdata)
</UL>
<P><STRONG><a name="[b8]"></a>log_self_go</STRONG> (Thumb, 10 bytes, Stack size 0 bytes, nrf_log_frontend.o(i.log_self_go))
<BR>[Address Reference Count : 1]<UL><LI> nrf_log_frontend.o(.constdata)
</UL>
<P><STRONG><a name="[b9]"></a>log_self_halt</STRONG> (Thumb, 10 bytes, Stack size 0 bytes, nrf_log_frontend.o(i.log_self_halt))
<BR>[Address Reference Count : 1]<UL><LI> nrf_log_frontend.o(.constdata)
</UL>
<P><STRONG><a name="[bb]"></a>log_self_status</STRONG> (Thumb, 16 bytes, Stack size 8 bytes, nrf_log_frontend.o(i.log_self_status))
<BR><BR>[Stack]<UL><LI>Max Depth = 280<LI>Call Chain = log_self_status &rArr; log_status &rArr; nrf_cli_fprintf &rArr; vt100_color_set &rArr; nrf_fprintf &rArr; nrf_fprintf_fmt &rArr; int_print &rArr; unsigned_print &rArr; buffer_add &rArr;  buffer_add (Cycle)
</UL>
<BR>[Calls]<UL><LI><a href="#[4c]">&gt;&gt;</a>&nbsp;&nbsp;&nbsp;log_status
</UL>
<BR>[Address Reference Count : 1]<UL><LI> nrf_log_frontend.o(.constdata)
</UL>
<P><STRONG><a name="[18e]"></a>log_skip</STRONG> (Thumb, 150 bytes, Stack size 40 bytes, nrf_log_frontend.o(i.log_skip))
<BR><BR>[Stack]<UL><LI>Max Depth = 48<LI>Call Chain = log_skip &rArr; nrf_atomic_flag_set &rArr; nrf_atomic_u32_or
</UL>
<BR>[Calls]<UL><LI><a href="#[13d]">&gt;&gt;</a>&nbsp;&nbsp;&nbsp;nrf_atomic_flag_set
<LI><a href="#[106]">&gt;&gt;</a>&nbsp;&nbsp;&nbsp;nrf_atomic_flag_clear_fetch
<LI><a href="#[20b]">&gt;&gt;</a>&nbsp;&nbsp;&nbsp;invalid_packets_omit
</UL>
<BR>[Called By]<UL><LI><a href="#[18d]">&gt;&gt;</a>&nbsp;&nbsp;&nbsp;buf_prealloc
</UL>

<P><STRONG><a name="[4c]"></a>log_status</STRONG> (Thumb, 158 bytes, Stack size 48 bytes, nrf_log_frontend.o(i.log_status))
<BR><BR>[Stack]<UL><LI>Max Depth = 272<LI>Call Chain = log_status &rArr; nrf_cli_fprintf &rArr; vt100_color_set &rArr; nrf_fprintf &rArr; nrf_fprintf_fmt &rArr; int_print &rArr; unsigned_print &rArr; buffer_add &rArr;  buffer_add (Cycle)
</UL>
<BR>[Calls]<UL><LI><a href="#[195]">&gt;&gt;</a>&nbsp;&nbsp;&nbsp;nrf_cli_fprintf
<LI><a href="#[209]">&gt;&gt;</a>&nbsp;&nbsp;&nbsp;nrf_log_module_name_get
<LI><a href="#[20c]">&gt;&gt;</a>&nbsp;&nbsp;&nbsp;nrf_log_module_filter_get
<LI><a href="#[20a]">&gt;&gt;</a>&nbsp;&nbsp;&nbsp;nrf_log_module_cnt_get
</UL>
<BR>[Called By]<UL><LI><a href="#[bb]">&gt;&gt;</a>&nbsp;&nbsp;&nbsp;log_self_status
</UL>
<BR>[Address Reference Count : 1]<UL><LI> nrf_log_frontend.o(i.log_backend_status)
</UL>
<P><STRONG><a name="[208]"></a>module_id_filter_set</STRONG> (Thumb, 38 bytes, Stack size 16 bytes, nrf_log_frontend.o(i.module_id_filter_set))
<BR><BR>[Stack]<UL><LI>Max Depth = 60<LI>Call Chain = module_id_filter_set &rArr; nrf_log_module_filter_get &rArr; module_idx_get
</UL>
<BR>[Calls]<UL><LI><a href="#[213]">&gt;&gt;</a>&nbsp;&nbsp;&nbsp;nrf_log_module_filter_set
<LI><a href="#[20c]">&gt;&gt;</a>&nbsp;&nbsp;&nbsp;nrf_log_module_filter_get
</UL>
<BR>[Called By]<UL><LI><a href="#[49]">&gt;&gt;</a>&nbsp;&nbsp;&nbsp;log_ctrl
</UL>

<P><STRONG><a name="[214]"></a>module_idx_get</STRONG> (Thumb, 42 bytes, Stack size 12 bytes, nrf_log_frontend.o(i.module_idx_get))
<BR><BR>[Stack]<UL><LI>Max Depth = 12<LI>Call Chain = module_idx_get
</UL>
<BR>[Calls]<UL><LI><a href="#[20a]">&gt;&gt;</a>&nbsp;&nbsp;&nbsp;nrf_log_module_cnt_get
</UL>
<BR>[Called By]<UL><LI><a href="#[209]">&gt;&gt;</a>&nbsp;&nbsp;&nbsp;nrf_log_module_name_get
<LI><a href="#[20c]">&gt;&gt;</a>&nbsp;&nbsp;&nbsp;nrf_log_module_filter_get
</UL>

<P><STRONG><a name="[ae]"></a>module_name_get</STRONG> (Thumb, 24 bytes, Stack size 8 bytes, nrf_log_frontend.o(i.module_name_get))
<BR><BR>[Stack]<UL><LI>Max Depth = 36<LI>Call Chain = module_name_get &rArr; nrf_log_module_name_get &rArr; module_idx_get
</UL>
<BR>[Calls]<UL><LI><a href="#[209]">&gt;&gt;</a>&nbsp;&nbsp;&nbsp;nrf_log_module_name_get
</UL>
<BR>[Address Reference Count : 1]<UL><LI> nrf_log_frontend.o(.constdata)
</UL>
<P><STRONG><a name="[205]"></a>nrf_cli_backend_cmd_execute</STRONG> (Thumb, 92 bytes, Stack size 56 bytes, nrf_log_frontend.o(i.nrf_cli_backend_cmd_execute))
<BR><BR>[Stack]<UL><LI>Max Depth = 280<LI>Call Chain = nrf_cli_backend_cmd_execute &rArr; nrf_cli_fprintf &rArr; vt100_color_set &rArr; nrf_fprintf &rArr; nrf_fprintf_fmt &rArr; int_print &rArr; unsigned_print &rArr; buffer_add &rArr;  buffer_add (Cycle)
</UL>
<BR>[Calls]<UL><LI><a href="#[195]">&gt;&gt;</a>&nbsp;&nbsp;&nbsp;nrf_cli_fprintf
<LI><a href="#[1a7]">&gt;&gt;</a>&nbsp;&nbsp;&nbsp;strcmp
</UL>
<BR>[Called By]<UL><LI><a href="#[b3]">&gt;&gt;</a>&nbsp;&nbsp;&nbsp;log_backend_status
<LI><a href="#[b2]">&gt;&gt;</a>&nbsp;&nbsp;&nbsp;log_backend_halt
<LI><a href="#[b1]">&gt;&gt;</a>&nbsp;&nbsp;&nbsp;log_backend_go
<LI><a href="#[b0]">&gt;&gt;</a>&nbsp;&nbsp;&nbsp;log_backend_ctrl
</UL>

<P><STRONG><a name="[206]"></a>nrf_cli_help_requested</STRONG> (Thumb, 12 bytes, Stack size 0 bytes, nrf_log_frontend.o(i.nrf_cli_help_requested))
<BR><BR>[Called By]<UL><LI><a href="#[b6]">&gt;&gt;</a>&nbsp;&nbsp;&nbsp;log_config_store_cmd
<LI><a href="#[b5]">&gt;&gt;</a>&nbsp;&nbsp;&nbsp;log_config_load_cmd
<LI><a href="#[ba]">&gt;&gt;</a>&nbsp;&nbsp;&nbsp;log_cmd_backends_list
<LI><a href="#[bc]">&gt;&gt;</a>&nbsp;&nbsp;&nbsp;log_cmd
</UL>

<P><STRONG><a name="[af]"></a>severity_lvl_get</STRONG> (Thumb, 28 bytes, Stack size 0 bytes, nrf_log_frontend.o(i.severity_lvl_get))
<BR>[Address Reference Count : 1]<UL><LI> nrf_log_frontend.o(.constdata)
</UL>
<P><STRONG><a name="[250]"></a>std_n</STRONG> (Thumb, 144 bytes, Stack size 40 bytes, nrf_log_frontend.o(i.std_n))
<BR><BR>[Stack]<UL><LI>Max Depth = 160<LI>Call Chain = std_n &rArr; nrf_log_frontend_dequeue &rArr;  nrf_log_frontend_std_0 (Cycle)
</UL>
<BR>[Calls]<UL><LI><a href="#[d4]">&gt;&gt;</a>&nbsp;&nbsp;&nbsp;nrf_log_frontend_dequeue
<LI><a href="#[298]">&gt;&gt;</a>&nbsp;&nbsp;&nbsp;log_pending_hook
<LI><a href="#[1ce]">&gt;&gt;</a>&nbsp;&nbsp;&nbsp;dropped_sat16_get
<LI><a href="#[18d]">&gt;&gt;</a>&nbsp;&nbsp;&nbsp;buf_prealloc
</UL>
<BR>[Called By]<UL><LI><a href="#[d8]">&gt;&gt;</a>&nbsp;&nbsp;&nbsp;nrf_log_frontend_std_0
<LI><a href="#[d6]">&gt;&gt;</a>&nbsp;&nbsp;&nbsp;nrf_log_frontend_std_4
<LI><a href="#[d7]">&gt;&gt;</a>&nbsp;&nbsp;&nbsp;nrf_log_frontend_std_3
<LI><a href="#[d5]">&gt;&gt;</a>&nbsp;&nbsp;&nbsp;nrf_log_frontend_std_1
</UL>

<P><STRONG><a name="[252]"></a>postfix_process</STRONG> (Thumb, 48 bytes, Stack size 8 bytes, nrf_log_str_formatter.o(i.postfix_process))
<BR><BR>[Stack]<UL><LI>Max Depth = 184<LI>Call Chain = postfix_process &rArr; nrf_fprintf &rArr; nrf_fprintf_fmt &rArr; int_print &rArr; unsigned_print &rArr; buffer_add &rArr;  buffer_add (Cycle)
</UL>
<BR>[Calls]<UL><LI><a href="#[190]">&gt;&gt;</a>&nbsp;&nbsp;&nbsp;nrf_fprintf_buffer_flush
<LI><a href="#[193]">&gt;&gt;</a>&nbsp;&nbsp;&nbsp;nrf_fprintf
</UL>
<BR>[Called By]<UL><LI><a href="#[1ad]">&gt;&gt;</a>&nbsp;&nbsp;&nbsp;nrf_log_std_entry_process
<LI><a href="#[1ae]">&gt;&gt;</a>&nbsp;&nbsp;&nbsp;nrf_log_hexdump_entry_process
</UL>

<P><STRONG><a name="[251]"></a>prefix_process</STRONG> (Thumb, 90 bytes, Stack size 16 bytes, nrf_log_str_formatter.o(i.prefix_process))
<BR><BR>[Stack]<UL><LI>Max Depth = 192<LI>Call Chain = prefix_process &rArr; nrf_fprintf &rArr; nrf_fprintf_fmt &rArr; int_print &rArr; unsigned_print &rArr; buffer_add &rArr;  buffer_add (Cycle)
</UL>
<BR>[Calls]<UL><LI><a href="#[209]">&gt;&gt;</a>&nbsp;&nbsp;&nbsp;nrf_log_module_name_get
<LI><a href="#[285]">&gt;&gt;</a>&nbsp;&nbsp;&nbsp;nrf_log_color_id_get
<LI><a href="#[193]">&gt;&gt;</a>&nbsp;&nbsp;&nbsp;nrf_fprintf
</UL>
<BR>[Called By]<UL><LI><a href="#[1ad]">&gt;&gt;</a>&nbsp;&nbsp;&nbsp;nrf_log_std_entry_process
<LI><a href="#[1ae]">&gt;&gt;</a>&nbsp;&nbsp;&nbsp;nrf_log_hexdump_entry_process
</UL>

<P><STRONG><a name="[3d]"></a>_scanf_char_input</STRONG> (Thumb, 12 bytes, Stack size 0 bytes, scanf_char.o(.text))
<BR>[Address Reference Count : 1]<UL><LI> scanf_char.o(.text)
</UL><P>
<H3>
Undefined Global Symbols
</H3><HR></body></html>
