Component: ARM Compiler 5.06 update 6 (build 750) Tool: armlink [4d35ed]

==============================================================================

Section Cross References

    main.o(i.bsp_event_callback) refers to app_usbd_hid_mouse.o(i.app_usbd_hid_mouse_x_move) for app_usbd_hid_mouse_x_move
    main.o(i.bsp_event_callback) refers to app_timer2.o(i.app_timer_start) for app_timer_start
    main.o(i.bsp_event_callback) refers to app_timer2.o(i.app_timer_stop) for app_timer_stop
    main.o(i.bsp_event_callback) refers to app_usbd_hid_mouse.o(i.app_usbd_hid_mouse_button_state) for app_usbd_hid_mouse_button_state
    main.o(i.bsp_event_callback) refers to app_usbd_hid_kbd.o(i.app_usbd_hid_kbd_modifier_state_set) for app_usbd_hid_kbd_modifier_state_set
    main.o(i.bsp_event_callback) refers to app_usbd_hid_kbd.o(i.app_usbd_hid_kbd_key_control) for app_usbd_hid_kbd_key_control
    main.o(i.bsp_event_callback) refers to main.o(.constdata) for .constdata
    main.o(i.hid_kbd_user_ev_handler) refers to boards.o(i.bsp_board_led_invert) for bsp_board_led_invert
    main.o(i.hid_kbd_user_ev_handler) refers to main.o(i.kbd_status) for kbd_status
    main.o(i.hid_kbd_user_ev_handler) refers to app_usbd_hid_kbd.o(i.hid_kbd_clear_buffer) for hid_kbd_clear_buffer
    main.o(i.hid_mouse_user_ev_handler) refers to boards.o(i.bsp_board_led_invert) for bsp_board_led_invert
    main.o(i.hid_mouse_user_ev_handler) refers to app_usbd_hid_mouse.o(i.hid_mouse_clear_buffer) for hid_mouse_clear_buffer
    main.o(i.init_bsp) refers to bsp.o(i.bsp_init) for bsp_init
    main.o(i.init_bsp) refers to app_error.o(i.app_error_handler_bare) for app_error_handler_bare
    main.o(i.init_bsp) refers to bsp.o(i.bsp_event_to_button_action_assign) for bsp_event_to_button_action_assign
    main.o(i.init_bsp) refers to boards.o(i.bsp_board_init) for bsp_board_init
    main.o(i.init_bsp) refers to main.o(i.bsp_event_callback) for bsp_event_callback
    main.o(i.init_cli) refers to bsp_cli.o(i.bsp_cli_init) for bsp_cli_init
    main.o(i.init_cli) refers to app_error.o(i.app_error_handler_bare) for app_error_handler_bare
    main.o(i.init_cli) refers to memmovea.o(.text) for __aeabi_memcpy4
    main.o(i.init_cli) refers to nrf_cli.o(i.nrf_cli_init) for nrf_cli_init
    main.o(i.init_cli) refers to nrf_cli.o(i.nrf_cli_start) for nrf_cli_start
    main.o(i.init_cli) refers to main.o(i.bsp_event_callback) for bsp_event_callback
    main.o(i.init_cli) refers to main.o(.constdata) for .constdata
    main.o(i.kbd_status) refers to app_usbd_hid_kbd.o(i.app_usbd_hid_kbd_led_state_get) for app_usbd_hid_kbd_led_state_get
    main.o(i.kbd_status) refers to boards.o(i.bsp_board_led_on) for bsp_board_led_on
    main.o(i.kbd_status) refers to boards.o(i.bsp_board_led_off) for bsp_board_led_off
    main.o(i.kbd_status) refers to main.o(.constdata) for .constdata
    main.o(i.main) refers to nrf_log_frontend.o(i.nrf_log_init) for nrf_log_init
    main.o(i.main) refers to app_error.o(i.app_error_handler_bare) for app_error_handler_bare
    main.o(i.main) refers to nrf_drv_clock.o(i.nrf_drv_clock_init) for nrf_drv_clock_init
    main.o(i.main) refers to nrf_drv_clock.o(i.nrf_drv_clock_lfclk_request) for nrf_drv_clock_lfclk_request
    main.o(i.main) refers to nrf_drv_clock.o(i.nrf_drv_clock_lfclk_is_running) for nrf_drv_clock_lfclk_is_running
    main.o(i.main) refers to app_timer2.o(i.app_timer_init) for app_timer_init
    main.o(i.main) refers to app_timer2.o(i.app_timer_create) for app_timer_create
    main.o(i.main) refers to main.o(i.init_bsp) for init_bsp
    main.o(i.main) refers to main.o(i.init_cli) for init_cli
    main.o(i.main) refers to app_usbd.o(i.app_usbd_init) for app_usbd_init
    main.o(i.main) refers to app_usbd.o(i.app_usbd_class_append) for app_usbd_class_append
    main.o(i.main) refers to nrf_log_frontend.o(i.nrf_log_frontend_std_0) for nrf_log_frontend_std_0
    main.o(i.main) refers to app_usbd.o(i.app_usbd_power_events_enable) for app_usbd_power_events_enable
    main.o(i.main) refers to app_usbd.o(i.app_usbd_event_queue_process) for app_usbd_event_queue_process
    main.o(i.main) refers to nrf_cli.o(i.nrf_cli_process) for nrf_cli_process
    main.o(i.main) refers to nrf_log_frontend.o(i.nrf_log_frontend_dequeue) for nrf_log_frontend_dequeue
    main.o(i.main) refers to main.o(i.mouse_move_timer_handler) for mouse_move_timer_handler
    main.o(i.main) refers to main.o(.constdata) for .constdata
    main.o(i.main) refers to nrf_log_frontend.o(log_dynamic_data) for m_nrf_log_app_logs_data_dynamic
    main.o(i.main) refers to nrf_log_frontend.o(log_const_data) for m_nrf_log_app_logs_data_const
    main.o(i.mouse_move_timer_handler) refers to app_usbd_hid_mouse.o(i.app_usbd_hid_mouse_x_move) for app_usbd_hid_mouse_x_move
    main.o(i.mouse_move_timer_handler) refers to main.o(.constdata) for .constdata
    main.o(i.usbd_user_ev_handler) refers to app_usbd.o(i.app_usbd_suspend_req) for app_usbd_suspend_req
[...]
    0x00002260   0x00002260   0x0000001e   Code   RO         4323    i.app_usbd_hid_state_valid  app_usbd_hid_mouse.o
    0x0000227e   0x0000227e   0x0000002a   Code   RO         4128    i.app_usbd_hid_trans_required  app_usbd_hid_kbd.o
    0x000022a8   0x000022a8   0x00000022   Code   RO         4324    i.app_usbd_hid_trans_required  app_usbd_hid_mouse.o
    0x000022ca   0x000022ca   0x00000008   Code   RO         3462    i.app_usbd_iface_call  app_usbd.o
    0x000022d2   0x000022d2   0x00000038   Code   RO         3463    i.app_usbd_iface_deselect  app_usbd.o
    0x0000230a   0x0000230a   0x00000002   PAD
    0x0000230c   0x0000230c   0x00000044   Code   RO         3464    i.app_usbd_iface_find  app_usbd.o
    0x00002350   0x00002350   0x00000046   Code   RO         3465    i.app_usbd_iface_select  app_usbd.o
    0x00002396   0x00002396   0x00000012   Code   RO         3466    i.app_usbd_iface_selection_get  app_usbd.o
    0x000023a8   0x000023a8   0x000000d4   Code   RO         3467    i.app_usbd_init     app_usbd.o
    0x0000247c   0x0000247c   0x00000024   Code   RO         3469    i.app_usbd_power_event_handler  app_usbd.o
    0x000024a0   0x000024a0   0x00000028   Code   RO         3470    i.app_usbd_power_events_enable  app_usbd.o
    0x000024c8   0x000024c8   0x00000048   Code   RO         4498    i.app_usbd_prepare_string  app_usbd_string_desc.o
    0x00002510   0x00002510   0x00000028   Code   RO         3471    i.app_usbd_start    app_usbd.o
    0x00002538   0x00002538   0x00000014   Code   RO         3472    i.app_usbd_stop     app_usbd.o
    0x0000254c   0x0000254c   0x00000048   Code   RO         4499    i.app_usbd_string_desc_get  app_usbd_string_desc.o
    0x00002594   0x00002594   0x00000014   Code   RO         3473    i.app_usbd_suspend_req  app_usbd.o
    0x000025a8   0x000025a8   0x0000001a   Code   RO         3474    i.app_usbd_sustate_with_requested_hfclk  app_usbd.o
    0x000025c2   0x000025c2   0x0000001a   Code   RO         3475    i.app_usbd_sustate_with_running_hfclk  app_usbd.o
    0x000025dc   0x000025dc   0x00000020   Code   RO         3477    i.app_usbd_wakeup_req  app_usbd.o
    0x000025fc   0x000025fc   0x00000004   Code   RO         4537    i.app_util_critical_region_enter  app_util_platform.o
    0x00002600   0x00002600   0x00000004   Code   RO         4538    i.app_util_critical_region_exit  app_util_platform.o
    0x00002604   0x00002604   0x00000010   Code   RO         4539    i.app_util_disable_irq  app_util_platform.o
    0x00002614   0x00002614   0x00000014   Code   RO         4540    i.app_util_enable_irq  app_util_platform.o
    0x00002628   0x00002628   0x00000076   Code   RO         2088    i.apply_config      nrfx_uart.o
    0x0000269e   0x0000269e   0x00000076   Code   RO         2284    i.apply_config      nrfx_uarte.o
    0x00002714   0x00002714   0x00000048   Code   RO         6374    i.backend_name_get  nrf_log_frontend.o
    0x0000275c   0x0000275c   0x00000010   Code   RO         2454    i.bit2ep            nrfx_usbd.o
    0x0000276c   0x0000276c   0x00000054   Code   RO          479    i.bsp_board_init    boards.o
    0x000027c0   0x000027c0   0x0000002c   Code   RO          481    i.bsp_board_led_invert  boards.o
    0x000027ec   0x000027ec   0x00000010   Code   RO          482    i.bsp_board_led_off  boards.o
    0x000027fc   0x000027fc   0x00000010   Code   RO          483    i.bsp_board_led_on  boards.o
    0x0000280c   0x0000280c   0x00000028   Code   RO          484    i.bsp_board_led_state_get  boards.o
    0x00002834   0x00002834   0x00000012   Code   RO          485    i.bsp_board_leds_off  boards.o
    0x00002846   0x00002846   0x00000012   Code   RO          486    i.bsp_board_leds_on  boards.o
    0x00002858   0x00002858   0x00000024   Code   RO          487    i.bsp_board_pin_to_button_idx  boards.o
    0x0000287c   0x0000287c   0x00000090   Code   RO          590    i.bsp_button_event_handler  bsp.o
    0x0000290c   0x0000290c   0x0000000c   Code   RO          711    i.bsp_cli_init      bsp_cli.o
    0x00002918   0x00002918   0x00000080   Code   RO            4    i.bsp_event_callback  main.o
    0x00002998   0x00002998   0x00000044   Code   RO          594    i.bsp_event_to_button_action_assign  bsp.o
    0x000029dc   0x000029dc   0x00000094   Code   RO          596    i.bsp_init          bsp.o
    0x00002a70   0x00002a70   0x000001c8   Code   RO          597    i.bsp_led_indication  bsp.o
    0x00002c38   0x00002c38   0x0000008c   Code   RO         6375    i.buf_prealloc      nrf_log_frontend.o
    0x00002cc4   0x00002cc4   0x0000002e   Code   RO         5715    i.buffer_add        nrf_fprintf_format.o
    0x00002cf2   0x00002cf2   0x00000002   PAD
    0x00002cf4   0x00002cf4   0x00000018   Code   RO         6376    i.buffer_is_empty   nrf_log_frontend.o
    0x00002d0c   0x00002d0c   0x00000028   Code   RO         3043    i.button_get        app_button.o
    0x00002d34   0x00002d34   0x00000008   Code   RO          600    i.button_timer_handler  bsp.o
    0x00002d3c   0x00002d3c   0x0000001c   Code   RO         1506    i.channel_free      nrfx_gpiote.o
    0x00002d58   0x00002d58   0x00000048   Code   RO         1507    i.channel_port_alloc  nrfx_gpiote.o
    0x00002da0   0x00002da0   0x00000010   Code   RO         1508    i.channel_port_get  nrfx_gpiote.o
    0x00002db0   0x00002db0   0x000000b8   Code   RO         5150    i.char_backspace    nrf_cli.o
    0x00002e68   0x00002e68   0x00000094   Code   RO         5151    i.char_delete       nrf_cli.o
    0x00002efc   0x00002efc   0x00000140   Code   RO         5152    i.char_insert       nrf_cli.o
    0x0000303c   0x0000303c   0x00000006   Code   RO         3478    i.class_event_handler  app_usbd.o
    0x00003042   0x00003042   0x00000002   PAD
    0x00003044   0x00003044   0x00000014   Code   RO         5153    i.cli_clear_eos     nrf_cli.o
    0x00003058   0x00003058   0x00000014   Code   RO         5154    i.cli_cursor_restore  nrf_cli.o
    0x0000306c   0x0000306c   0x00000014   Code   RO         5155    i.cli_cursor_save   nrf_cli.o
    0x00003080   0x00003080   0x000001d0   Code   RO         5156    i.cli_execute       nrf_cli.o
    0x00003250   0x00003250   0x0000000c   Code   RO         5157    i.cli_flag_echo_is_set  nrf_cli.o
    0x0000325c   0x0000325c   0x0000016c   Code   RO         5158    i.cli_log_entry_process  nrf_cli.o
    0x000033c8   0x000033c8   0x0000000e   Code   RO         5159    i.cli_read          nrf_cli.o
    0x000033d6   0x000033d6   0x00000274   Code   RO         5160    i.cli_state_collect  nrf_cli.o
    0x0000364a   0x0000364a   0x00000002   PAD
    0x0000364c   0x0000364c   0x00000028   Code   RO         5161    i.cli_state_set     nrf_cli.o
    0x00003674   0x00003674   0x0000000a   Code   RO         5162    i.cli_strlen        nrf_cli.o
    0x0000367e   0x0000367e   0x00000002   PAD
    0x00003680   0x00003680   0x00000318   Code   RO         5163    i.cli_tab_handle    nrf_cli.o
    0x00003998   0x00003998   0x00000014   Code   RO         5164    i.cli_transport_evt_handler  nrf_cli.o
    0x000039ac   0x000039ac   0x0000006c   Code   RO         5594    i.cli_uart_enable   nrf_cli_uart.o
    0x00003a18   0x00003a18   0x0000004c   Code   RO         5595    i.cli_uart_init     nrf_cli_uart.o
    0x00003a64   0x00003a64   0x0000000a   Code   RO         5596    i.cli_uart_read     nrf_cli_uart.o
    0x00003a6e   0x00003a6e   0x00000016   Code   RO         5597    i.cli_uart_uninit   nrf_cli_uart.o
    0x00003a84   0x00003a84   0x00000068   Code   RO         5598    i.cli_uart_write    nrf_cli_uart.o
    0x00003aec   0x00003aec   0x00000058   Code   RO         5165    i.cli_write         nrf_cli.o
    0x00003b44   0x00003b44   0x00000028   Code   RO          847    i.clock_clk_started_notify  nrf_drv_clock.o
    0x00003b6c   0x00003b6c   0x0000001c   Code   RO          848    i.clock_irq_handler  nrf_drv_clock.o
    0x00003b88   0x00003b88   0x00000024   Code   RO          712    i.cmd_btn           bsp_cli.o
    0x00003bac   0x00003bac   0x00000020   Code   RO          713    i.cmd_evt           bsp_cli.o
    0x00003bcc   0x00003bcc   0x00000088   Code   RO         5166    i.cmd_get           nrf_cli.o
    0x00003c54   0x00003c54   0x0000009a   Code   RO         5167    i.cmd_trim          nrf_cli.o
    0x00003cee   0x00003cee   0x00000018   Code   RO         3293    i.compare_func      app_timer2.o
    0x00003d06   0x00003d06   0x00000002   PAD
    0x00003d08   0x00003d08   0x00000094   Code   RO         5168    i.completion_insert  nrf_cli.o
    0x00003d9c   0x00003d9c   0x00000018   Code   RO         5169    i.cursor_down_move  nrf_cli.o
    0x00003db4   0x00003db4   0x00000052   Code   RO         5170    i.cursor_end_position_move  nrf_cli.o
    0x00003e06   0x00003e06   0x00000054   Code   RO         5171    i.cursor_home_position_move  nrf_cli.o
    0x00003e5a   0x00003e5a   0x00000026   Code   RO         5172    i.cursor_in_empty_line  nrf_cli.o
    0x00003e80   0x00003e80   0x00000018   Code   RO         5173    i.cursor_left_move  nrf_cli.o
    0x00003e98   0x00003e98   0x0000000c   Code   RO         5174    i.cursor_next_line_move  nrf_cli.o
    0x00003ea4   0x00003ea4   0x00000124   Code   RO         5175    i.cursor_position_get  nrf_cli.o
    0x00003fc8   0x00003fc8   0x0000006a   Code   RO         5176    i.cursor_position_synchronize  nrf_cli.o
    0x00004032   0x00004032   0x00000002   PAD
    0x00004034   0x00004034   0x00000018   Code   RO         5177    i.cursor_right_move  nrf_cli.o
    0x0000404c   0x0000404c   0x00000018   Code   RO         5178    i.cursor_up_move    nrf_cli.o
    0x00004064   0x00004064   0x00000048   Code   RO         3044    i.detection_delay_timeout_handler  app_button.o
    0x000040ac   0x000040ac   0x00000014   Code   RO         6377    i.dropped_sat16_get  nrf_log_frontend.o
    0x000040c0   0x000040c0   0x00000014   Code   RO         4600    i.drv_rtc_compare_disable  drv_rtc.o
    0x000040d4   0x000040d4   0x0000000e   Code   RO         4603    i.drv_rtc_compare_pending  drv_rtc.o
    0x000040e2   0x000040e2   0x00000050   Code   RO         4604    i.drv_rtc_compare_set  drv_rtc.o
    0x00004132   0x00004132   0x00000008   Code   RO         4605    i.drv_rtc_counter_get  drv_rtc.o
    0x0000413a   0x0000413a   0x00000002   PAD
    0x0000413c   0x0000413c   0x000000ec   Code   RO         4606    i.drv_rtc_init      drv_rtc.o
    0x00004228   0x00004228   0x0000001e   Code   RO         4607    i.drv_rtc_irq_trigger  drv_rtc.o
    0x00004246   0x00004246   0x00000008   Code   RO         4609    i.drv_rtc_overflow_enable  drv_rtc.o
    0x0000424e   0x0000424e   0x00000008   Code   RO         4610    i.drv_rtc_overflow_pending  drv_rtc.o
    0x00004256   0x00004256   0x00000008   Code   RO         4611    i.drv_rtc_start     drv_rtc.o
    0x0000425e   0x0000425e   0x00000008   Code   RO         4612    i.drv_rtc_stop      drv_rtc.o
    0x00004266   0x00004266   0x000000de   Code   RO         4617    i.drv_rtc_windowed_compare_set  drv_rtc.o
    0x00004344   0x00004344   0x0000000c   Code   RO         2455    i.ep2bit            nrfx_usbd.o
    0x00004350   0x00004350   0x00000018   Code   RO         2456    i.ep_state_access   nrfx_usbd.o
    0x00004368   0x00004368   0x00000004   Code   RO         2457    i.ev_dma_epin0_handler  nrfx_usbd.o
    0x0000436c   0x0000436c   0x00000006   Code   RO         2458    i.ev_dma_epin1_handler  nrfx_usbd.o
    0x00004372   0x00004372   0x00000006   Code   RO         2459    i.ev_dma_epin2_handler  nrfx_usbd.o
    0x00004378   0x00004378   0x00000006   Code   RO         2460    i.ev_dma_epin3_handler  nrfx_usbd.o
    0x0000437e   0x0000437e   0x00000006   Code   RO         2461    i.ev_dma_epin4_handler  nrfx_usbd.o
    0x00004384   0x00004384   0x00000006   Code   RO         2462    i.ev_dma_epin5_handler  nrfx_usbd.o
    0x0000438a   0x0000438a   0x00000006   Code   RO         2463    i.ev_dma_epin6_handler  nrfx_usbd.o
    0x00004390   0x00004390   0x00000006   Code   RO         2464    i.ev_dma_epin7_handler  nrfx_usbd.o
    0x00004396   0x00004396   0x00000002   PAD
    0x00004398   0x00004398   0x00000060   Code   RO         2465    i.ev_dma_epin8_handler  nrfx_usbd.o
    0x000043f8   0x000043f8   0x00000060   Code   RO         2466    i.ev_dma_epout0_handler  nrfx_usbd.o
    0x00004458   0x00004458   0x00000006   Code   RO         2467    i.ev_dma_epout1_handler  nrfx_usbd.o
    0x0000445e   0x0000445e   0x00000006   Code   RO         2468    i.ev_dma_epout2_handler  nrfx_usbd.o
    0x00004464   0x00004464   0x00000006   Code   RO         2469    i.ev_dma_epout3_handler  nrfx_usbd.o
    0x0000446a   0x0000446a   0x00000006   Code   RO         2470    i.ev_dma_epout4_handler  nrfx_usbd.o
    0x00004470   0x00004470   0x00000006   Code   RO         2471    i.ev_dma_epout5_handler  nrfx_usbd.o
    0x00004476   0x00004476   0x00000006   Code   RO         2472    i.ev_dma_epout6_handler  nrfx_usbd.o
    0x0000447c   0x0000447c   0x00000006   Code   RO         2473    i.ev_dma_epout7_handler  nrfx_usbd.o
    0x00004482   0x00004482   0x00000002   PAD
    0x00004484   0x00004484   0x0000004c   Code   RO         2474    i.ev_dma_epout8_handler  nrfx_usbd.o
    0x000044d0   0x000044d0   0x00000040   Code   RO         2475    i.ev_epdata_handler  nrfx_usbd.o
    0x00004510   0x00004510   0x0000001c   Code   RO         2476    i.ev_setup_data_handler  nrfx_usbd.o
    0x0000452c   0x0000452c   0x00000078   Code   RO         2477    i.ev_setup_handler  nrfx_usbd.o
    0x000045a4   0x000045a4   0x0000004c   Code   RO         2478    i.ev_sof_handler    nrfx_usbd.o
    0x000045f0   0x000045f0   0x00000002   Code   RO         2479    i.ev_started_handler  nrfx_usbd.o
    0x000045f2   0x000045f2   0x00000002   PAD
    0x000045f4   0x000045f4   0x00000074   Code   RO         2480    i.ev_usbevent_handler  nrfx_usbd.o
    0x00004668   0x00004668   0x00000020   Code   RO         2481    i.ev_usbreset_handler  nrfx_usbd.o
    0x00004688   0x00004688   0x00000012   Code   RO         4618    i.evt_enable        drv_rtc.o
    0x0000469a   0x0000469a   0x00000002   PAD
    0x0000469c   0x0000469c   0x000000d8   Code   RO         3045    i.evt_handle        app_button.o
    0x00004774   0x00004774   0x00000014   Code   RO         4619    i.evt_pending       drv_rtc.o
    0x00004788   0x00004788   0x000000f2   Code   RO         5179    i.format_offset_string_print  nrf_cli.o
    0x0000487a   0x0000487a   0x00000026   Code   RO         5180    i.full_line_cmd     nrf_cli.o
    0x000048a0   0x000048a0   0x00000034   Code   RO         3294    i.get_now           app_timer2.o
    0x000048d4   0x000048d4   0x0000003c   Code   RO         3046    i.gpiote_event_handler  app_button.o
    0x00004910   0x00004910   0x00000050   Code   RO         4129    i.hid_kbd_clear_buffer  app_usbd_hid_kbd.o
    0x00004960   0x00004960   0x00000004   Code   RO         4130    i.hid_kbd_ep_transfer_in  app_usbd_hid_kbd.o
    0x00004964   0x00004964   0x00000014   Code   RO         4131    i.hid_kbd_event_handler  app_usbd_hid_kbd.o
    0x00004978   0x00004978   0x000003b4   Code   RO         4132    i.hid_kbd_feed_descriptors  app_usbd_hid_kbd.o
    0x00004d2c   0x00004d2c   0x00000004   Code   RO         4133    i.hid_kbd_get_class_descriptors_count  app_usbd_hid_kbd.o
    0x00004d30   0x00004d30   0x0000000c   Code   RO         4134    i.hid_kbd_get_class_descriptors_data  app_usbd_hid_kbd.o
    0x00004d3c   0x00004d3c   0x0000000a   Code   RO         4135    i.hid_kbd_get_class_descriptors_length  app_usbd_hid_kbd.o
    0x00004d46   0x00004d46   0x00000032   Code   RO         4136    i.hid_kbd_on_get_report  app_usbd_hid_kbd.o
    0x00004d78   0x00004d78   0x00000054   Code   RO         4137    i.hid_kbd_on_idle   app_usbd_hid_kbd.o
    0x00004dcc   0x00004dcc   0x00000054   Code   RO         4139    i.hid_kbd_on_set_report  app_usbd_hid_kbd.o
    0x00004e20   0x00004e20   0x00000020   Code   RO         4140    i.hid_kbd_on_set_report_data_cb  app_usbd_hid_kbd.o
    0x00004e40   0x00004e40   0x00000020   Code   RO         4141    i.hid_kbd_rep_buffer_get  app_usbd_hid_kbd.o
    0x00004e60   0x00004e60   0x0000002a   Code   RO         4142    i.hid_kbd_transfer_next  app_usbd_hid_kbd.o
    0x00004e8a   0x00004e8a   0x0000005a   Code   RO         4143    i.hid_kbd_transfer_set  app_usbd_hid_kbd.o
    0x00004ee4   0x00004ee4   0x00000032   Code   RO            5    i.hid_kbd_user_ev_handler  main.o
    0x00004f16   0x00004f16   0x00000016   Code   RO         4325    i.hid_mouse_acc_overflow_check  app_usbd_hid_mouse.o
    0x00004f2c   0x00004f2c   0x00000018   Code   RO         4326    i.hid_mouse_axis_acc_get  app_usbd_hid_mouse.o
    0x00004f44   0x00004f44   0x00000056   Code   RO         4327    i.hid_mouse_clear_buffer  app_usbd_hid_mouse.o
    0x00004f9a   0x00004f9a   0x00000004   Code   RO         4328    i.hid_mouse_ep_transfer_in  app_usbd_hid_mouse.o
    0x00004f9e   0x00004f9e   0x00000014   Code   RO         4329    i.hid_mouse_event_handler  app_usbd_hid_mouse.o
    0x00004fb2   0x00004fb2   0x00000002   PAD
    0x00004fb4   0x00004fb4   0x000003b4   Code   RO         4330    i.hid_mouse_feed_descriptors  app_usbd_hid_mouse.o
    0x00005368   0x00005368   0x00000004   Code   RO         4331    i.hid_mouse_get_class_descriptors_count  app_usbd_hid_mouse.o
    0x0000536c   0x0000536c   0x0000000c   Code   RO         4332    i.hid_mouse_get_class_descriptors_data  app_usbd_hid_mouse.o
    0x00005378   0x00005378   0x0000000a   Code   RO         4333    i.hid_mouse_get_class_descriptors_length  app_usbd_hid_mouse.o
    0x00005382   0x00005382   0x00000020   Code   RO         4334    i.hid_mouse_on_get_report  app_usbd_hid_mouse.o
    0x000053a2   0x000053a2   0x0000005c   Code   RO         4335    i.hid_mouse_on_idle  app_usbd_hid_mouse.o
    0x000053fe   0x000053fe   0x00000004   Code   RO         4337    i.hid_mouse_on_set_report  app_usbd_hid_mouse.o
    0x00005402   0x00005402   0x00000020   Code   RO         4338    i.hid_mouse_rep_buffer_get  app_usbd_hid_mouse.o
    0x00005422   0x00005422   0x000000b6   Code   RO         4339    i.hid_mouse_transfer_set  app_usbd_hid_mouse.o
    0x000054d8   0x000054d8   0x0000001a   Code   RO            6    i.hid_mouse_user_ev_handler  main.o
    0x000054f2   0x000054f2   0x00000084   Code   RO         4030    i.hid_sof_required  app_usbd_hid.o
    0x00005576   0x00005576   0x00000002   PAD
    0x00005578   0x00005578   0x00000144   Code   RO         5181    i.history_handle    nrf_cli.o
    0x000056bc   0x000056bc   0x00000078   Code   RO         5182    i.history_list_element_add  nrf_cli.o
    0x00005734   0x00005734   0x00000068   Code   RO         5183    i.history_list_element_oldest_remove  nrf_cli.o
    0x0000579c   0x0000579c   0x00000086   Code   RO         5184    i.history_save      nrf_cli.o
    0x00005822   0x00005822   0x00000002   PAD
    0x00005824   0x00005824   0x00000060   Code   RO            7    i.init_bsp          main.o
    0x00005884   0x00005884   0x0000005c   Code   RO            8    i.init_cli          main.o
    0x000058e0   0x000058e0   0x000000a6   Code   RO         5716    i.int_print         nrf_fprintf_format.o
    0x00005986   0x00005986   0x00000002   PAD
    0x00005988   0x00005988   0x00000088   Code   RO         2285    i.interrupts_enable  nrfx_uarte.o
    0x00005a10   0x00005a10   0x00000034   Code   RO         6378    i.invalid_packets_omit  nrf_log_frontend.o
    0x00005a44   0x00005a44   0x00000010   Code   RO         5185    i.is_completion_candidate  nrf_cli.o
    0x00005a54   0x00005a54   0x00000016   Code   RO          849    i.item_enqueue      nrf_drv_clock.o
    0x00005a6a   0x00005a6a   0x00000002   PAD
    0x00005a6c   0x00005a6c   0x00000040   Code   RO            9    i.kbd_status        main.o
    0x00005aac   0x00005aac   0x00000030   Code   RO          601    i.leds_off          bsp.o
    0x00005adc   0x00005adc   0x00000014   Code   RO          602    i.leds_timer_handler  bsp.o
    0x00005af0   0x00005af0   0x0000000c   Code   RO         6379    i.log_backend_ctrl  nrf_log_frontend.o
    0x00005afc   0x00005afc   0x0000000c   Code   RO         6380    i.log_backend_go    nrf_log_frontend.o
    0x00005b08   0x00005b08   0x0000000c   Code   RO         6381    i.log_backend_halt  nrf_log_frontend.o
    0x00005b14   0x00005b14   0x0000000c   Code   RO         6382    i.log_backend_status  nrf_log_frontend.o
    0x00005b20   0x00005b20   0x0000005c   Code   RO         6383    i.log_cmd           nrf_log_frontend.o
    0x00005b7c   0x00005b7c   0x000000c8   Code   RO         6384    i.log_cmd_backends_list  nrf_log_frontend.o
    0x00005c44   0x00005c44   0x0000003c   Code   RO         6385    i.log_config_load_cmd  nrf_log_frontend.o
    0x00005c80   0x00005c80   0x0000003c   Code   RO         6386    i.log_config_store_cmd  nrf_log_frontend.o
    0x00005cbc   0x00005cbc   0x000001cc   Code   RO         6387    i.log_ctrl          nrf_log_frontend.o
    0x00005e88   0x00005e88   0x00000008   Code   RO         6388    i.log_go            nrf_log_frontend.o
    0x00005e90   0x00005e90   0x00000008   Code   RO         6389    i.log_halt          nrf_log_frontend.o
    0x00005e98   0x00005e98   0x00000002   Code   RO         6390    i.log_pending_hook  nrf_log_frontend.o
    0x00005e9a   0x00005e9a   0x00000010   Code   RO         6391    i.log_self_ctrl     nrf_log_frontend.o
    0x00005eaa   0x00005eaa   0x0000000a   Code   RO         6392    i.log_self_go       nrf_log_frontend.o
    0x00005eb4   0x00005eb4   0x0000000a   Code   RO         6393    i.log_self_halt     nrf_log_frontend.o
    0x00005ebe   0x00005ebe   0x00000010   Code   RO         6394    i.log_self_status   nrf_log_frontend.o
    0x00005ece   0x00005ece   0x00000002   PAD
    0x00005ed0   0x00005ed0   0x000000a4   Code   RO         6395    i.log_skip          nrf_log_frontend.o
    0x00005f74   0x00005f74   0x00000140   Code   RO         6396    i.log_status        nrf_log_frontend.o
    0x000060b4   0x000060b4   0x000000ec   Code   RO           10    i.main              main.o
    0x000061a0   0x000061a0   0x0000015a   Code   RO         5186    i.make_argv         nrf_cli.o
    0x000062fa   0x000062fa   0x0000007e   Code   RO         5755    i.memobj_op         nrf_memobj.o
    0x00006378   0x00006378   0x00000026   Code   RO         6397    i.module_id_filter_set  nrf_log_frontend.o
    0x0000639e   0x0000639e   0x00000002   PAD
    0x000063a0   0x000063a0   0x00000030   Code   RO         6398    i.module_idx_get    nrf_log_frontend.o
    0x000063d0   0x000063d0   0x0000001c   Code   RO         6399    i.module_name_get   nrf_log_frontend.o
    0x000063ec   0x000063ec   0x0000000c   Code   RO           11    i.mouse_move_timer_handler  main.o
    0x000063f8   0x000063f8   0x00000050   Code   RO         5187    i.multiline_console_data_check  nrf_cli.o
    0x00006448   0x00006448   0x00000026   Code   RO         4892    i.nrf_atfifo_init   nrf_atfifo.o
    0x0000646e   0x0000646e   0x00000016   Code   RO         4893    i.nrf_atfifo_item_alloc  nrf_atfifo.o
    0x00006484   0x00006484   0x00000016   Code   RO         4894    i.nrf_atfifo_item_free  nrf_atfifo.o
    0x0000649a   0x0000649a   0x00000016   Code   RO         4895    i.nrf_atfifo_item_get  nrf_atfifo.o
    0x000064b0   0x000064b0   0x00000016   Code   RO         4896    i.nrf_atfifo_item_put  nrf_atfifo.o
    0x000064c6   0x000064c6   0x00000006   Code   RO         4959    i.nrf_atomic_flag_clear  nrf_atomic.o
    0x000064cc   0x000064cc   0x00000006   Code   RO         4960    i.nrf_atomic_flag_clear_fetch  nrf_atomic.o
    0x000064d2   0x000064d2   0x00000006   Code   RO         4961    i.nrf_atomic_flag_set  nrf_atomic.o
    0x000064d8   0x000064d8   0x00000006   Code   RO         4962    i.nrf_atomic_flag_set_fetch  nrf_atomic.o
    0x000064de   0x000064de   0x0000000c   Code   RO         4963    i.nrf_atomic_u32_add  nrf_atomic.o
    0x000064ea   0x000064ea   0x0000000c   Code   RO         4964    i.nrf_atomic_u32_and  nrf_atomic.o
    0x000064f6   0x000064f6   0x0000000a   Code   RO         4967    i.nrf_atomic_u32_fetch_and  nrf_atomic.o
    0x00006500   0x00006500   0x0000000a   Code   RO         4968    i.nrf_atomic_u32_fetch_or  nrf_atomic.o
    0x0000650a   0x0000650a   0x0000000a   Code   RO         4969    i.nrf_atomic_u32_fetch_store  nrf_atomic.o
    0x00006514   0x00006514   0x0000000c   Code   RO         4973    i.nrf_atomic_u32_or  nrf_atomic.o
    0x00006520   0x00006520   0x0000000c   Code   RO         4975    i.nrf_atomic_u32_sub  nrf_atomic.o
    0x0000652c   0x0000652c   0x0000000c   Code   RO         4976    i.nrf_atomic_u32_sub_hs  nrf_atomic.o
    0x00006538   0x00006538   0x0000003e   Code   RO         5094    i.nrf_balloc_alloc  nrf_balloc.o
    0x00006576   0x00006576   0x0000002a   Code   RO         5095    i.nrf_balloc_free   nrf_balloc.o
    0x000065a0   0x000065a0   0x00000030   Code   RO         5096    i.nrf_balloc_init   nrf_balloc.o
    0x000065d0   0x000065d0   0x000000c8   Code   RO         5097    i.nrf_balloc_status  nrf_balloc.o
    0x00006698   0x00006698   0x00000010   Code   RO         1509    i.nrf_bitmask_bit_is_set  nrfx_gpiote.o
    0x000066a8   0x000066a8   0x0000007c   Code   RO         6400    i.nrf_cli_backend_cmd_execute  nrf_log_frontend.o
    0x00006724   0x00006724   0x0000004c   Code   RO         5188    i.nrf_cli_build_in_cmd_common_executed  nrf_cli.o
    0x00006770   0x00006770   0x00000044   Code   RO         5189    i.nrf_cli_cmd_clear  nrf_cli.o
    0x000067b4   0x000067b4   0x00000044   Code   RO         5190    i.nrf_cli_cmd_cli   nrf_cli.o
    0x000067f8   0x000067f8   0x0000006c   Code   RO         5191    i.nrf_cli_cmd_cli_stats  nrf_cli.o
    0x00006864   0x00006864   0x00000030   Code   RO         5192    i.nrf_cli_cmd_cli_stats_reset  nrf_cli.o
    0x00006894   0x00006894   0x00000088   Code   RO         5193    i.nrf_cli_cmd_cli_stats_show  nrf_cli.o
    0x0000691c   0x0000691c   0x00000068   Code   RO         5194    i.nrf_cli_cmd_colors  nrf_cli.o
    0x00006984   0x00006984   0x0000002a   Code   RO         5195    i.nrf_cli_cmd_colors_off  nrf_cli.o
    0x000069ae   0x000069ae   0x0000002a   Code   RO         5196    i.nrf_cli_cmd_colors_on  nrf_cli.o
    0x000069d8   0x000069d8   0x00000098   Code   RO         5197    i.nrf_cli_cmd_echo  nrf_cli.o
    0x00006a70   0x00006a70   0x0000002a   Code   RO         5198    i.nrf_cli_cmd_echo_off  nrf_cli.o
    0x00006a9a   0x00006a9a   0x0000002a   Code   RO         5199    i.nrf_cli_cmd_echo_on  nrf_cli.o
    0x00006ac4   0x00006ac4   0x00000078   Code   RO         5200    i.nrf_cli_cmd_history  nrf_cli.o
    0x00006b3c   0x00006b3c   0x000000c4   Code   RO         5201    i.nrf_cli_cmd_resize  nrf_cli.o
    0x00006c00   0x00006c00   0x0000003c   Code   RO         5202    i.nrf_cli_cmd_resize_default  nrf_cli.o
    0x00006c3c   0x00006c3c   0x00000050   Code   RO         5203    i.nrf_cli_fprintf   nrf_cli.o
    0x00006c8c   0x00006c8c   0x0000027c   Code   RO         5204    i.nrf_cli_help_print  nrf_cli.o
    0x00006f08   0x00006f08   0x0000000c   Code   RO         6401    i.nrf_cli_help_requested  nrf_log_frontend.o
    0x00006f14   0x00006f14   0x00000032   Code   RO         5205    i.nrf_cli_init      nrf_cli.o
    0x00006f46   0x00006f46   0x00000002   PAD
    0x00006f48   0x00006f48   0x000000c0   Code   RO         5206    i.nrf_cli_instance_init  nrf_cli.o
    0x00007008   0x00007008   0x00000006   Code   RO         5208    i.nrf_cli_print_stream  nrf_cli.o
    0x0000700e   0x0000700e   0x00000002   PAD
    0x00007010   0x00007010   0x00000074   Code   RO         5209    i.nrf_cli_process   nrf_cli.o
    0x00007084   0x00007084   0x00000048   Code   RO         5210    i.nrf_cli_start     nrf_cli.o
    0x000070cc   0x000070cc   0x0000000e   Code   RO         1368    i.nrf_clock_event_check  nrfx_clock.o
    0x000070da   0x000070da   0x00000010   Code   RO         1369    i.nrf_clock_event_clear  nrfx_clock.o
    0x000070ea   0x000070ea   0x00000002   PAD
    0x000070ec   0x000070ec   0x0000002c   Code   RO          853    i.nrf_drv_clock_hfclk_release  nrf_drv_clock.o
    0x00007118   0x00007118   0x00000048   Code   RO          854    i.nrf_drv_clock_hfclk_request  nrf_drv_clock.o
    0x00007160   0x00007160   0x0000003c   Code   RO          855    i.nrf_drv_clock_init  nrf_drv_clock.o
    0x0000719c   0x0000719c   0x00000010   Code   RO          858    i.nrf_drv_clock_lfclk_is_running  nrf_drv_clock.o
    0x000071ac   0x000071ac   0x00000048   Code   RO          860    i.nrf_drv_clock_lfclk_request  nrf_drv_clock.o
    0x000071f4   0x000071f4   0x00000028   Code   RO          989    i.nrf_drv_power_init  nrf_drv_power.o
    0x0000721c   0x0000721c   0x00000016   Code   RO          996    i.nrf_drv_power_usbevt_init  nrf_drv_power.o
    0x00007232   0x00007232   0x0000000e   Code   RO          997    i.nrf_drv_power_usbevt_uninit  nrf_drv_power.o
    0x00007240   0x00007240   0x00000068   Code   RO         1075    i.nrf_drv_uart_init  nrf_drv_uart.o
    0x000072a8   0x000072a8   0x00000020   Code   RO         5599    i.nrf_drv_uart_tx   nrf_cli_uart.o
    0x000072c8   0x000072c8   0x00000018   Code   RO         5600    i.nrf_drv_uart_uninit  nrf_cli_uart.o
    0x000072e0   0x000072e0   0x0000001a   Code   RO         5685    i.nrf_fprintf       nrf_fprintf.o
    0x000072fa   0x000072fa   0x00000018   Code   RO         5686    i.nrf_fprintf_buffer_flush  nrf_fprintf.o
    0x00007312   0x00007312   0x000001da   Code   RO         5717    i.nrf_fprintf_fmt   nrf_fprintf_format.o
    0x000074ec   0x000074ec   0x00000032   Code   RO          489    i.nrf_gpio_cfg      boards.o
    0x0000751e   0x0000751e   0x00000032   Code   RO         1510    i.nrf_gpio_cfg      nrfx_gpiote.o
    0x00007550   0x00007550   0x00000032   Code   RO         2089    i.nrf_gpio_cfg      nrfx_uart.o
    0x00007582   0x00007582   0x00000032   Code   RO         2286    i.nrf_gpio_cfg      nrfx_uarte.o
    0x000075b4   0x000075b4   0x00000012   Code   RO         2090    i.nrf_gpio_cfg_default  nrfx_uart.o
    0x000075c6   0x000075c6   0x00000012   Code   RO         2287    i.nrf_gpio_cfg_default  nrfx_uarte.o
    0x000075d8   0x000075d8   0x00000012   Code   RO         2091    i.nrf_gpio_cfg_input  nrfx_uart.o
    0x000075ea   0x000075ea   0x00000012   Code   RO         2288    i.nrf_gpio_cfg_input  nrfx_uarte.o
    0x000075fc   0x000075fc   0x00000014   Code   RO         2092    i.nrf_gpio_cfg_output  nrfx_uart.o
    0x00007610   0x00007610   0x00000014   Code   RO         2289    i.nrf_gpio_cfg_output  nrfx_uarte.o
    0x00007624   0x00007624   0x00000030   Code   RO         1512    i.nrf_gpio_cfg_sense_set  nrfx_gpiote.o
    0x00007654   0x00007654   0x00000030   Code   RO         1513    i.nrf_gpio_latches_read_and_clear  nrfx_gpiote.o
    0x00007684   0x00007684   0x0000001c   Code   RO          490    i.nrf_gpio_pin_port_decode  boards.o
    0x000076a0   0x000076a0   0x0000001c   Code   RO         1515    i.nrf_gpio_pin_port_decode  nrfx_gpiote.o
    0x000076bc   0x000076bc   0x0000001c   Code   RO         2093    i.nrf_gpio_pin_port_decode  nrfx_uart.o
    0x000076d8   0x000076d8   0x0000001c   Code   RO         2290    i.nrf_gpio_pin_port_decode  nrfx_uarte.o
    0x000076f4   0x000076f4   0x0000002c   Code   RO         1516    i.nrf_gpio_pin_present_check  nrfx_gpiote.o
    0x00007720   0x00007720   0x00000016   Code   RO         1517    i.nrf_gpio_pin_read  nrfx_gpiote.o
    0x00007736   0x00007736   0x00000014   Code   RO         2094    i.nrf_gpio_pin_set  nrfx_uart.o
    0x0000774a   0x0000774a   0x00000014   Code   RO         2291    i.nrf_gpio_pin_set  nrfx_uarte.o
    0x0000775e   0x0000775e   0x00000026   Code   RO          491    i.nrf_gpio_pin_write  boards.o
    0x00007784   0x00007784   0x00000014   Code   RO         1519    i.nrf_gpiote_event_clear  nrfx_gpiote.o
    0x00007798   0x00007798   0x00000010   Code   RO         1520    i.nrf_gpiote_event_is_set  nrfx_gpiote.o
    0x000077a8   0x000077a8   0x00000090   Code   RO         6402    i.nrf_log_backend_add  nrf_log_frontend.o
    0x00007838   0x00007838   0x0000000a   Code   RO         5214    i.nrf_log_backend_cli_flush  nrf_cli.o
    0x00007842   0x00007842   0x0000001e   Code   RO         5215    i.nrf_log_backend_cli_panic_set  nrf_cli.o
    0x00007860   0x00007860   0x00000052   Code   RO         5216    i.nrf_log_backend_cli_put  nrf_cli.o
    0x000078b2   0x000078b2   0x000000c8   Code   RO         6234    i.nrf_log_backend_serial_put  nrf_log_backend_serial.o
    0x0000797a   0x0000797a   0x00000002   Code   RO         6271    i.nrf_log_backend_uart_flush  nrf_log_backend_uart.o
    0x0000797c   0x0000797c   0x0000002c   Code   RO         6273    i.nrf_log_backend_uart_panic_set  nrf_log_backend_uart.o
    0x000079a8   0x000079a8   0x00000018   Code   RO         6274    i.nrf_log_backend_uart_put  nrf_log_backend_uart.o
    0x000079c0   0x000079c0   0x00000030   Code   RO         6404    i.nrf_log_color_id_get  nrf_log_frontend.o
    0x000079f0   0x000079f0   0x00000274   Code   RO         6405    i.nrf_log_frontend_dequeue  nrf_log_frontend.o
    0x00007c64   0x00007c64   0x00000008   Code   RO         6407    i.nrf_log_frontend_std_0  nrf_log_frontend.o
    0x00007c6c   0x00007c6c   0x0000000e   Code   RO         6408    i.nrf_log_frontend_std_1  nrf_log_frontend.o
    0x00007c7a   0x00007c7a   0x00000012   Code   RO         6410    i.nrf_log_frontend_std_3  nrf_log_frontend.o
    0x00007c8c   0x00007c8c   0x00000014   Code   RO         6411    i.nrf_log_frontend_std_4  nrf_log_frontend.o
    0x00007ca0   0x00007ca0   0x000000b0   Code   RO         6696    i.nrf_log_hexdump_entry_process  nrf_log_str_formatter.o
    0x00007d50   0x00007d50   0x000000a0   Code   RO         6414    i.nrf_log_init      nrf_log_frontend.o
    0x00007df0   0x00007df0   0x00000014   Code   RO         6415    i.nrf_log_module_cnt_get  nrf_log_frontend.o
    0x00007e04   0x00007e04   0x00000048   Code   RO         6416    i.nrf_log_module_filter_get  nrf_log_frontend.o
    0x00007e4c   0x00007e4c   0x00000050   Code   RO         6417    i.nrf_log_module_filter_set  nrf_log_frontend.o
    0x00007e9c   0x00007e9c   0x0000001c   Code   RO         6418    i.nrf_log_module_name_get  nrf_log_frontend.o
    0x00007eb8   0x00007eb8   0x00000028   Code   RO         6419    i.nrf_log_panic     nrf_log_frontend.o
    0x00007ee0   0x00007ee0   0x000000b6   Code   RO         6697    i.nrf_log_std_entry_process  nrf_log_str_formatter.o
    0x00007f96   0x00007f96   0x00000060   Code   RO         5756    i.nrf_memobj_alloc  nrf_memobj.o
    0x00007ff6   0x00007ff6   0x00000032   Code   RO         5757    i.nrf_memobj_free   nrf_memobj.o
    0x00008028   0x00008028   0x00000008   Code   RO         5758    i.nrf_memobj_get    nrf_memobj.o
    0x00008030   0x00008030   0x00000004   Code   RO         5759    i.nrf_memobj_pool_init  nrf_memobj.o
    0x00008034   0x00008034   0x0000001e   Code   RO         5760    i.nrf_memobj_put    nrf_memobj.o
    0x00008052   0x00008052   0x00000010   Code   RO         5761    i.nrf_memobj_read   nrf_memobj.o
    0x00008062   0x00008062   0x00000010   Code   RO         5762    i.nrf_memobj_write  nrf_memobj.o
    0x00008072   0x00008072   0x0000001c   Code   RO         1829    i.nrf_power_event_get_and_clear  nrfx_power.o
    0x0000808e   0x0000808e   0x00000002   Code   RO         5830    i.nrf_pwr_mgmt_feed  nrf_pwr_mgmt.o
    0x00008090   0x00008090   0x00000088   Code   RO         5903    i.nrf_queue_generic_pop  nrf_queue.o
    0x00008118   0x00008118   0x00000012   Code   RO         5905    i.nrf_queue_is_empty  nrf_queue.o
    0x0000812a   0x0000812a   0x0000001e   Code   RO         5906    i.nrf_queue_is_full  nrf_queue.o
    0x00008148   0x00008148   0x00000006   Code   RO         5907    i.nrf_queue_max_utilization_get  nrf_queue.o
    0x0000814e   0x0000814e   0x00000008   Code   RO         5908    i.nrf_queue_max_utilization_reset  nrf_queue.o
    0x00008156   0x00008156   0x0000000e   Code   RO         5909    i.nrf_queue_next_idx  nrf_queue.o
    0x00008164   0x00008164   0x000000ac   Code   RO         5911    i.nrf_queue_push    nrf_queue.o
    0x00008210   0x00008210   0x000000e0   Code   RO         5914    i.nrf_queue_status  nrf_queue.o
    0x000082f0   0x000082f0   0x0000001c   Code   RO         5915    i.nrf_queue_utilization_get  nrf_queue.o
    0x0000830c   0x0000830c   0x00000070   Code   RO         6034    i.nrf_ringbuf_alloc  nrf_ringbuf.o
    0x0000837c   0x0000837c   0x00000080   Code   RO         6035    i.nrf_ringbuf_cpy_get  nrf_ringbuf.o
    0x000083fc   0x000083fc   0x00000076   Code   RO         6036    i.nrf_ringbuf_cpy_put  nrf_ringbuf.o
    0x00008472   0x00008472   0x00000026   Code   RO         6037    i.nrf_ringbuf_free  nrf_ringbuf.o
    0x00008498   0x00008498   0x00000070   Code   RO         6038    i.nrf_ringbuf_get   nrf_ringbuf.o
    0x00008508   0x00008508   0x0000001c   Code   RO         6039    i.nrf_ringbuf_init  nrf_ringbuf.o
    0x00008524   0x00008524   0x00000030   Code   RO         6040    i.nrf_ringbuf_put   nrf_ringbuf.o
    0x00008554   0x00008554   0x0000000c   Code   RO         4620    i.nrf_rtc_event_clear  drv_rtc.o
    0x00008560   0x00008560   0x00000022   Code   RO         6129    i.nrf_sortlist_add  nrf_sortlist.o
    0x00008582   0x00008582   0x00000006   Code   RO         6131    i.nrf_sortlist_peek  nrf_sortlist.o
    0x00008588   0x00008588   0x0000000e   Code   RO         6132    i.nrf_sortlist_pop  nrf_sortlist.o
    0x00008596   0x00008596   0x0000001e   Code   RO         6133    i.nrf_sortlist_remove  nrf_sortlist.o
    0x000085b4   0x000085b4   0x0000000a   Code   RO         2095    i.nrf_uart_event_check  nrfx_uart.o
    0x000085be   0x000085be   0x0000000c   Code   RO         2096    i.nrf_uart_event_clear  nrfx_uart.o
    0x000085ca   0x000085ca   0x0000000c   Code   RO         2097    i.nrf_uart_int_enable_check  nrfx_uart.o
    0x000085d6   0x000085d6   0x0000000a   Code   RO         2292    i.nrf_uarte_event_check  nrfx_uarte.o
    0x000085e0   0x000085e0   0x0000000c   Code   RO         2293    i.nrf_uarte_event_clear  nrfx_uarte.o
    0x000085ec   0x000085ec   0x00000034   Code   RO         2482    i.nrf_usbd_ep0in_dma_handler  nrfx_usbd.o
    0x00008620   0x00008620   0x00000028   Code   RO         2483    i.nrf_usbd_ep_enable_check  nrfx_usbd.o
    0x00008648   0x00008648   0x00000038   Code   RO         2484    i.nrf_usbd_epin_dma_handler  nrfx_usbd.o
    0x00008680   0x00008680   0x00000064   Code   RO         2485    i.nrf_usbd_epout_dma_handler  nrfx_usbd.o
    0x000086e4   0x000086e4   0x00000010   Code   RO         2486    i.nrf_usbd_event_check  nrfx_usbd.o
    0x000086f4   0x000086f4   0x00000020   Code   RO         2487    i.nrf_usbd_event_get_and_clear  nrfx_usbd.o
    0x00008714   0x00008714   0x00000014   Code   RO         2488    i.nrf_usbd_eventcause_clear  nrfx_usbd.o
    0x00008728   0x00008728   0x00000010   Code   RO         2489    i.nrf_usbd_lowpower_check  nrfx_usbd.o
    0x00008738   0x00008738   0x00000018   Code   RO         2490    i.nrf_usbd_task_trigger  nrfx_usbd.o
    0x00008750   0x00008750   0x00000010   Code   RO          862    i.nrf_wdt_started   nrf_drv_clock.o
    0x00008760   0x00008760   0x0000000a   Code   RO         1238    i.nrfx_atomic_u32_fetch_and  nrfx_atomic.o
    0x0000876a   0x0000876a   0x00000002   PAD
    0x0000876c   0x0000876c   0x00000034   Code   RO         1374    i.nrfx_clock_enable  nrfx_clock.o
    0x000087a0   0x000087a0   0x00000016   Code   RO         1375    i.nrfx_clock_hfclk_start  nrfx_clock.o
    0x000087b6   0x000087b6   0x00000002   PAD
    0x000087b8   0x000087b8   0x0000003c   Code   RO         1376    i.nrfx_clock_hfclk_stop  nrfx_clock.o
    0x000087f4   0x000087f4   0x00000020   Code   RO         1377    i.nrfx_clock_init   nrfx_clock.o
    0x00008814   0x00008814   0x00000058   Code   RO         1378    i.nrfx_clock_irq_handler  nrfx_clock.o
    0x0000886c   0x0000886c   0x00000020   Code   RO         1380    i.nrfx_clock_lfclk_start  nrfx_clock.o
    0x0000888c   0x0000888c   0x00000010   Code   RO         4621    i.nrfx_coredep_delay_us  drv_rtc.o
    0x0000889c   0x0000889c   0x00000098   Code   RO         1526    i.nrfx_gpiote_in_event_enable  nrfx_gpiote.o
    0x00008934   0x00008934   0x000000d0   Code   RO         1528    i.nrfx_gpiote_in_init  nrfx_gpiote.o
    0x00008a04   0x00008a04   0x0000000e   Code   RO         1529    i.nrfx_gpiote_in_is_set  nrfx_gpiote.o
    0x00008a12   0x00008a12   0x00000002   PAD
    0x00008a14   0x00008a14   0x00000078   Code   RO         1531    i.nrfx_gpiote_init  nrfx_gpiote.o
    0x00008a8c   0x00008a8c   0x00000014   Code   RO         1532    i.nrfx_gpiote_is_init  nrfx_gpiote.o
    0x00008aa0   0x00008aa0   0x00000010   Code   RO         2294    i.nrfx_is_in_ram    nrfx_uarte.o
    0x00008ab0   0x00008ab0   0x0000004c   Code   RO         1831    i.nrfx_power_init   nrfx_power.o
    0x00008afc   0x00008afc   0x00000090   Code   RO         1832    i.nrfx_power_irq_handler  nrfx_power.o
    0x00008b8c   0x00008b8c   0x0000000e   Code   RO         1844    i.nrfx_power_usbevt_disable  nrfx_power.o
    0x00008b9a   0x00008b9a   0x0000000e   Code   RO         1845    i.nrfx_power_usbevt_enable  nrfx_power.o
    0x00008ba8   0x00008ba8   0x00000014   Code   RO         1846    i.nrfx_power_usbevt_init  nrfx_power.o
    0x00008bbc   0x00008bbc   0x0000000c   Code   RO         1847    i.nrfx_power_usbevt_uninit  nrfx_power.o
    0x00008bc8   0x00008bc8   0x00000030   Code   RO         1972    i.nrfx_prs_acquire  nrfx_prs.o
    0x00008bf8   0x00008bf8   0x00000012   Code   RO         1973    i.nrfx_prs_release  nrfx_prs.o
    0x00008c0a   0x00008c0a   0x00000002   PAD
    0x00008c0c   0x00008c0c   0x00000010   Code   RO         2098    i.nrfx_uart_0_irq_handler  nrfx_uart.o
    0x00008c1c   0x00008c1c   0x000000d4   Code   RO         2100    i.nrfx_uart_init    nrfx_uart.o
    0x00008cf0   0x00008cf0   0x000000ec   Code   RO         2101    i.nrfx_uart_rx      nrfx_uart.o
    0x00008ddc   0x00008ddc   0x00000012   Code   RO         2102    i.nrfx_uart_rx_abort  nrfx_uart.o
    0x00008dee   0x00008dee   0x00000002   PAD
    0x00008df0   0x00008df0   0x000000a8   Code   RO         2106    i.nrfx_uart_tx      nrfx_uart.o
    0x00008e98   0x00008e98   0x00000020   Code   RO         2108    i.nrfx_uart_tx_in_progress  nrfx_uart.o
    0x00008eb8   0x00008eb8   0x000000c0   Code   RO         2109    i.nrfx_uart_uninit  nrfx_uart.o
    0x00008f78   0x00008f78   0x00000010   Code   RO         2295    i.nrfx_uarte_0_irq_handler  nrfx_uarte.o
    0x00008f88   0x00008f88   0x0000006c   Code   RO         2297    i.nrfx_uarte_init   nrfx_uarte.o
    0x00008ff4   0x00008ff4   0x00000104   Code   RO         2298    i.nrfx_uarte_rx     nrfx_uarte.o
    0x000090f8   0x000090f8   0x0000002c   Code   RO         2299    i.nrfx_uarte_rx_abort  nrfx_uarte.o
    0x00009124   0x00009124   0x000000ac   Code   RO         2301    i.nrfx_uarte_tx     nrfx_uarte.o
    0x000091d0   0x000091d0   0x0000001c   Code   RO         2303    i.nrfx_uarte_tx_in_progress  nrfx_uarte.o
    0x000091ec   0x000091ec   0x00000108   Code   RO         2304    i.nrfx_uarte_uninit  nrfx_uarte.o
    0x000092f4   0x000092f4   0x00000014   Code   RO         2491    i.nrfx_usbd_active_irq_config  nrfx_usbd.o
    0x00009308   0x00009308   0x00000030   Code   RO         2493    i.nrfx_usbd_consumer  nrfx_usbd.o
    0x00009338   0x00009338   0x00000038   Code   RO         2494    i.nrfx_usbd_disable  nrfx_usbd.o
    0x00009370   0x00009370   0x0000007c   Code   RO         2495    i.nrfx_usbd_enable  nrfx_usbd.o
    0x000093ec   0x000093ec   0x00000004   Code   RO         2496    i.nrfx_usbd_ep_abort  nrfx_usbd.o
    0x000093f0   0x000093f0   0x00000044   Code   RO         2498    i.nrfx_usbd_ep_disable  nrfx_usbd.o
    0x00009434   0x00009434   0x0000001c   Code   RO         2499    i.nrfx_usbd_ep_dtoggle_clear  nrfx_usbd.o
    0x00009450   0x00009450   0x00000080   Code   RO         2500    i.nrfx_usbd_ep_enable  nrfx_usbd.o
    0x000094d0   0x000094d0   0x00000004   Code   RO         2501    i.nrfx_usbd_ep_enable_check  nrfx_usbd.o
    0x000094d4   0x000094d4   0x0000006c   Code   RO         2502    i.nrfx_usbd_ep_handled_transfer  nrfx_usbd.o
    0x00009540   0x00009540   0x0000000a   Code   RO         2504    i.nrfx_usbd_ep_max_packet_size_get  nrfx_usbd.o
    0x0000954a   0x0000954a   0x0000000c   Code   RO         2505    i.nrfx_usbd_ep_max_packet_size_set  nrfx_usbd.o
    0x00009556   0x00009556   0x00000002   PAD
    0x00009558   0x00009558   0x00000018   Code   RO         2506    i.nrfx_usbd_ep_stall  nrfx_usbd.o
    0x00009570   0x00009570   0x00000030   Code   RO         2507    i.nrfx_usbd_ep_stall_check  nrfx_usbd.o
    0x000095a0   0x000095a0   0x00000028   Code   RO         2508    i.nrfx_usbd_ep_stall_clear  nrfx_usbd.o
    0x000095c8   0x000095c8   0x0000001c   Code   RO         2510    i.nrfx_usbd_ep_to_endevent  nrfx_usbd.o
    0x000095e4   0x000095e4   0x0000001c   Code   RO         2511    i.nrfx_usbd_ep_to_int  nrfx_usbd.o
    0x00009600   0x00009600   0x000000c8   Code   RO         2512    i.nrfx_usbd_ep_transfer  nrfx_usbd.o
    0x000096c8   0x000096c8   0x00000028   Code   RO         2513    i.nrfx_usbd_epout_size_get  nrfx_usbd.o
    0x000096f0   0x000096f0   0x00000014   Code   RO         2514    i.nrfx_usbd_errata_171  nrfx_usbd.o
    0x00009704   0x00009704   0x00000018   Code   RO         2515    i.nrfx_usbd_errata_187  nrfx_usbd.o
    0x0000971c   0x0000971c   0x00000014   Code   RO         2516    i.nrfx_usbd_errata_199  nrfx_usbd.o
    0x00009730   0x00009730   0x00000008   Code   RO         2517    i.nrfx_usbd_feeder_buffer_get  nrfx_usbd.o
    0x00009738   0x00009738   0x0000003c   Code   RO         2518    i.nrfx_usbd_feeder_flash  nrfx_usbd.o
    0x00009774   0x00009774   0x00000044   Code   RO         2519    i.nrfx_usbd_feeder_flash_zlp  nrfx_usbd.o
    0x000097b8   0x000097b8   0x00000024   Code   RO         2520    i.nrfx_usbd_feeder_ram  nrfx_usbd.o
    0x000097dc   0x000097dc   0x00000036   Code   RO         2521    i.nrfx_usbd_feeder_ram_zlp  nrfx_usbd.o
    0x00009812   0x00009812   0x00000002   PAD
    0x00009814   0x00009814   0x0000000c   Code   RO         2522    i.nrfx_usbd_force_bus_wakeup  nrfx_usbd.o
    0x00009820   0x00009820   0x0000007c   Code   RO         2523    i.nrfx_usbd_init    nrfx_usbd.o
    0x0000989c   0x0000989c   0x00000014   Code   RO         2524    i.nrfx_usbd_is_enabled  nrfx_usbd.o
    0x000098b0   0x000098b0   0x00000010   Code   RO         2525    i.nrfx_usbd_is_initialized  nrfx_usbd.o
    0x000098c0   0x000098c0   0x0000000c   Code   RO         2529    i.nrfx_usbd_last_setup_dir_get  nrfx_usbd.o
    0x000098cc   0x000098cc   0x00000006   Code   RO         2530    i.nrfx_usbd_setup_clear  nrfx_usbd.o
    0x000098d2   0x000098d2   0x00000006   Code   RO         2531    i.nrfx_usbd_setup_data_clear  nrfx_usbd.o
    0x000098d8   0x000098d8   0x00000050   Code   RO         2532    i.nrfx_usbd_setup_get  nrfx_usbd.o
    0x00009928   0x00009928   0x00000006   Code   RO         2533    i.nrfx_usbd_setup_stall  nrfx_usbd.o
    0x0000992e   0x0000992e   0x00000002   PAD
    0x00009930   0x00009930   0x0000004c   Code   RO         2534    i.nrfx_usbd_start   nrfx_usbd.o
    0x0000997c   0x0000997c   0x00000048   Code   RO         2535    i.nrfx_usbd_stop    nrfx_usbd.o
    0x000099c4   0x000099c4   0x00000048   Code   RO         2536    i.nrfx_usbd_suspend  nrfx_usbd.o
    0x00009a0c   0x00009a0c   0x00000014   Code   RO         2538    i.nrfx_usbd_suspend_irq_config  nrfx_usbd.o
    0x00009a20   0x00009a20   0x0000004c   Code   RO         2539    i.nrfx_usbd_transfer_out_drop  nrfx_usbd.o
    0x00009a6c   0x00009a6c   0x00000010   Code   RO         2540    i.nrfx_usbd_uninit  nrfx_usbd.o
    0x00009a7c   0x00009a7c   0x00000054   Code   RO         2541    i.nrfx_usbd_wakeup_req  nrfx_usbd.o
    0x00009ad0   0x00009ad0   0x00000018   Code   RO         7115    i.nvmc_config       system_nrf52.o
    0x00009ae8   0x00009ae8   0x00000090   Code   RO         5217    i.option_print      nrf_cli.o
    0x00009b78   0x00009b78   0x0000001c   Code   RO         1550    i.pin_configured_set  nrfx_gpiote.o
    0x00009b94   0x00009b94   0x00000018   Code   RO         1551    i.pin_in_use_by_port  nrfx_gpiote.o
    0x00009bac   0x00009bac   0x00000018   Code   RO         1552    i.pin_in_use_by_te  nrfx_gpiote.o
    0x00009bc4   0x00009bc4   0x000000d0   Code   RO         1553    i.port_event_handle  nrfx_gpiote.o
    0x00009c94   0x00009c94   0x00000010   Code   RO         1554    i.port_handler_polarity_get  nrfx_gpiote.o
    0x00009ca4   0x00009ca4   0x0000003c   Code   RO         6699    i.postfix_process   nrf_log_str_formatter.o
    0x00009ce0   0x00009ce0   0x00000098   Code   RO         6700    i.prefix_process    nrf_log_str_formatter.o
    0x00009d78   0x00009d78   0x00000018   Code   RO         1974    i.prs_box_get       nrfx_prs.o
    0x00009d90   0x00009d90   0x00000018   Code   RO         5918    i.queue_utilization_get  nrf_queue.o
    0x00009da8   0x00009da8   0x0000005c   Code   RO         3295    i.rtc_irq           app_timer2.o
    0x00009e04   0x00009e04   0x0000006c   Code   RO         3296    i.rtc_schedule      app_timer2.o
    0x00009e70   0x00009e70   0x0000008c   Code   RO         3297    i.rtc_update        app_timer2.o
    0x00009efc   0x00009efc   0x00000032   Code   RO         2110    i.rx_byte           nrfx_uart.o
    0x00009f2e   0x00009f2e   0x00000016   Code   RO         2111    i.rx_done_event     nrfx_uart.o
    0x00009f44   0x00009f44   0x00000016   Code   RO         2305    i.rx_done_event     nrfx_uarte.o
    0x00009f5a   0x00009f5a   0x00000020   Code   RO         2112    i.rx_enable         nrfx_uart.o
    0x00009f7a   0x00009f7a   0x00000002   PAD
    0x00009f7c   0x00009f7c   0x00000054   Code   RO         5601    i.rx_try            nrf_cli_uart.o
    0x00009fd0   0x00009fd0   0x00000040   Code   RO         6275    i.serial_tx         nrf_log_backend_uart.o
    0x0000a010   0x0000a010   0x00000004   Code   RO         3821    i.setup_data_handler_empty  app_usbd_core.o
    0x0000a014   0x0000a014   0x0000010c   Code   RO         3822    i.setup_device_req_get_descriptor  app_usbd_core.o
    0x0000a120   0x0000a120   0x000000fc   Code   RO         3823    i.setup_device_req_std_handler  app_usbd_core.o
    0x0000a21c   0x0000a21c   0x00000094   Code   RO         3824    i.setup_endpoint_req_std  app_usbd_core.o
    0x0000a2b0   0x0000a2b0   0x00000080   Code   RO         4031    i.setup_event_handler  app_usbd_hid.o
    0x0000a330   0x0000a330   0x00000088   Code   RO         3825    i.setup_interface_req_std_handle  app_usbd_core.o
    0x0000a3b8   0x0000a3b8   0x0000009c   Code   RO         4032    i.setup_req_class_out  app_usbd_hid.o
    0x0000a454   0x0000a454   0x00000080   Code   RO         4033    i.setup_req_std_in  app_usbd_hid.o
    0x0000a4d4   0x0000a4d4   0x00000024   Code   RO         6421    i.severity_lvl_get  nrf_log_frontend.o
    0x0000a4f8   0x0000a4f8   0x0000000c   Code   RO         3298    i.sortlist_pop      app_timer2.o
    0x0000a504   0x0000a504   0x00000030   Code   RO         3047    i.state_set         app_button.o
    0x0000a534   0x0000a534   0x00000098   Code   RO         6422    i.std_n             nrf_log_frontend.o
    0x0000a5cc   0x0000a5cc   0x00000008   Code   RO         5218    i.string_cmp        nrf_cli.o
    0x0000a5d4   0x0000a5d4   0x00000058   Code   RO         3479    i.sustate_set       app_usbd.o
    0x0000a62c   0x0000a62c   0x00000060   Code   RO         5219    i.terminal_size_get  nrf_cli.o
    0x0000a68c   0x0000a68c   0x00000088   Code   RO         3299    i.timer_expire      app_timer2.o
    0x0000a714   0x0000a714   0x0000001c   Code   RO         5602    i.timer_handler     nrf_cli_uart.o
    0x0000a730   0x0000a730   0x00000080   Code   RO         3300    i.timer_req_process  app_timer2.o
    0x0000a7b0   0x0000a7b0   0x00000038   Code   RO         3301    i.timer_req_schedule  app_timer2.o
    0x0000a7e8   0x0000a7e8   0x00000018   Code   RO         3048    i.timer_start       app_button.o
    0x0000a800   0x0000a800   0x00000020   Code   RO         2113    i.tx_byte           nrfx_uart.o
    0x0000a820   0x0000a820   0x0000001a   Code   RO         2114    i.tx_done_event     nrfx_uart.o
    0x0000a83a   0x0000a83a   0x0000001a   Code   RO         2306    i.tx_done_event     nrfx_uarte.o
    0x0000a854   0x0000a854   0x0000006e   Code   RO         5603    i.uart_event_handler  nrf_cli_uart.o
    0x0000a8c2   0x0000a8c2   0x00000002   PAD
    0x0000a8c4   0x0000a8c4   0x00000030   Code   RO         1076    i.uart_evt_handler  nrf_drv_uart.o
    0x0000a8f4   0x0000a8f4   0x0000000c   Code   RO         6276    i.uart_evt_handler  nrf_log_backend_uart.o
    0x0000a900   0x0000a900   0x00000050   Code   RO         6277    i.uart_init         nrf_log_backend_uart.o
    0x0000a950   0x0000a950   0x0000012a   Code   RO         2115    i.uart_irq_handler  nrfx_uart.o
    0x0000aa7a   0x0000aa7a   0x00000002   PAD
    0x0000aa7c   0x0000aa7c   0x00000030   Code   RO         1077    i.uarte_evt_handler  nrf_drv_uart.o
    0x0000aaac   0x0000aaac   0x00000112   Code   RO         2307    i.uarte_irq_handler  nrfx_uarte.o
    0x0000abbe   0x0000abbe   0x00000002   PAD
    0x0000abc0   0x0000abc0   0x000000b4   Code   RO         5718    i.unsigned_print    nrf_fprintf_format.o
    0x0000ac74   0x0000ac74   0x00000010   Code   RO         3826    i.usb_core_ep0_handler_check  app_usbd_core.o
    0x0000ac84   0x0000ac84   0x00000028   Code   RO         3827    i.usbd_core_state_set  app_usbd_core.o
    0x0000acac   0x0000acac   0x000000f2   Code   RO         3828    i.usbd_descriptor_conf_feeder  app_usbd_core.o
    0x0000ad9e   0x0000ad9e   0x00000002   PAD
    0x0000ada0   0x0000ada0   0x0000001c   Code   RO         2542    i.usbd_dma_pending_clear  nrfx_usbd.o
    0x0000adbc   0x0000adbc   0x00000154   Code   RO         2543    i.usbd_dmareq_process  nrfx_usbd.o
    0x0000af10   0x0000af10   0x00000094   Code   RO         2544    i.usbd_enable       nrfx_usbd.o
    0x0000afa4   0x0000afa4   0x00000100   Code   RO         2545    i.usbd_ep_abort     nrfx_usbd.o
    0x0000b0a4   0x0000b0a4   0x0000004c   Code   RO         2546    i.usbd_ep_abort_all  nrfx_usbd.o
    0x0000b0f0   0x0000b0f0   0x0000005c   Code   RO         2547    i.usbd_ep_data_handler  nrfx_usbd.o
    0x0000b14c   0x0000b14c   0x00000034   Code   RO         2548    i.usbd_errata_187_211_begin  nrfx_usbd.o
    0x0000b180   0x0000b180   0x00000034   Code   RO         2549    i.usbd_errata_187_211_end  nrfx_usbd.o
    0x0000b1b4   0x0000b1b4   0x00000010   Code   RO         2550    i.usbd_int_rise     nrfx_usbd.o
    0x0000b1c4   0x0000b1c4   0x000000dc   Code   RO           12    i.usbd_user_ev_handler  main.o
    0x0000b2a0   0x0000b2a0   0x00000010   Code   RO         3480    i.user_event_handler  app_usbd.o
    0x0000b2b0   0x0000b2b0   0x0000000c   Code   RO         4034    i.user_event_handler  app_usbd_hid.o
    0x0000b2bc   0x0000b2bc   0x00000010   Code   RO         3481    i.user_event_state_proc  app_usbd.o
    0x0000b2cc   0x0000b2cc   0x00000020   Code   RO         3049    i.usr_event         app_button.o
    0x0000b2ec   0x0000b2ec   0x0000003c   Code   RO         5220    i.vt100_bgcolor_set  nrf_cli.o
    0x0000b328   0x0000b328   0x00000050   Code   RO         5221    i.vt100_color_set   nrf_cli.o
    0x0000b378   0x0000b378   0x00000004   Data   RO           26    .constdata          main.o
    0x0000b37c   0x0000b37c   0x0000000c   Data   RO           27    .constdata          main.o
    0x0000b388   0x0000b388   0x0000000c   Data   RO           28    .constdata          main.o
    0x0000b394   0x0000b394   0x00000014   Data   RO           29    .constdata          main.o
    0x0000b3a8   0x0000b3a8   0x00000018   Data   RO           30    .constdata          main.o
    0x0000b3c0   0x0000b3c0   0x000000b4   Data   RO           31    .constdata          main.o
    0x0000b474   0x0000b474   0x00000034   Data   RO           32    .constdata          main.o
    0x0000b4a8   0x0000b4a8   0x0000000c   Data   RO           33    .constdata          main.o
    0x0000b4b4   0x0000b4b4   0x0000003f   Data   RO           35    .constdata          main.o
    0x0000b4f3   0x0000b4f3   0x00000001   PAD
    0x0000b4f4   0x0000b4f4   0x0000000c   Data   RO           36    .constdata          main.o
    0x0000b500   0x0000b500   0x00000008   Data   RO           37    .constdata          main.o
    0x0000b508   0x0000b508   0x00000008   Data   RO          492    .constdata          boards.o
    0x0000b510   0x0000b510   0x0000002c   Data   RO          605    .constdata          bsp.o
    0x0000b53c   0x0000b53c   0x00000008   Data   RO          714    .constdata          bsp_cli.o
    0x0000b544   0x0000b544   0x00000030   Data   RO          715    .constdata          bsp_cli.o
    0x0000b574   0x0000b574   0x00000010   Data   RO          716    .constdata          bsp_cli.o
    0x0000b584   0x0000b584   0x00000001   Data   RO          998    .constdata          nrf_drv_power.o
    0x0000b585   0x0000b585   0x00000003   PAD
    0x0000b588   0x0000b588   0x00000008   Data   RO         1556    .constdata          nrfx_gpiote.o
    0x0000b590   0x0000b590   0x00000004   Data   RO         2118    .constdata          nrfx_uart.o
    0x0000b594   0x0000b594   0x00000004   Data   RO         2310    .constdata          nrfx_uarte.o
    0x0000b598   0x0000b598   0x000000ce   Data   RO         2552    .constdata          nrfx_usbd.o
    0x0000b666   0x0000b666   0x00000002   PAD
    0x0000b668   0x0000b668   0x00000008   Data   RO         3051    .constdata          app_button.o
    0x0000b670   0x0000b670   0x00000014   Data   RO         3303    .constdata          app_timer2.o
    0x0000b684   0x0000b684   0x00000044   Data   RO         3483    .constdata          app_usbd.o
    0x0000b6c8   0x0000b6c8   0x0000002f   Data   RO         3831    .constdata          app_usbd_core.o
    0x0000b6f7   0x0000b6f7   0x00000001   PAD
    0x0000b6f8   0x0000b6f8   0x00000014   Data   RO         3832    .constdata          app_usbd_core.o
    0x0000b70c   0x0000b70c   0x00000010   Data   RO         3833    .constdata          app_usbd_core.o
    0x0000b71c   0x0000b71c   0x00000024   Data   RO         4144    .constdata          app_usbd_hid_kbd.o
    0x0000b740   0x0000b740   0x00000014   Data   RO         4145    .constdata          app_usbd_hid_kbd.o
    0x0000b754   0x0000b754   0x00000008   Data   RO         4146    .constdata          app_usbd_hid_kbd.o
    0x0000b75c   0x0000b75c   0x00000024   Data   RO         4340    .constdata          app_usbd_hid_mouse.o
    0x0000b780   0x0000b780   0x00000014   Data   RO         4341    .constdata          app_usbd_hid_mouse.o
    0x0000b794   0x0000b794   0x00000006   Data   RO         4500    .constdata          app_usbd_string_desc.o
    0x0000b79a   0x0000b79a   0x00000015   Data   RO         4501    .constdata          app_usbd_string_desc.o
    0x0000b7af   0x0000b7af   0x0000001d   Data   RO         4502    .constdata          app_usbd_string_desc.o
    0x0000b7cc   0x0000b7cc   0x0000000d   Data   RO         4503    .constdata          app_usbd_string_desc.o
    0x0000b7d9   0x0000b7d9   0x00000016   Data   RO         4504    .constdata          app_usbd_string_desc.o
    0x0000b7ef   0x0000b7ef   0x00000007   Data   RO         4505    .constdata          app_usbd_string_desc.o
    0x0000b7f6   0x0000b7f6   0x0000000c   Data   RO         4507    .constdata          app_usbd_string_desc.o
    0x0000b802   0x0000b802   0x0000000e   PAD
    0x0000b810   0x0000b810   0x00000006   Data   RO         4622    .constdata          drv_rtc.o
    0x0000b816   0x0000b816   0x00000002   PAD
    0x0000b818   0x0000b818   0x00000008   Data   RO         5098    .constdata          nrf_balloc.o
    0x0000b820   0x0000b820   0x00000020   Data   RO         5099    .constdata          nrf_balloc.o
    0x0000b840   0x0000b840   0x00000010   Data   RO         5100    .constdata          nrf_balloc.o
    0x0000b850   0x0000b850   0x0000000c   Data   RO         5222    .constdata          nrf_cli.o
    0x0000b85c   0x0000b85c   0x00000008   Data   RO         5223    .constdata          nrf_cli.o
    0x0000b864   0x0000b864   0x00000030   Data   RO         5224    .constdata          nrf_cli.o
    0x0000b894   0x0000b894   0x00000008   Data   RO         5225    .constdata          nrf_cli.o
    0x0000b89c   0x0000b89c   0x00000030   Data   RO         5226    .constdata          nrf_cli.o
    0x0000b8cc   0x0000b8cc   0x00000008   Data   RO         5227    .constdata          nrf_cli.o
    0x0000b8d4   0x0000b8d4   0x00000030   Data   RO         5228    .constdata          nrf_cli.o
    0x0000b904   0x0000b904   0x00000008   Data   RO         5229    .constdata          nrf_cli.o
    0x0000b90c   0x0000b90c   0x00000040   Data   RO         5230    .constdata          nrf_cli.o
    0x0000b94c   0x0000b94c   0x00000008   Data   RO         5231    .constdata          nrf_cli.o
    0x0000b954   0x0000b954   0x00000020   Data   RO         5232    .constdata          nrf_cli.o
    0x0000b974   0x0000b974   0x00000010   Data   RO         5233    .constdata          nrf_cli.o
    0x0000b984   0x0000b984   0x00000010   Data   RO         5234    .constdata          nrf_cli.o
    0x0000b994   0x0000b994   0x00000010   Data   RO         5235    .constdata          nrf_cli.o
    0x0000b9a4   0x0000b9a4   0x00000010   Data   RO         5236    .constdata          nrf_cli.o
    0x0000b9b4   0x0000b9b4   0x0000000c   PAD
    0x0000b9c0   0x0000b9c0   0x00000047   Data   RO         5237    .constdata          nrf_cli.o
    0x0000ba07   0x0000ba07   0x00000001   PAD
    0x0000ba08   0x0000ba08   0x00000014   Data   RO         5604    .constdata          nrf_cli_uart.o
    0x0000ba1c   0x0000ba1c   0x00000010   Data   RO         5719    .constdata          nrf_fprintf_format.o
    0x0000ba2c   0x0000ba2c   0x00000008   Data   RO         5920    .constdata          nrf_queue.o
    0x0000ba34   0x0000ba34   0x00000020   Data   RO         5921    .constdata          nrf_queue.o
    0x0000ba54   0x0000ba54   0x00000010   Data   RO         5922    .constdata          nrf_queue.o
    0x0000ba64   0x0000ba64   0x0000000c   Data   RO         6279    .constdata          nrf_log_backend_uart.o
    0x0000ba70   0x0000ba70   0x00000020   Data   RO         6280    .constdata          nrf_log_backend_uart.o
    0x0000ba90   0x0000ba90   0x0000001c   Data   RO         6427    .constdata          nrf_log_frontend.o
    0x0000baac   0x0000baac   0x00000008   Data   RO         6428    .constdata          nrf_log_frontend.o
    0x0000bab4   0x0000bab4   0x00000060   Data   RO         6429    .constdata          nrf_log_frontend.o
    0x0000bb14   0x0000bb14   0x00000008   Data   RO         6430    .constdata          nrf_log_frontend.o
    0x0000bb1c   0x0000bb1c   0x00000008   Data   RO         6431    .constdata          nrf_log_frontend.o
    0x0000bb24   0x0000bb24   0x00000030   Data   RO         6432    .constdata          nrf_log_frontend.o
    0x0000bb54   0x0000bb54   0x00000008   Data   RO         6433    .constdata          nrf_log_frontend.o
    0x0000bb5c   0x0000bb5c   0x00000090   Data   RO         6434    .constdata          nrf_log_frontend.o
    0x0000bbec   0x0000bbec   0x00000010   Data   RO         6435    .constdata          nrf_log_frontend.o
    0x0000bbfc   0x0000bbfc   0x00000081   Data   RO         7178    .constdata          mc_w.l(ctype_o.o)
    0x0000bc7d   0x0000bc7d   0x00000003   PAD
    0x0000bc80   0x0000bc80   0x00000004   Data   RO         7179    .constdata          mc_w.l(ctype_o.o)
    0x0000bc84   0x0000bc84   0x0000000d   Data   RO           39    .conststring        main.o
    0x0000bc91   0x0000bc91   0x00000003   PAD
    0x0000bc94   0x0000bc94   0x0000002d   Data   RO          717    .conststring        bsp_cli.o
    0x0000bcc1   0x0000bcc1   0x00000003   PAD
    0x0000bcc4   0x0000bcc4   0x00000004   Data   RO          718    .conststring        bsp_cli.o
    0x0000bcc8   0x0000bcc8   0x00000515   Data   RO         4822    .conststring        hardfault_implementation.o
    0x0000c1dd   0x0000c1dd   0x00000003   PAD
    0x0000c1e0   0x0000c1e0   0x0000002b   Data   RO         5101    .conststring        nrf_balloc.o
    0x0000c20b   0x0000c20b   0x00000001   PAD
    0x0000c20c   0x0000c20c   0x00000027   Data   RO         5102    .conststring        nrf_balloc.o
    0x0000c233   0x0000c233   0x00000001   PAD
    0x0000c234   0x0000c234   0x0000008e   Data   RO         5103    .conststring        nrf_balloc.o
    0x0000c2c2   0x0000c2c2   0x00000002   PAD
    0x0000c2c4   0x0000c2c4   0x00000037   Data   RO         5238    .conststring        nrf_cli.o
    0x0000c2fb   0x0000c2fb   0x00000001   PAD
    0x0000c2fc   0x0000c2fc   0x0000006d   Data   RO         5239    .conststring        nrf_cli.o
    0x0000c369   0x0000c369   0x00000003   PAD
    0x0000c36c   0x0000c36c   0x00000065   Data   RO         5240    .conststring        nrf_cli.o
    0x0000c3d1   0x0000c3d1   0x00000003   PAD
    0x0000c3d4   0x0000c3d4   0x00000052   Data   RO         5241    .conststring        nrf_cli.o
    0x0000c426   0x0000c426   0x00000002   PAD
    0x0000c428   0x0000c428   0x0000004c   Data   RO         5242    .conststring        nrf_cli.o
    0x0000c474   0x0000c474   0x00000016   Data   RO         5243    .conststring        nrf_cli.o
    0x0000c48a   0x0000c48a   0x00000002   PAD
    0x0000c48c   0x0000c48c   0x00000028   Data   RO         5244    .conststring        nrf_cli.o
    0x0000c4b4   0x0000c4b4   0x0000001c   Data   RO         5245    .conststring        nrf_cli.o
    0x0000c4d0   0x0000c4d0   0x000000a7   Data   RO         5246    .conststring        nrf_cli.o
    0x0000c577   0x0000c577   0x00000001   PAD
    0x0000c578   0x0000c578   0x00000003   Data   RO         5247    .conststring        nrf_cli.o
    0x0000c57b   0x0000c57b   0x00000001   PAD
    0x0000c57c   0x0000c57c   0x00000021   Data   RO         5923    .conststring        nrf_queue.o
    0x0000c59d   0x0000c59d   0x00000003   PAD
    0x0000c5a0   0x0000c5a0   0x00000006   Data   RO         5924    .conststring        nrf_queue.o
    0x0000c5a6   0x0000c5a6   0x00000002   PAD
    0x0000c5a8   0x0000c5a8   0x0000007c   Data   RO         5925    .conststring        nrf_queue.o
    0x0000c624   0x0000c624   0x0000001d   Data   RO         6436    .conststring        nrf_log_frontend.o
    0x0000c641   0x0000c641   0x00000003   PAD
    0x0000c644   0x0000c644   0x00000139   Data   RO         6437    .conststring        nrf_log_frontend.o
    0x0000c77d   0x0000c77d   0x00000003   PAD
    0x0000c780   0x0000c780   0x00000076   Data   RO         6438    .conststring        nrf_log_frontend.o
    0x0000c7f6   0x0000c7f6   0x00000002   PAD
    0x0000c7f8   0x0000c7f8   0x0000006e   Data   RO         6439    .conststring        nrf_log_frontend.o
    0x0000c866   0x0000c866   0x00000002   PAD
    0x0000c868   0x0000c868   0x00000024   Data   RO         6440    .conststring        nrf_log_frontend.o
    0x0000c88c   0x0000c88c   0x00000048   Data   RO         6701    .conststring        nrf_log_str_formatter.o
    0x0000c8d4   0x0000c8d4   0x000000e3   Data   RO           40    .conststrlit        main.o
    0x0000c9b7   0x0000c9b7   0x00000001   PAD
    0x0000c9b8   0x0000c9b8   0x00000053   Data   RO          606    .conststrlit        bsp.o
    0x0000ca0b   0x0000ca0b   0x00000001   PAD
    0x0000ca0c   0x0000ca0c   0x00000006   Data   RO          868    .conststrlit        nrf_drv_clock.o
    0x0000ca12   0x0000ca12   0x00000002   PAD
    0x0000ca14   0x0000ca14   0x00000006   Data   RO         1385    .conststrlit        nrfx_clock.o
    0x0000ca1a   0x0000ca1a   0x00000002   PAD
    0x0000ca1c   0x0000ca1c   0x00000007   Data   RO         1560    .conststrlit        nrfx_gpiote.o
    0x0000ca23   0x0000ca23   0x00000001   PAD
    0x0000ca24   0x0000ca24   0x00000004   Data   RO         1976    .conststrlit        nrfx_prs.o
    0x0000ca28   0x0000ca28   0x00000005   Data   RO         2121    .conststrlit        nrfx_uart.o
    0x0000ca2d   0x0000ca2d   0x00000003   PAD
    0x0000ca30   0x0000ca30   0x00000006   Data   RO         2313    .conststrlit        nrfx_uarte.o
    0x0000ca36   0x0000ca36   0x00000002   PAD
    0x0000ca38   0x0000ca38   0x00000005   Data   RO         2553    .conststrlit        nrfx_usbd.o
    0x0000ca3d   0x0000ca3d   0x00000003   PAD
    0x0000ca40   0x0000ca40   0x00000031   Data   RO         3052    .conststrlit        app_button.o
    0x0000ca71   0x0000ca71   0x00000003   PAD
    0x0000ca74   0x0000ca74   0x0000001e   Data   RO         3304    .conststrlit        app_timer2.o
    0x0000ca92   0x0000ca92   0x00000002   PAD
    0x0000ca94   0x0000ca94   0x00000021   Data   RO         3484    .conststrlit        app_usbd.o
    0x0000cab5   0x0000cab5   0x00000003   PAD
    0x0000cab8   0x0000cab8   0x0000000e   Data   RO         3834    .conststrlit        app_usbd_core.o
    0x0000cac6   0x0000cac6   0x00000002   PAD
    0x0000cac8   0x0000cac8   0x0000000b   Data   RO         3960    .conststrlit        app_usbd_dummy.o
    0x0000cad3   0x0000cad3   0x00000001   PAD
    0x0000cad4   0x0000cad4   0x0000000a   Data   RO         4823    .conststrlit        hardfault_implementation.o
    0x0000cade   0x0000cade   0x00000002   PAD
    0x0000cae0   0x0000cae0   0x00000009   Data   RO         5605    .conststrlit        nrf_cli_uart.o
    0x0000cae9   0x0000cae9   0x00000003   PAD
    0x0000caec   0x0000caec   0x00000009   Data   RO         5838    .conststrlit        nrf_pwr_mgmt.o
    0x0000caf5   0x0000caf5   0x00000003   PAD
    0x0000caf8   0x0000caf8   0x00000009   Data   RO         6134    .conststrlit        nrf_sortlist.o
    0x0000cb01   0x0000cb01   0x00000003   PAD
    0x0000cb04   0x0000cb04   0x00000011   Data   RO         6339    .conststrlit        nrf_log_default_backends.o
    0x0000cb15   0x0000cb15   0x00000003   PAD
    0x0000cb18   0x0000cb18   0x00000024   Data   RO         6441    .conststrlit        nrf_log_frontend.o
    0x0000cb3c   0x0000cb3c   0x00000020   Data   RO         7268    Region$$Table       anon$$obj.o
    0x0000cb5c   0x0000cb5c   0x00000008   Data   RO          720    cli_command         bsp_cli.o
    0x0000cb64   0x0000cb64   0x00000008   Data   RO         5104    cli_command         nrf_balloc.o
    0x0000cb6c   0x0000cb6c   0x00000020   Data   RO         5249    cli_command         nrf_cli.o
    0x0000cb8c   0x0000cb8c   0x00000008   Data   RO         5926    cli_command         nrf_queue.o
    0x0000cb94   0x0000cb94   0x00000008   Data   RO         6445    cli_command         nrf_log_frontend.o
    0x0000cb9c   0x0000cb9c   0x00000010   Data   RO           55    log_backends        main.o
    0x0000cbac   0x0000cbac   0x00000010   Data   RO         6341    log_backends        nrf_log_default_backends.o
    0x0000cbbc   0x0000cbbc   0x00000020   Data   RO           56    log_const_data      main.o
    0x0000cbdc   0x0000cbdc   0x00000018   Data   RO          611    log_const_data      bsp.o
    0x0000cbf4   0x0000cbf4   0x00000008   Data   RO          869    log_const_data      nrf_drv_clock.o
    0x0000cbfc   0x0000cbfc   0x00000008   Data   RO         1387    log_const_data      nrfx_clock.o
    0x0000cc04   0x0000cc04   0x00000008   Data   RO         1561    log_const_data      nrfx_gpiote.o
    0x0000cc0c   0x0000cc0c   0x00000008   Data   RO         1978    log_const_data      nrfx_prs.o
    0x0000cc14   0x0000cc14   0x00000008   Data   RO         2122    log_const_data      nrfx_uart.o
    0x0000cc1c   0x0000cc1c   0x00000008   Data   RO         2314    log_const_data      nrfx_uarte.o
    0x0000cc24   0x0000cc24   0x00000008   Data   RO         2556    log_const_data      nrfx_usbd.o
    0x0000cc2c   0x0000cc2c   0x00000010   Data   RO         3055    log_const_data      app_button.o
    0x0000cc3c   0x0000cc3c   0x00000010   Data   RO         3308    log_const_data      app_timer2.o
    0x0000cc4c   0x0000cc4c   0x00000010   Data   RO         3487    log_const_data      app_usbd.o
    0x0000cc5c   0x0000cc5c   0x00000008   Data   RO         3836    log_const_data      app_usbd_core.o
    0x0000cc64   0x0000cc64   0x00000008   Data   RO         3962    log_const_data      app_usbd_dummy.o
    0x0000cc6c   0x0000cc6c   0x00000008   Data   RO         4825    log_const_data      hardfault_implementation.o
    0x0000cc74   0x0000cc74   0x00000008   Data   RO         5606    log_const_data      nrf_cli_uart.o
    0x0000cc7c   0x0000cc7c   0x00000008   Data   RO         5840    log_const_data      nrf_pwr_mgmt.o
    0x0000cc84   0x0000cc84   0x00000008   Data   RO         6135    log_const_data      nrf_sortlist.o
    0x0000cc8c   0x0000cc8c   0x00000010   Data   RO         6447    log_const_data      nrf_log_frontend.o
    0x0000cc9c   0x0000cc9c   0x0000001c   Data   RO           59    nrf_balloc          main.o
    0x0000ccb8   0x0000ccb8   0x0000001c   Data   RO         6450    nrf_balloc          nrf_log_frontend.o
    0x0000ccd4   0x0000ccd4   0x0000001c   Data   RO           60    nrf_queue           main.o


    Execution Region RW_IRAM1 (Exec base: 0x20000000, Load base: 0x0000ccf0, Size: 0x000033e8, Max: 0x00040000, ABSOLUTE, COMPRESSED[0x000000e8])

    Exec Addr    Load Addr    Size         Type   Attr      Idx    E Section Name        Object

    0x20000000   COMPRESSED   0x00000020   Data   RW           41    .data               main.o
    0x20000020   COMPRESSED   0x00000018   Data   RW           42    .data               main.o
    0x20000038   COMPRESSED   0x0000000c   Data   RW           43    .data               main.o
    0x20000044   COMPRESSED   0x00000008   Data   RW           44    .data               main.o
    0x2000004c   COMPRESSED   0x00000004   Data   RW           45    .data               main.o
    0x20000050   COMPRESSED   0x00000001   Data   RW           46    .data               main.o
    0x20000051   COMPRESSED   0x00000003   PAD
    0x20000054   COMPRESSED   0x00000004   Data   RW           47    .data               main.o
    0x20000058   COMPRESSED   0x00000001   Data   RW           48    .data               main.o
    0x20000059   COMPRESSED   0x00000007   PAD
    0x20000060   COMPRESSED   0x00000020   Data   RW           49    .data               main.o
    0x20000080   COMPRESSED   0x00000008   Data   RW           50    .data               main.o
    0x20000088   COMPRESSED   0x00000008   Data   RW           51    .data               main.o
    0x20000090   COMPRESSED   0x00000008   Data   RW           52    .data               main.o
    0x20000098   COMPRESSED   0x00000008   Data   RW           53    .data               main.o
    0x200000a0   COMPRESSED   0x00000002   Data   RW           54    .data               main.o
    0x200000a2   COMPRESSED   0x00000002   PAD
    0x200000a4   COMPRESSED   0x00000010   Data   RW          607    .data               bsp.o
    0x200000b4   COMPRESSED   0x00000004   PAD
    0x200000b8   COMPRESSED   0x00000020   Data   RW          608    .data               bsp.o
    0x200000d8   COMPRESSED   0x00000020   Data   RW          609    .data               bsp.o
    0x200000f8   COMPRESSED   0x00000020   Data   RW          610    .data               bsp.o
    0x20000118   COMPRESSED   0x00000004   Data   RW          719    .data               bsp_cli.o
    0x2000011c   COMPRESSED   0x00000001   Data   RW          999    .data               nrf_drv_power.o
    0x2000011d   COMPRESSED   0x00000003   PAD
    0x20000120   COMPRESSED   0x00000014   Data   RW         1078    .data               nrf_drv_uart.o
    0x20000134   COMPRESSED   0x0000000c   Data   RW         1386    .data               nrfx_clock.o
    0x20000140   COMPRESSED   0x00000010   Data   RW         1848    .data               nrfx_power.o
    0x20000150   COMPRESSED   0x00000008   Data   RW         1977    .data               nrfx_prs.o
    0x20000158   COMPRESSED   0x00000010   Data   RW         2554    .data               nrfx_usbd.o
    0x20000168   COMPRESSED   0x00000018   Data   RW         3053    .data               app_button.o
    0x20000180   COMPRESSED   0x00000020   Data   RW         3054    .data               app_button.o
    0x200001a0   COMPRESSED   0x00000020   Data   RW         3305    .data               app_timer2.o
    0x200001c0   COMPRESSED   0x00000014   Data   RW         3306    .data               app_timer2.o
    0x200001d4   COMPRESSED   0x00000004   Data   RW         3307    .data               app_timer2.o
    0x200001d8   COMPRESSED   0x00000014   Data   RW         3485    .data               app_usbd.o
    0x200001ec   COMPRESSED   0x00000024   Data   RW         3486    .data               app_usbd.o
    0x20000210   COMPRESSED   0x00000010   Data   RW         3835    .data               app_usbd_core.o
    0x20000220   COMPRESSED   0x00000010   Data   RW         4147    .data               app_usbd_hid_kbd.o
    0x20000230   COMPRESSED   0x00000010   Data   RW         4342    .data               app_usbd_hid_mouse.o
    0x20000240   COMPRESSED   0x00000018   Data   RW         4508    .data               app_usbd_string_desc.o
    0x20000258   COMPRESSED   0x00000004   Data   RW         4543    .data               app_util_platform.o
    0x2000025c   COMPRESSED   0x0000000c   Data   RW         4623    .data               drv_rtc.o
    0x20000268   COMPRESSED   0x00000068   Data   RW         4824    .data               hardfault_implementation.o
    0x200002d0   COMPRESSED   0x00000004   Data   RW         5248    .data               nrf_cli.o
    0x200002d4   COMPRESSED   0x00000018   Data   RW         6281    .data               nrf_log_backend_uart.o
    0x200002ec   COMPRESSED   0x00000008   Data   RW         6340    .data               nrf_log_default_backends.o
    0x200002f4   COMPRESSED   0x0000002c   Data   RW         6442    .data               nrf_log_frontend.o
    0x20000320   COMPRESSED   0x00000008   Data   RW         6443    .data               nrf_log_frontend.o
    0x20000328   COMPRESSED   0x00000008   Data   RW         6444    .data               nrf_log_frontend.o
    0x20000330   COMPRESSED   0x00000040   Data   RW         6702    .data               nrf_log_str_formatter.o
    0x20000370   COMPRESSED   0x00000004   Data   RW         7117    .data               system_nrf52.o
    0x20000374   COMPRESSED   0x00000004   Data   RW          721    cli_sorted_cmd_ptrs  bsp_cli.o
    0x20000378   COMPRESSED   0x00000004   Data   RW         5105    cli_sorted_cmd_ptrs  nrf_balloc.o
    0x2000037c   COMPRESSED   0x00000010   Data   RW         5250    cli_sorted_cmd_ptrs  nrf_cli.o
    0x2000038c   COMPRESSED   0x00000004   Data   RW         5927    cli_sorted_cmd_ptrs  nrf_queue.o
    0x20000390   COMPRESSED   0x00000004   Data   RW         6446    cli_sorted_cmd_ptrs  nrf_log_frontend.o
    0x20000394   COMPRESSED   0x00000010   Data   RW           57    log_dynamic_data    main.o
    0x200003a4   COMPRESSED   0x0000000c   Data   RW          612    log_dynamic_data    bsp.o
    0x200003b0   COMPRESSED   0x00000004   Data   RW          870    log_dynamic_data    nrf_drv_clock.o
    0x200003b4   COMPRESSED   0x00000004   Data   RW         1388    log_dynamic_data    nrfx_clock.o
    0x200003b8   COMPRESSED   0x00000004   Data   RW         1562    log_dynamic_data    nrfx_gpiote.o
    0x200003bc   COMPRESSED   0x00000004   Data   RW         1979    log_dynamic_data    nrfx_prs.o
    0x200003c0   COMPRESSED   0x00000004   Data   RW         2123    log_dynamic_data    nrfx_uart.o
    0x200003c4   COMPRESSED   0x00000004   Data   RW         2315    log_dynamic_data    nrfx_uarte.o
    0x200003c8   COMPRESSED   0x00000004   Data   RW         2557    log_dynamic_data    nrfx_usbd.o
    0x200003cc   COMPRESSED   0x00000008   Data   RW         3056    log_dynamic_data    app_button.o
    0x200003d4   COMPRESSED   0x00000008   Data   RW         3309    log_dynamic_data    app_timer2.o
    0x200003dc   COMPRESSED   0x00000008   Data   RW         3488    log_dynamic_data    app_usbd.o
    0x200003e4   COMPRESSED   0x00000004   Data   RW         3837    log_dynamic_data    app_usbd_core.o
    0x200003e8   COMPRESSED   0x00000004   Data   RW         3963    log_dynamic_data    app_usbd_dummy.o
    0x200003ec   COMPRESSED   0x00000004   Data   RW         4826    log_dynamic_data    hardfault_implementation.o
    0x200003f0   COMPRESSED   0x00000004   Data   RW         5607    log_dynamic_data    nrf_cli_uart.o
    0x200003f4   COMPRESSED   0x00000004   Data   RW         5841    log_dynamic_data    nrf_pwr_mgmt.o
    0x200003f8   COMPRESSED   0x00000004   Data   RW         6136    log_dynamic_data    nrf_sortlist.o
    0x200003fc   COMPRESSED   0x00000008   Data   RW         6448    log_dynamic_data    nrf_log_frontend.o
    0x20000404   COMPRESSED   0x00000010   Data   RW           58    log_filter_data     main.o
    0x20000414   COMPRESSED   0x0000000c   Data   RW          613    log_filter_data     bsp.o
    0x20000420   COMPRESSED   0x00000004   Data   RW          871    log_filter_data     nrf_drv_clock.o
    0x20000424   COMPRESSED   0x00000004   Data   RW         1389    log_filter_data     nrfx_clock.o
    0x20000428   COMPRESSED   0x00000004   Data   RW         1563    log_filter_data     nrfx_gpiote.o
    0x2000042c   COMPRESSED   0x00000004   Data   RW         1980    log_filter_data     nrfx_prs.o
    0x20000430   COMPRESSED   0x00000004   Data   RW         2124    log_filter_data     nrfx_uart.o
    0x20000434   COMPRESSED   0x00000004   Data   RW         2316    log_filter_data     nrfx_uarte.o
    0x20000438   COMPRESSED   0x00000004   Data   RW         2558    log_filter_data     nrfx_usbd.o
    0x2000043c   COMPRESSED   0x00000008   Data   RW         3057    log_filter_data     app_button.o
    0x20000444   COMPRESSED   0x00000008   Data   RW         3310    log_filter_data     app_timer2.o
    0x2000044c   COMPRESSED   0x00000008   Data   RW         3489    log_filter_data     app_usbd.o
    0x20000454   COMPRESSED   0x00000004   Data   RW         3838    log_filter_data     app_usbd_core.o
    0x20000458   COMPRESSED   0x00000004   Data   RW         3964    log_filter_data     app_usbd_dummy.o
    0x2000045c   COMPRESSED   0x00000004   Data   RW         4827    log_filter_data     hardfault_implementation.o
    0x20000460   COMPRESSED   0x00000004   Data   RW         5608    log_filter_data     nrf_cli_uart.o
    0x20000464   COMPRESSED   0x00000004   Data   RW         5842    log_filter_data     nrf_pwr_mgmt.o
    0x20000468   COMPRESSED   0x00000004   Data   RW         6137    log_filter_data     nrf_sortlist.o
    0x2000046c   COMPRESSED   0x00000008   Data   RW         6449    log_filter_data     nrf_log_frontend.o
    0x20000474        -       0x00000040   Zero   RW           13    .bss                main.o
    0x200004b4        -       0x00000018   Zero   RW           14    .bss                main.o
    0x200004cc        -       0x00000010   Zero   RW           15    .bss                main.o
    0x200004dc        -       0x00000018   Zero   RW           16    .bss                main.o
    0x200004f4        -       0x0000002c   Zero   RW           17    .bss                main.o
    0x20000520        -       0x0000014c   Zero   RW           18    .bss                main.o
    0x2000066c        -       0x00000014   Zero   RW           19    .bss                main.o
    0x20000680        -       0x0000000c   Zero   RW           20    .bss                main.o
    0x2000068c        -       0x00000180   Zero   RW           21    .bss                main.o
    0x2000080c        -       0x00000044   Zero   RW           22    .bss                main.o
    0x20000850        -       0x0000004c   Zero   RW           24    .bss                main.o
    0x2000089c        -       0x0000000c   Zero   RW          604    .bss                bsp.o
    0x200008a8        -       0x00000014   Zero   RW          863    .bss                nrf_drv_clock.o
    0x200008bc        -       0x0000006c   Zero   RW         1555    .bss                nrfx_gpiote.o
    0x20000928        -       0x0000002c   Zero   RW         2116    .bss                nrfx_uart.o
    0x20000954        -       0x00000024   Zero   RW         2308    .bss                nrfx_uarte.o
    0x20000978        -       0x00000238   Zero   RW         2551    .bss                nrfx_usbd.o
    0x20000bb0        -       0x00000020   Zero   RW         3050    .bss                app_button.o
    0x20000bd0        -       0x00000058   Zero   RW         3302    .bss                app_timer2.o
    0x20000c28        -       0x000001a4   Zero   RW         3482    .bss                app_usbd.o
    0x20000dcc        -       0x00000058   Zero   RW         3829    .bss                app_usbd_core.o
    0x20000e24        -       0x0000000c   Zero   RW         3830    .bss                app_usbd_core.o
    0x20000e30        -       0x00000040   Zero   RW         6278    .bss                nrf_log_backend_uart.o
    0x20000e70        -       0x000000c0   Zero   RW         6423    .bss                nrf_log_frontend.o
    0x20000f30        -       0x00000080   Zero   RW         6424    .bss                nrf_log_frontend.o
    0x20000fb0        -       0x00000018   Zero   RW         6425    .bss                nrf_log_frontend.o
    0x20000fc8        -       0x00000420   Zero   RW         6426    .bss                nrf_log_frontend.o
    0x200013e8        -       0x00002000   Zero   RW         7103    STACK               arm_startup_nrf52840.o


==============================================================================

Image component sizes


      Code (inc. data)   RO Data    RW Data    ZI Data      Debug   Object Name

       656         68         73         72         32      18367   app_button.o
        22          0          0          0          0       2501   app_error.o
       148         50          0          0          0      30833   app_error_weak.o
      1018         90         66         72         88      17479   app_timer2.o
      2562        224        117         72        420      86562   app_usbd.o
      1718         94        105         24        100      53424   app_usbd_core.o
         0          0         19          8          0      20729   app_usbd_dummy.o
       988         16          0          0          0      28360   app_usbd_hid.o
      1886         24         64         16          0      50325   app_usbd_hid_kbd.o
      1846         20         56         16          0      32493   app_usbd_hid_mouse.o
       144         12        110         24          0       3647   app_usbd_string_desc.o
        44         10          0          4          0       3340   app_util_platform.o
        36          8        512          0       8192        932   arm_startup_nrf52840.o
       388         36          8          0          0      12920   boards.o
       898         80        151        136         12      14038   bsp.o
        80         22        129          8          0      23369   bsp_cli.o
       724         82          6         12          0      48565   drv_rtc.o
        52         14          0          0          0        620   hardfault_handler_keil.o
       540        280       1319        112          0       3903   hardfault_implementation.o
       924        178        743        184       1064     179747   main.o
       326          0          0          0          0       5935   nrf_atfifo.o
       340          0          0          0          0      10795   nrf_atomic.o
       352         32        288          4          0      12711   nrf_balloc.o
      8662        880       1142         20          0      80452   nrf_cli.o
       598         38         37          8          0      20993   nrf_cli_uart.o
       370         44         14          8         20      15173   nrf_drv_clock.o
        76         10          1          1          0       6554   nrf_drv_power.o
       200         26          0         20          0       6764   nrf_drv_uart.o
        50          0          0          0          0       1977   nrf_fprintf.o
       866          4         16          0          0       6550   nrf_fprintf_format.o
       200          0          0          0          0      10929   nrf_log_backend_serial.o
       226         44         44         24         64       9306   nrf_log_backend_uart.o
         0          0         33          8          0       2521   nrf_log_default_backends.o
      3500        758       1058         80       1400      61155   nrf_log_frontend.o
       570        108         72         64          0       5652   nrf_log_str_formatter.o
       346          0          0          0          0       8091   nrf_memobj.o
         0          0          0          0          0       1472   nrf_nvic.o
         2          0         17          8          0       4317   nrf_pwr_mgmt.o
       660         56        227          4          0      10287   nrf_queue.o
       584          0          0          0          0       7614   nrf_ringbuf.o
        84          0         17          8          0       4286   nrf_sortlist.o
       236          0          0          0          0       3532   nrfx_atomic.o
       316         46         14         20          0      48751   nrfx_clock.o
      1386        108         23          8        108      66806   nrfx_gpiote.o
       322         26          0         16          0      16272   nrfx_power.o
       102         16         12         16          0       4611   nrfx_prs.o
      1640         54         17          8         44      34710   nrfx_uart.o
      1660         58         18          8         36      29672   nrfx_uarte.o
      4428        506        219         24        568     147430   nrfx_usbd.o
       500         66          0          4          0      31425   system_nrf52.o

    ----------------------------------------------------------------------
     43366       4188       6896       1140      12148    1308897   Object Totals
         0          0         32          0          0          0   (incl. Generated)
        90          0        117         19          0          0   (incl. Padding)

    ----------------------------------------------------------------------

      Code (inc. data)   RO Data    RW Data    ZI Data      Debug   Library Member Name

        56          8          0          0          0         84   __0sscanf.o
        86          0          0          0          0          0   __dczerorl2.o
        28          0          0          0          0         68   _chval.o
       812          4          0          0          0        112   _scanf.o
       332          0          0          0          0         96   _scanf_int.o
        64          0          0          0          0         84   _sgetc.o
         8          4        133          0          0         68   ctype_o.o
         0          0          0          0          0          0   entry.o
         0          0          0          0          0          0   entry10a.o
         0          0          0          0          0          0   entry11a.o
         8          4          0          0          0          0   entry2.o
         4          0          0          0          0          0   entry5.o
         0          0          0          0          0          0   entry7b.o
         0          0          0          0          0          0   entry8b.o
         8          4          0          0          0          0   entry9a.o
        30          0          0          0          0          0   handlers.o
        36          8          0          0          0         68   init.o
        18          0          0          0          0         76   isspace_o.o
        30          0          0          0          0         68   llshl.o
        32          0          0          0          0         68   llushr.o
        26          0          0          0          0         80   memcmp.o
        64          0          0          0          0         76   memmovea.o
        36          0          0          0          0        108   memseta.o
       156          0          0          0          0         88   qsort.o
        40          8          0          0          0         84   scanf_char.o
        28          0          0          0          0         76   strcmp.o
        18          0          0          0          0         68   strcpy.o
        14          0          0          0          0         68   strlen.o
        30          0          0          0          0         80   strncmp.o
        98          0          0          0          0         92   uldiv.o

    ----------------------------------------------------------------------
      2066         40        136          0          0       1612   Library Totals
         4          0          3          0          0          0   (incl. Padding)

    ----------------------------------------------------------------------

      Code (inc. data)   RO Data    RW Data    ZI Data      Debug   Library Name

      2062         40        133          0          0       1612   mc_w.l

    ----------------------------------------------------------------------
      2066         40        136          0          0       1612   Library Totals

    ----------------------------------------------------------------------

==============================================================================


      Code (inc. data)   RO Data    RW Data    ZI Data      Debug   

     45432       4228       7032       1140      12148    1251213   Grand Totals
     45432       4228       7032        232      12148    1251213   ELF Image Totals (compressed)
     45432       4228       7032        232          0          0   ROM Totals

==============================================================================

    Total RO  Size (Code + RO Data)                52464 (  51.23kB)
    Total RW  Size (RW Data + ZI Data)             13288 (  12.98kB)
    Total ROM Size (Code + RO Data + RW Data)      52696 (  51.46kB)

==============================================================================

