Component: ARM Compiler 5.06 update 6 (build 750) Tool: armlink [4d35ed]

==============================================================================

Section Cross References

    main.o(i.advertising_start) refers to ble_advertising.o(i.ble_advertising_start) for ble_advertising_start
    main.o(i.advertising_start) refers to app_error.o(i.app_error_handler_bare) for app_error_handler_bare
    main.o(i.advertising_start) refers to main.o(.bss) for .bss
    main.o(i.assert_nrf_callback) refers to app_error_handler_keil.o(.emb_text) for app_error_handler
    main.o(i.ble_evt_handler) refers to nrf_log_frontend.o(i.nrf_log_frontend_std_0) for nrf_log_frontend_std_0
    main.o(i.ble_evt_handler) refers to app_timer2.o(i.app_timer_stop) for app_timer_stop
    main.o(i.ble_evt_handler) refers to app_error.o(i.app_error_handler_bare) for app_error_handler_bare
    main.o(i.ble_evt_handler) refers to boards.o(i.bsp_board_led_on) for bsp_board_led_on
    main.o(i.ble_evt_handler) refers to memcpya.o(.text) for __aeabi_memcpy
    main.o(i.ble_evt_handler) refers to main.o(.data) for .data
    main.o(i.ble_evt_handler) refers to nrf_log_frontend.o(log_const_data) for m_nrf_log_app_logs_data_const
    main.o(i.ble_evt_handler) refers to main.o(.constdata) for .constdata
    main.o(i.blink_handler) refers to boards.o(i.bsp_board_led_invert) for bsp_board_led_invert
    main.o(i.bsp_event_handler) refers to bsp.o(i.bsp_indication_set) for bsp_indication_set
    main.o(i.bsp_event_handler) refers to app_error.o(i.app_error_handler_bare) for app_error_handler_bare
    main.o(i.bsp_event_handler) refers to bsp_btn_ble.o(i.bsp_btn_ble_sleep_mode_prepare) for bsp_btn_ble_sleep_mode_prepare
    main.o(i.bsp_event_handler) refers to ble_advertising.o(i.ble_advertising_restart_without_whitelist) for ble_advertising_restart_without_whitelist
    main.o(i.bsp_event_handler) refers to main.o(.data) for .data
    main.o(i.bsp_event_handler) refers to main.o(.bss) for .bss
    main.o(i.cdc_acm_user_ev_handler) refers to nrf_log_frontend.o(i.nrf_log_frontend_std_0) for nrf_log_frontend_std_0
    main.o(i.cdc_acm_user_ev_handler) refers to app_timer2.o(i.app_timer_start) for app_timer_start
    main.o(i.cdc_acm_user_ev_handler) refers to app_error.o(i.app_error_handler_bare) for app_error_handler_bare
    main.o(i.cdc_acm_user_ev_handler) refers to app_usbd_cdc_acm.o(i.app_usbd_cdc_acm_read) for app_usbd_cdc_acm_read
    main.o(i.cdc_acm_user_ev_handler) refers to app_timer2.o(i.app_timer_stop) for app_timer_stop
    main.o(i.cdc_acm_user_ev_handler) refers to boards.o(i.bsp_board_led_on) for bsp_board_led_on
    main.o(i.cdc_acm_user_ev_handler) refers to boards.o(i.bsp_board_led_invert) for bsp_board_led_invert
    main.o(i.cdc_acm_user_ev_handler) refers to ble_nus.o(i.ble_nus_data_send) for ble_nus_data_send
    main.o(i.cdc_acm_user_ev_handler) refers to app_usbd_cdc_acm.o(i.app_usbd_cdc_acm_rx_size) for app_usbd_cdc_acm_rx_size
    main.o(i.cdc_acm_user_ev_handler) refers to nrf_log_frontend.o(i.nrf_log_frontend_std_1) for nrf_log_frontend_std_1
    main.o(i.cdc_acm_user_ev_handler) refers to nrf_log_frontend.o(log_const_data) for m_nrf_log_app_logs_data_const
    main.o(i.cdc_acm_user_ev_handler) refers to main.o(.data) for .data
    main.o(i.cdc_acm_user_ev_handler) refers to main.o(.constdata) for .constdata
    main.o(i.cdc_acm_user_ev_handler) refers to main.o(.bss) for .bss
    main.o(i.conn_params_error_handler) refers to app_error.o(i.app_error_handler_bare) for app_error_handler_bare
    main.o(i.gatt_evt_handler) refers to nrf_log_frontend.o(i.nrf_log_frontend_std_2) for nrf_log_frontend_std_2
    main.o(i.gatt_evt_handler) refers to main.o(.data) for .data
    main.o(i.gatt_evt_handler) refers to nrf_log_frontend.o(log_const_data) for m_nrf_log_app_logs_data_const
    main.o(i.gatt_init) refers to nrf_ble_gatt.o(i.nrf_ble_gatt_init) for nrf_ble_gatt_init
    main.o(i.gatt_init) refers to app_error.o(i.app_error_handler_bare) for app_error_handler_bare
    main.o(i.gatt_init) refers to nrf_ble_gatt.o(i.nrf_ble_gatt_att_mtu_periph_set) for nrf_ble_gatt_att_mtu_periph_set
    main.o(i.gatt_init) refers to main.o(i.gatt_evt_handler) for gatt_evt_handler
    main.o(i.gatt_init) refers to main.o(.bss) for .bss
    main.o(i.main) refers to nrf_log_frontend.o(i.nrf_log_init) for nrf_log_init
    main.o(i.main) refers to app_error.o(i.app_error_handler_bare) for app_error_handler_bare
    main.o(i.main) refers to nrf_log_default_backends.o(i.nrf_log_default_backends_init) for nrf_log_default_backends_init
    main.o(i.main) refers to app_timer2.o(i.app_timer_init) for app_timer_init
    main.o(i.main) refers to app_timer2.o(i.app_timer_create) for app_timer_create
    main.o(i.main) refers to bsp.o(i.bsp_init) for bsp_init
    main.o(i.main) refers to app_usbd_serial_num.o(i.app_usbd_serial_num_generate) for app_usbd_serial_num_generate
[...]
    nrfx_usbd_feeder_ram_zlp                 0x0002e8dd   Thumb Code    54  nrfx_usbd.o(i.nrfx_usbd_feeder_ram_zlp)
    nrfx_usbd_force_bus_wakeup               0x0002e915   Thumb Code     8  nrfx_usbd.o(i.nrfx_usbd_force_bus_wakeup)
    nrfx_usbd_init                           0x0002e921   Thumb Code   120  nrfx_usbd.o(i.nrfx_usbd_init)
    nrfx_usbd_is_enabled                     0x0002e99d   Thumb Code    16  nrfx_usbd.o(i.nrfx_usbd_is_enabled)
    nrfx_usbd_is_initialized                 0x0002e9b1   Thumb Code    12  nrfx_usbd.o(i.nrfx_usbd_is_initialized)
    nrfx_usbd_last_setup_dir_get             0x0002e9c1   Thumb Code     6  nrfx_usbd.o(i.nrfx_usbd_last_setup_dir_get)
    nrfx_usbd_setup_clear                    0x0002e9cd   Thumb Code     6  nrfx_usbd.o(i.nrfx_usbd_setup_clear)
    nrfx_usbd_setup_data_clear               0x0002e9d3   Thumb Code     6  nrfx_usbd.o(i.nrfx_usbd_setup_data_clear)
    nrfx_usbd_setup_get                      0x0002e9d9   Thumb Code    76  nrfx_usbd.o(i.nrfx_usbd_setup_get)
    nrfx_usbd_setup_stall                    0x0002ea29   Thumb Code     6  nrfx_usbd.o(i.nrfx_usbd_setup_stall)
    nrfx_usbd_start                          0x0002ea31   Thumb Code    52  nrfx_usbd.o(i.nrfx_usbd_start)
    nrfx_usbd_stop                           0x0002ea7d   Thumb Code    60  nrfx_usbd.o(i.nrfx_usbd_stop)
    nrfx_usbd_suspend                        0x0002eac5   Thumb Code    64  nrfx_usbd.o(i.nrfx_usbd_suspend)
    nrfx_usbd_suspend_irq_config             0x0002eb11   Thumb Code    10  nrfx_usbd.o(i.nrfx_usbd_suspend_irq_config)
    nrfx_usbd_transfer_out_drop              0x0002eb25   Thumb Code    70  nrfx_usbd.o(i.nrfx_usbd_transfer_out_drop)
    nrfx_usbd_uninit                         0x0002eb75   Thumb Code    10  nrfx_usbd.o(i.nrfx_usbd_uninit)
    nrfx_usbd_wakeup_req                     0x0002eb85   Thumb Code    78  nrfx_usbd.o(i.nrfx_usbd_wakeup_req)
    m_app_cdc_acm                            0x000308b4   Data          36  main.o(.constdata)
    app_usbd_cdc_acm_class_methods           0x00030a84   Data          20  app_usbd_cdc_acm.o(.constdata)
    app_usbd_core_inst                       0x00030b14   Data          16  app_usbd_core.o(.constdata)
    nrf_log_backend_uart_api                 0x00030cd4   Data          12  nrf_log_backend_uart.o(.constdata)
    m_ram_start                              0x00030d84   Data           4  nrf_sdh_ble.o(.constdata)
    __ctype_table                            0x00030db0   Data         129  ctype_o.o(.constdata)
    Region$$Table$$Base                      0x00031af4   Number         0  anon$$obj.o(Region$$Table)
    Region$$Table$$Limit                     0x00031b14   Number         0  anon$$obj.o(Region$$Table)
    log_const_data$$Base                     0x00031b24   Number         0  nrf_ble_gatt.o(log_const_data)
    m_nrf_log_nrf_ble_gatt_logs_data_const   0x00031b24   Data           8  nrf_ble_gatt.o(log_const_data)
    m_nrf_log_ble_nus_logs_data_const        0x00031b2c   Data           8  ble_nus.o(log_const_data)
    m_nrf_log_clock_logs_data_const          0x00031b34   Data           8  nrf_drv_clock.o(log_const_data)
    m_nrf_log_CLOCK_logs_data_const          0x00031b3c   Data           8  nrfx_clock.o(log_const_data)
    m_nrf_log_GPIOTE_logs_data_const         0x00031b44   Data           8  nrfx_gpiote.o(log_const_data)
    m_nrf_log_PRS_logs_data_const            0x00031b4c   Data           8  nrfx_prs.o(log_const_data)
    m_nrf_log_UART_logs_data_const           0x00031b54   Data           8  nrfx_uart.o(log_const_data)
    m_nrf_log_UARTE_logs_data_const          0x00031b5c   Data           8  nrfx_uarte.o(log_const_data)
    m_nrf_log_USBD_logs_data_const           0x00031b64   Data           8  nrfx_usbd.o(log_const_data)
    m_nrf_log_app_button_logs_data_const     0x00031b6c   Data           8  app_button.o(log_const_data)
    m_nrf_log_app_timer_logs_data_const      0x00031b74   Data           8  app_timer2.o(log_const_data)
    m_nrf_log_app_usbd_logs_data_const       0x00031b7c   Data           8  app_usbd.o(log_const_data)
    m_nrf_log_cdc_acm_logs_data_const        0x00031b84   Data           8  app_usbd_cdc_acm.o(log_const_data)
    m_nrf_log_app_usbd_core_logs_data_const  0x00031b8c   Data           8  app_usbd_core.o(log_const_data)
    m_nrf_log_hardfault_logs_data_const      0x00031b94   Data           8  hardfault_implementation.o(log_const_data)
    m_nrf_log_pwr_mgmt_logs_data_const       0x00031b9c   Data           8  nrf_pwr_mgmt.o(log_const_data)
    m_nrf_log_sortlist_logs_data_const       0x00031ba4   Data           8  nrf_sortlist.o(log_const_data)
    m_nrf_log_app_logs_data_const            0x00031bac   Data           8  nrf_log_frontend.o(log_const_data)
    m_nrf_log_nrf_sdh_logs_data_const        0x00031bb4   Data           8  nrf_sdh.o(log_const_data)
    m_nrf_log_nrf_sdh_ble_logs_data_const    0x00031bbc   Data           8  nrf_sdh_ble.o(log_const_data)
    m_nrf_log_nrf_sdh_soc_logs_data_const    0x00031bc4   Data           8  nrf_sdh_soc.o(log_const_data)
    log_const_data$$Limit                    0x00031bcc   Number         0  nrf_sdh_soc.o(log_const_data)
    log_mempool                              0x00031bcc   Data          20  nrf_log_frontend.o(nrf_balloc)
    sdh_ble_observers0$$Base                 0x00031be0   Number         0  ble_conn_state.o(sdh_ble_observers0)
    sdh_ble_observers0$$Limit                0x00031be8   Number         0  ble_conn_state.o(sdh_ble_observers0)
    sdh_ble_observers1$$Base                 0x00031be8   Number         0  main.o(sdh_ble_observers1)
    sdh_ble_observers1$$Limit                0x00031c08   Number         0  ble_conn_params.o(sdh_ble_observers1)
    sdh_ble_observers2$$Base                 0x00031c08   Number         0  main.o(sdh_ble_observers2)
    sdh_ble_observers2$$Limit                0x00031c10   Number         0  main.o(sdh_ble_observers2)
    sdh_ble_observers3$$Base                 0x00031c10   Number         0  main.o(sdh_ble_observers3)
    sdh_ble_observers3$$Limit                0x00031c18   Number         0  main.o(sdh_ble_observers3)
    sdh_soc_observers0$$Base                 0x00031c18   Number         0  nrf_drv_clock.o(sdh_soc_observers0)
    sdh_soc_observers0$$Limit                0x00031c28   Number         0  nrf_drv_power.o(sdh_soc_observers0)
    sdh_stack_observers0$$Base               0x00031c28   Number         0  nrf_sdh_ble.o(sdh_stack_observers0)
    sdh_stack_observers0$$Limit              0x00031c38   Number         0  nrf_sdh_soc.o(sdh_stack_observers0)
    sdh_state_observers0$$Base               0x00031c38   Number         0  nrf_drv_clock.o(sdh_state_observers0)
    sdh_state_observers0$$Limit              0x00031c48   Number         0  nrf_drv_power.o(sdh_state_observers0)
    Image$$RW_IRAM1$$Base                    0x20002ae8   Number         0  anon$$obj.o ABSOLUTE
    nrf_drv_uart_use_easy_dma                0x20002be4   Data           2  nrf_drv_uart.o(.data)
    nrfx_clock_irq_enabled                   0x20002bf8   Data           1  nrfx_clock.o(.data)
    nrfx_power_irq_enabled                   0x20002c04   Data           1  nrfx_power.o(.data)
    m_uart                                   0x20002d5c   Data          20  nrf_log_backend_uart.o(.data)
    SystemCoreClock                          0x20002dd0   Data           4  system_nrf52.o(.data)
    m_ep_feeder_state                        0x20003754   Data         108  nrfx_usbd.o(.bss)
    m_ep_consumer_state                      0x200037c0   Data         108  nrfx_usbd.o(.bss)
    g_extern_serial_number                   0x20003b0c   Data          13  app_usbd_serial_num.o(.bss)
    nrf_nvic_state                           0x20003b1c   Data          12  app_util_platform.o(.bss)
    STACK$$Base                              0x200040e0   Number         0  arm_startup_nrf52840.o(STACK)
    STACK$$Limit                             0x200060e0   Number         0  arm_startup_nrf52840.o(STACK)
    __initial_sp                             0x200060e0   Data           0  arm_startup_nrf52840.o(STACK)



==============================================================================

Memory Map of the image

  Image Entry point : 0x00027201

  Load Region LR_IROM1 (Base: 0x00027000, Size: 0x0000af34, Max: 0x000d9000, ABSOLUTE, COMPRESSED[0x0000ad0c])

    Execution Region ER_IROM1 (Exec base: 0x00027000, Load base: 0x00027000, Size: 0x0000ac48, Max: 0x000d9000, ABSOLUTE)

    Exec Addr    Load Addr    Size         Type   Attr      Idx    E Section Name        Object

    0x00027000   0x00027000   0x00000200   Data   RO         6994    RESET               arm_startup_nrf52840.o
    0x00027200   0x00027200   0x00000000   Code   RO         7055  * .ARM.Collect$$$$00000000  mc_w.l(entry.o)
    0x00027200   0x00027200   0x00000004   Code   RO         7363    .ARM.Collect$$$$00000001  mc_w.l(entry2.o)
    0x00027204   0x00027204   0x00000004   Code   RO         7366    .ARM.Collect$$$$00000004  mc_w.l(entry5.o)
    0x00027208   0x00027208   0x00000000   Code   RO         7368    .ARM.Collect$$$$00000008  mc_w.l(entry7b.o)
    0x00027208   0x00027208   0x00000000   Code   RO         7370    .ARM.Collect$$$$0000000A  mc_w.l(entry8b.o)
    0x00027208   0x00027208   0x00000008   Code   RO         7371    .ARM.Collect$$$$0000000B  mc_w.l(entry9a.o)
    0x00027210   0x00027210   0x00000000   Code   RO         7373    .ARM.Collect$$$$0000000D  mc_w.l(entry10a.o)
    0x00027210   0x00027210   0x00000000   Code   RO         7375    .ARM.Collect$$$$0000000F  mc_w.l(entry11a.o)
    0x00027210   0x00027210   0x00000004   Code   RO         7364    .ARM.Collect$$$$00002712  mc_w.l(entry2.o)
    0x00027214   0x00027214   0x000000e2   Code   RO         1844    .emb_text           nrfx_atomic.o
    0x000272f6   0x000272f6   0x00000002   PAD
    0x000272f8   0x000272f8   0x00000034   Code   RO         5255    .emb_text           hardfault_handler_keil.o
    0x0002732c   0x0002732c   0x000000c8   Code   RO         5347    .emb_text           nrf_atfifo.o
    0x000273f4   0x000273f4   0x000000e2   Code   RO         5483    .emb_text           nrf_atomic.o
    0x000274d6   0x000274d6   0x00000002   PAD
    0x000274d8   0x000274d8   0x00000024   Code   RO         6995    .text               arm_startup_nrf52840.o
    0x000274fc   0x000274fc   0x00000062   Code   RO         7058    .text               mc_w.l(uldiv.o)
    0x0002755e   0x0002755e   0x0000001e   Code   RO         7060    .text               mc_w.l(llshl.o)
    0x0002757c   0x0002757c   0x00000008   Code   RO         7062    .text               mc_w.l(ctype_o.o)
    0x00027584   0x00027584   0x00000024   Code   RO         7090    .text               mc_w.l(memcpya.o)
    0x000275a8   0x000275a8   0x00000024   Code   RO         7092    .text               mc_w.l(memseta.o)
    0x000275cc   0x000275cc   0x0000000e   Code   RO         7094    .text               mc_w.l(strlen.o)
    0x000275da   0x000275da   0x00000020   Code   RO         7379    .text               mc_w.l(llushr.o)
    0x000275fa   0x000275fa   0x00000002   PAD
    0x000275fc   0x000275fc   0x00000024   Code   RO         7392    .text               mc_w.l(init.o)
    0x00027620   0x00027620   0x00000056   Code   RO         7406    .text               mc_w.l(__dczerorl2.o)
    0x00027676   0x00027676   0x00000002   PAD
    0x00027678   0x00027678   0x000000a4   Code   RO         2122    i.GPIOTE_IRQHandler  nrfx_gpiote.o
    0x0002771c   0x0002771c   0x000001d0   Code   RO         5277    i.HardFault_c_handler  hardfault_implementation.o
    0x000278ec   0x000278ec   0x00000024   Code   RO         5278    i.HardFault_process  hardfault_implementation.o
    0x00027910   0x00027910   0x0000000e   Code   RO         2440    i.POWER_CLOCK_IRQHandler  nrfx_power.o
    0x0002791e   0x0002791e   0x00000002   PAD
    0x00027920   0x00027920   0x00000010   Code   RO         5086    i.RTC1_IRQHandler   drv_rtc.o
    0x00027930   0x00027930   0x00000004   Code   RO         6785    i.SWI2_EGU2_IRQHandler  nrf_sdh.o
    0x00027934   0x00027934   0x00000184   Code   RO         7003    i.SystemInit        system_nrf52.o
    0x00027ab8   0x00027ab8   0x0000000c   Code   RO         2583    i.UARTE0_UART0_IRQHandler  nrfx_prs.o
    0x00027ac4   0x00027ac4   0x00000078   Code   RO         3070    i.USBD_IRQHandler   nrfx_usbd.o
    0x00027b3c   0x00027b3c   0x00000028   Code   RO         3071    i._NRFX_IRQ_IS_ENABLED  nrfx_usbd.o
    0x00027b64   0x00027b64   0x00000030   Code   RO         7310    i.__0snprintf$8     mc_w.l(printf8.o)
    0x00027b94   0x00027b94   0x0000000e   Code   RO         7400    i.__scatterload_copy  mc_w.l(handlers.o)
    0x00027ba2   0x00027ba2   0x00000002   Code   RO         7401    i.__scatterload_null  mc_w.l(handlers.o)
    0x00027ba4   0x00027ba4   0x0000000e   Code   RO         7402    i.__scatterload_zeroinit  mc_w.l(handlers.o)
    0x00027bb2   0x00027bb2   0x00000002   PAD
    0x00027bb4   0x00027bb4   0x00000024   Code   RO         6786    i.__sd_nvic_app_accessible_irq  nrf_sdh.o
    0x00027bd8   0x00027bd8   0x00000410   Code   RO         7316    i._printf_core      mc_w.l(printf8.o)
    0x00027fe8   0x00027fe8   0x00000024   Code   RO         7317    i._printf_post_padding  mc_w.l(printf8.o)
    0x0002800c   0x0002800c   0x0000002e   Code   RO         7318    i._printf_pre_padding  mc_w.l(printf8.o)
    0x0002803a   0x0002803a   0x00000016   Code   RO         7319    i._snputc           mc_w.l(printf8.o)
    0x00028050   0x00028050   0x00000010   Code   RO          937    i.adv_set_data_size_max_get  ble_advertising.o
    0x00028060   0x00028060   0x00000036   Code   RO          727    i.advertising_buttons_configure  bsp_btn_ble.o
    0x00028096   0x00028096   0x00000002   PAD
    0x00028098   0x00028098   0x0000001c   Code   RO            4    i.advertising_start  main.o
    0x000280b4   0x000280b4   0x00000006   Code   RO          610    i.alert_timer_handler  bsp.o
    0x000280ba   0x000280ba   0x00000002   PAD
    0x000280bc   0x000280bc   0x00000024   Code   RO         3660    i.app_button_enable  app_button.o
    0x000280e0   0x000280e0   0x00000080   Code   RO         3661    i.app_button_init   app_button.o
    0x00028160   0x00028160   0x00000084   Code   RO         3818    i.app_error_fault_handler  app_error_weak.o
    0x000281e4   0x000281e4   0x00000016   Code   RO         3758    i.app_error_handler_bare  app_error.o
    0x000281fa   0x000281fa   0x00000002   PAD
    0x000281fc   0x000281fc   0x0000000c   Code   RO         3986    i.app_timer_cnt_get  app_timer2.o
    0x00028208   0x00028208   0x00000020   Code   RO         3987    i.app_timer_create  app_timer2.o
    0x00028228   0x00028228   0x0000005c   Code   RO         3988    i.app_timer_init    app_timer2.o
    0x00028284   0x00028284   0x00000054   Code   RO         3991    i.app_timer_start   app_timer2.o
    0x000282d8   0x000282d8   0x00000044   Code   RO         3992    i.app_timer_stop    app_timer2.o
    0x0002831c   0x0002831c   0x00000020   Code   RO         4202    i.app_usbd_all_call  app_usbd.o
    0x0002833c   0x0002833c   0x0000002c   Code   RO         4203    i.app_usbd_all_iface_deselect  app_usbd.o
    0x00028368   0x00028368   0x00000030   Code   RO         4204    i.app_usbd_all_iface_select_0  app_usbd.o
    0x00028398   0x00028398   0x00000028   Code   RO         4205    i.app_usbd_all_until_served_call  app_usbd.o
    0x000283c0   0x000283c0   0x00000090   Code   RO         4593    i.app_usbd_cdc_acm_read  app_usbd_cdc_acm.o
    0x00028450   0x00028450   0x00000008   Code   RO         4595    i.app_usbd_cdc_acm_rx_size  app_usbd_cdc_acm.o
    0x00028458   0x00028458   0x00000038   Code   RO         4597    i.app_usbd_cdc_acm_write  app_usbd_cdc_acm.o
    0x00028490   0x00028490   0x00000090   Code   RO         4206    i.app_usbd_class_append  app_usbd.o
    0x00028520   0x00028520   0x000000c0   Code   RO         4207    i.app_usbd_class_descriptor_find  app_usbd.o
    0x000285e0   0x000285e0   0x0000000c   Code   RO         4208    i.app_usbd_class_first_get  app_usbd.o
    0x000285ec   0x000285ec   0x00000012   Code   RO         4209    i.app_usbd_class_iface_ep_get  app_usbd.o
    0x000285fe   0x000285fe   0x00000012   Code   RO         4598    i.app_usbd_class_iface_ep_get  app_usbd_cdc_acm.o
    0x00028610   0x00028610   0x00000014   Code   RO         4210    i.app_usbd_class_iface_get  app_usbd.o
    0x00028624   0x00028624   0x00000014   Code   RO         4599    i.app_usbd_class_iface_get  app_usbd_cdc_acm.o
    0x00028638   0x00028638   0x00000010   Code   RO         4213    i.app_usbd_class_rwu_enabled_check  app_usbd.o
    0x00028648   0x00028648   0x00000012   Code   RO         4765    i.app_usbd_core_ep0_disable  app_usbd_core.o
    0x0002865a   0x0002865a   0x00000012   Code   RO         4766    i.app_usbd_core_ep0_enable  app_usbd_core.o
    0x0002866c   0x0002866c   0x000000d8   Code   RO         4767    i.app_usbd_core_event_handler  app_usbd_core.o
    0x00028744   0x00028744   0x00000010   Code   RO         4222    i.app_usbd_core_handler_call  app_usbd.o
    0x00028754   0x00028754   0x00000024   Code   RO         4769    i.app_usbd_core_setup_data_handler_set  app_usbd_core.o
    0x00028778   0x00028778   0x000000c4   Code   RO         4770    i.app_usbd_core_setup_req_handler  app_usbd_core.o
    0x0002883c   0x0002883c   0x00000068   Code   RO         4771    i.app_usbd_core_setup_rsp  app_usbd_core.o
    0x000288a4   0x000288a4   0x00000010   Code   RO         4772    i.app_usbd_core_setup_transfer_buff_get  app_usbd_core.o
    0x000288b4   0x000288b4   0x00000004   Code   RO         4223    i.app_usbd_disable  app_usbd.o
    0x000288b8   0x000288b8   0x00000004   Code   RO         4224    i.app_usbd_enable   app_usbd.o
    0x000288bc   0x000288bc   0x00000026   Code   RO         4225    i.app_usbd_ep_call  app_usbd.o
    0x000288e2   0x000288e2   0x00000002   PAD
    0x000288e4   0x000288e4   0x0000001c   Code   RO         4226    i.app_usbd_ep_conf_access  app_usbd.o
    0x00028900   0x00028900   0x00000004   Code   RO         4227    i.app_usbd_ep_disable  app_usbd.o
    0x00028904   0x00028904   0x00000022   Code   RO         4228    i.app_usbd_ep_enable  app_usbd.o
    0x00028926   0x00028926   0x00000002   PAD
    0x00028928   0x00028928   0x00000028   Code   RO         4229    i.app_usbd_ep_handled_transfer  app_usbd.o
    0x00028950   0x00028950   0x0000000a   Code   RO         4231    i.app_usbd_ep_instance_get  app_usbd.o
    0x0002895a   0x0002895a   0x00000018   Code   RO         4232    i.app_usbd_ep_instance_set  app_usbd.o
    0x00028972   0x00028972   0x00000002   PAD
    0x00028974   0x00028974   0x00000028   Code   RO         4233    i.app_usbd_ep_transfer  app_usbd.o
    0x0002899c   0x0002899c   0x000000d0   Code   RO         4234    i.app_usbd_event_add  app_usbd.o
    0x00028a6c   0x00028a6c   0x000001ec   Code   RO         4235    i.app_usbd_event_execute  app_usbd.o
    0x00028c58   0x00028c58   0x00000004   Code   RO         4236    i.app_usbd_event_handler  app_usbd.o
    0x00028c5c   0x00028c5c   0x0000009c   Code   RO         4237    i.app_usbd_event_queue_process  app_usbd.o
    0x00028cf8   0x00028cf8   0x0000000c   Code   RO         4238    i.app_usbd_hfclk_ready  app_usbd.o
    0x00028d04   0x00028d04   0x00000008   Code   RO         4239    i.app_usbd_iface_call  app_usbd.o
    0x00028d0c   0x00028d0c   0x00000038   Code   RO         4240    i.app_usbd_iface_deselect  app_usbd.o
    0x00028d44   0x00028d44   0x00000044   Code   RO         4241    i.app_usbd_iface_find  app_usbd.o
    0x00028d88   0x00028d88   0x00000046   Code   RO         4242    i.app_usbd_iface_select  app_usbd.o
    0x00028dce   0x00028dce   0x00000012   Code   RO         4243    i.app_usbd_iface_selection_get  app_usbd.o
    0x00028de0   0x00028de0   0x000000d4   Code   RO         4244    i.app_usbd_init     app_usbd.o
    0x00028eb4   0x00028eb4   0x00000024   Code   RO         4246    i.app_usbd_power_event_handler  app_usbd.o
    0x00028ed8   0x00028ed8   0x00000028   Code   RO         4247    i.app_usbd_power_events_enable  app_usbd.o
    0x00028f00   0x00028f00   0x00000048   Code   RO         4963    i.app_usbd_prepare_string  app_usbd_string_desc.o
    0x00028f48   0x00028f48   0x00000050   Code   RO         4912    i.app_usbd_serial_num_generate  app_usbd_serial_num.o
    0x00028f98   0x00028f98   0x00000028   Code   RO         4248    i.app_usbd_start    app_usbd.o
    0x00028fc0   0x00028fc0   0x00000014   Code   RO         4249    i.app_usbd_stop     app_usbd.o
    0x00028fd4   0x00028fd4   0x00000048   Code   RO         4964    i.app_usbd_string_desc_get  app_usbd_string_desc.o
    0x0002901c   0x0002901c   0x0000001a   Code   RO         4251    i.app_usbd_sustate_with_requested_hfclk  app_usbd.o
    0x00029036   0x00029036   0x0000001a   Code   RO         4252    i.app_usbd_sustate_with_running_hfclk  app_usbd.o
    0x00029050   0x00029050   0x00000048   Code   RO         5018    i.app_util_critical_region_enter  app_util_platform.o
    0x00029098   0x00029098   0x00000034   Code   RO         5019    i.app_util_critical_region_exit  app_util_platform.o
    0x000290cc   0x000290cc   0x00000076   Code   RO         2702    i.apply_config      nrfx_uart.o
    0x00029142   0x00029142   0x00000076   Code   RO         2900    i.apply_config      nrfx_uarte.o
    0x000291b8   0x000291b8   0x00000010   Code   RO         3072    i.bit2ep            nrfx_usbd.o
    0x000291c8   0x000291c8   0x00000048   Code   RO         1279    i.blcm_link_ctx_get  ble_link_ctx_manager.o
    0x00029210   0x00029210   0x00000182   Code   RO          831    i.ble_advdata_encode  ble_advdata.o
    0x00029392   0x00029392   0x00000020   Code   RO          833    i.ble_advdata_parse  ble_advdata.o
    0x000293b2   0x000293b2   0x00000046   Code   RO          834    i.ble_advdata_search  ble_advdata.o
    0x000293f8   0x000293f8   0x00000006   Code   RO          939    i.ble_advertising_conn_cfg_tag_set  ble_advertising.o
    0x000293fe   0x000293fe   0x000000e8   Code   RO          940    i.ble_advertising_init  ble_advertising.o
    0x000294e6   0x000294e6   0x0000006a   Code   RO          942    i.ble_advertising_on_ble_evt  ble_advertising.o
    0x00029550   0x00029550   0x0000003a   Code   RO          944    i.ble_advertising_restart_without_whitelist  ble_advertising.o
    0x0002958a   0x0002958a   0x00000230   Code   RO          945    i.ble_advertising_start  ble_advertising.o
    0x000297ba   0x000297ba   0x00000002   PAD
    0x000297bc   0x000297bc   0x00000068   Code   RO         1036    i.ble_conn_params_init  ble_conn_params.o
    0x00029824   0x00029824   0x00000012   Code   RO         1111    i.ble_conn_state_conn_idx  ble_conn_state.o
    0x00029836   0x00029836   0x00000002   PAD
    0x00029838   0x00029838   0x00000014   Code   RO         1125    i.ble_conn_state_valid  ble_conn_state.o
    0x0002984c   0x0002984c   0x00000060   Code   RO          837    i.ble_device_addr_encode  ble_advdata.o
    0x000298ac   0x000298ac   0x00000158   Code   RO            6    i.ble_evt_handler   main.o
    0x00029a04   0x00029a04   0x00000070   Code   RO          728    i.ble_evt_handler   bsp_btn_ble.o
    0x00029a74   0x00029a74   0x000000fc   Code   RO         1038    i.ble_evt_handler   ble_conn_params.o
    0x00029b70   0x00029b70   0x00000118   Code   RO         1126    i.ble_evt_handler   ble_conn_state.o
    0x00029c88   0x00029c88   0x00000066   Code   RO         1467    i.ble_nus_data_send  ble_nus.o
    0x00029cee   0x00029cee   0x00000002   PAD
    0x00029cf0   0x00029cf0   0x000000d4   Code   RO         1468    i.ble_nus_init      ble_nus.o
    0x00029dc4   0x00029dc4   0x00000076   Code   RO         1469    i.ble_nus_on_ble_evt  ble_nus.o
    0x00029e3a   0x00029e3a   0x00000008   Code   RO         1305    i.ble_srv_is_notification_enabled  ble_srv_common.o
    0x00029e42   0x00029e42   0x00000004   Code   RO            7    i.blink_handler     main.o
    0x00029e46   0x00029e46   0x00000002   PAD
    0x00029e48   0x00029e48   0x0000000c   Code   RO          492    i.bsp_board_button_idx_to_pin  boards.o
    0x00029e54   0x00029e54   0x00000054   Code   RO          494    i.bsp_board_init    boards.o
    0x00029ea8   0x00029ea8   0x0000002c   Code   RO          496    i.bsp_board_led_invert  boards.o
    0x00029ed4   0x00029ed4   0x00000010   Code   RO          497    i.bsp_board_led_off  boards.o
    0x00029ee4   0x00029ee4   0x00000010   Code   RO          498    i.bsp_board_led_on  boards.o
    0x00029ef4   0x00029ef4   0x00000028   Code   RO          499    i.bsp_board_led_state_get  boards.o
    0x00029f1c   0x00029f1c   0x00000012   Code   RO          500    i.bsp_board_leds_off  boards.o
    0x00029f2e   0x00029f2e   0x00000012   Code   RO          501    i.bsp_board_leds_on  boards.o
    0x00029f40   0x00029f40   0x00000024   Code   RO          502    i.bsp_board_pin_to_button_idx  boards.o
    0x00029f64   0x00029f64   0x0000001e   Code   RO          730    i.bsp_btn_ble_sleep_mode_prepare  bsp_btn_ble.o
    0x00029f82   0x00029f82   0x00000002   PAD
    0x00029f84   0x00029f84   0x00000090   Code   RO          611    i.bsp_button_event_handler  bsp.o
    0x0002a014   0x0002a014   0x0000005c   Code   RO            8    i.bsp_event_handler  main.o
    0x0002a070   0x0002a070   0x00000044   Code   RO          615    i.bsp_event_to_button_action_assign  bsp.o
    0x0002a0b4   0x0002a0b4   0x00000018   Code   RO          616    i.bsp_indication_set  bsp.o
    0x0002a0cc   0x0002a0cc   0x00000094   Code   RO          617    i.bsp_init          bsp.o
    0x0002a160   0x0002a160   0x000001c8   Code   RO          618    i.bsp_led_indication  bsp.o
    0x0002a328   0x0002a328   0x00000006   Code   RO          620    i.bsp_wakeup_button_enable  bsp.o
    0x0002a32e   0x0002a32e   0x00000002   PAD
    0x0002a330   0x0002a330   0x00000094   Code   RO         6275    i.buf_prealloc      nrf_log_frontend.o
    0x0002a3c4   0x0002a3c4   0x0000002e   Code   RO         5695    i.buffer_add        nrf_fprintf_format.o
    0x0002a3f2   0x0002a3f2   0x00000002   PAD
    0x0002a3f4   0x0002a3f4   0x00000018   Code   RO         6276    i.buffer_is_empty   nrf_log_frontend.o
    0x0002a40c   0x0002a40c   0x00000028   Code   RO         3663    i.button_get        app_button.o
    0x0002a434   0x0002a434   0x00000008   Code   RO          621    i.button_timer_handler  bsp.o
    0x0002a43c   0x0002a43c   0x00000030   Code   RO         4600    i.cdc_acm_consumer  app_usbd_cdc_acm.o
    0x0002a46c   0x0002a46c   0x00000086   Code   RO         4601    i.cdc_acm_event_handler  app_usbd_cdc_acm.o
    0x0002a4f2   0x0002a4f2   0x00000002   PAD
    0x0002a4f4   0x0002a4f4   0x00000664   Code   RO         4602    i.cdc_acm_feed_descriptors  app_usbd_cdc_acm.o
    0x0002ab58   0x0002ab58   0x00000026   Code   RO         4603    i.cdc_acm_req_out_data_cb  app_usbd_cdc_acm.o
    0x0002ab7e   0x0002ab7e   0x0000001c   Code   RO         4604    i.cdc_acm_reset_port  app_usbd_cdc_acm.o
    0x0002ab9a   0x0002ab9a   0x00000002   PAD
    0x0002ab9c   0x0002ab9c   0x000000d4   Code   RO         4605    i.cdc_acm_rx_block_finished  app_usbd_cdc_acm.o
    0x0002ac70   0x0002ac70   0x0000001e   Code   RO         4606    i.cdc_acm_single_shoot_consumer  app_usbd_cdc_acm.o
    0x0002ac8e   0x0002ac8e   0x00000002   PAD
    0x0002ac90   0x0002ac90   0x000001b4   Code   RO            9    i.cdc_acm_user_ev_handler  main.o
    0x0002ae44   0x0002ae44   0x0000001c   Code   RO         2123    i.channel_free      nrfx_gpiote.o
    0x0002ae60   0x0002ae60   0x00000048   Code   RO         2124    i.channel_port_alloc  nrfx_gpiote.o
    0x0002aea8   0x0002aea8   0x00000010   Code   RO         2125    i.channel_port_get  nrfx_gpiote.o
    0x0002aeb8   0x0002aeb8   0x00000190   Code   RO         1307    i.characteristic_add  ble_srv_common.o
    0x0002b048   0x0002b048   0x00000006   Code   RO         4255    i.class_event_handler  app_usbd.o
    0x0002b04e   0x0002b04e   0x00000002   PAD
    0x0002b050   0x0002b050   0x00000028   Code   RO         1525    i.clock_clk_started_notify  nrf_drv_clock.o
    0x0002b078   0x0002b078   0x0000001c   Code   RO         1526    i.clock_irq_handler  nrf_drv_clock.o
    0x0002b094   0x0002b094   0x00000012   Code   RO         4607    i.comm_ep_in_addr_get  app_usbd_cdc_acm.o
    0x0002b0a6   0x0002b0a6   0x00000018   Code   RO         3994    i.compare_func      app_timer2.o
    0x0002b0be   0x0002b0be   0x0000003e   Code   RO         1127    i.conn_handle_list_get  ble_conn_state.o
    0x0002b0fc   0x0002b0fc   0x00000088   Code   RO          838    i.conn_int_encode   ble_advdata.o
    0x0002b184   0x0002b184   0x00000004   Code   RO           10    i.conn_params_error_handler  main.o
    0x0002b188   0x0002b188   0x00000048   Code   RO         1039    i.conn_params_negotiation  ble_conn_params.o
    0x0002b1d0   0x0002b1d0   0x00000012   Code   RO         4608    i.data_ep_in_addr_get  app_usbd_cdc_acm.o
    0x0002b1e2   0x0002b1e2   0x00000012   Code   RO         4609    i.data_ep_out_addr_get  app_usbd_cdc_acm.o
    0x0002b1f4   0x0002b1f4   0x000000c0   Code   RO         1365    i.data_length_update  nrf_ble_gatt.o
    0x0002b2b4   0x0002b2b4   0x00000048   Code   RO         3664    i.detection_delay_timeout_handler  app_button.o
    0x0002b2fc   0x0002b2fc   0x00000014   Code   RO         6277    i.dropped_sat16_get  nrf_log_frontend.o
    0x0002b310   0x0002b310   0x00000014   Code   RO         5087    i.drv_rtc_compare_disable  drv_rtc.o
    0x0002b324   0x0002b324   0x0000000e   Code   RO         5090    i.drv_rtc_compare_pending  drv_rtc.o
    0x0002b332   0x0002b332   0x00000050   Code   RO         5091    i.drv_rtc_compare_set  drv_rtc.o
    0x0002b382   0x0002b382   0x00000008   Code   RO         5092    i.drv_rtc_counter_get  drv_rtc.o
    0x0002b38a   0x0002b38a   0x00000002   PAD
    0x0002b38c   0x0002b38c   0x000000d8   Code   RO         5093    i.drv_rtc_init      drv_rtc.o
    0x0002b464   0x0002b464   0x0000001e   Code   RO         5094    i.drv_rtc_irq_trigger  drv_rtc.o
    0x0002b482   0x0002b482   0x00000008   Code   RO         5096    i.drv_rtc_overflow_enable  drv_rtc.o
    0x0002b48a   0x0002b48a   0x00000008   Code   RO         5097    i.drv_rtc_overflow_pending  drv_rtc.o
    0x0002b492   0x0002b492   0x00000008   Code   RO         5098    i.drv_rtc_start     drv_rtc.o
    0x0002b49a   0x0002b49a   0x00000008   Code   RO         5099    i.drv_rtc_stop      drv_rtc.o
    0x0002b4a2   0x0002b4a2   0x000000de   Code   RO         5104    i.drv_rtc_windowed_compare_set  drv_rtc.o
    0x0002b580   0x0002b580   0x0000000c   Code   RO         3073    i.ep2bit            nrfx_usbd.o
    0x0002b58c   0x0002b58c   0x00000018   Code   RO         3074    i.ep_state_access   nrfx_usbd.o
    0x0002b5a4   0x0002b5a4   0x00000004   Code   RO         3075    i.ev_dma_epin0_handler  nrfx_usbd.o
    0x0002b5a8   0x0002b5a8   0x00000006   Code   RO         3076    i.ev_dma_epin1_handler  nrfx_usbd.o
    0x0002b5ae   0x0002b5ae   0x00000006   Code   RO         3077    i.ev_dma_epin2_handler  nrfx_usbd.o
    0x0002b5b4   0x0002b5b4   0x00000006   Code   RO         3078    i.ev_dma_epin3_handler  nrfx_usbd.o
    0x0002b5ba   0x0002b5ba   0x00000006   Code   RO         3079    i.ev_dma_epin4_handler  nrfx_usbd.o
    0x0002b5c0   0x0002b5c0   0x00000006   Code   RO         3080    i.ev_dma_epin5_handler  nrfx_usbd.o
    0x0002b5c6   0x0002b5c6   0x00000006   Code   RO         3081    i.ev_dma_epin6_handler  nrfx_usbd.o
    0x0002b5cc   0x0002b5cc   0x00000006   Code   RO         3082    i.ev_dma_epin7_handler  nrfx_usbd.o
    0x0002b5d2   0x0002b5d2   0x00000002   PAD
    0x0002b5d4   0x0002b5d4   0x00000060   Code   RO         3083    i.ev_dma_epin8_handler  nrfx_usbd.o
    0x0002b634   0x0002b634   0x00000060   Code   RO         3084    i.ev_dma_epout0_handler  nrfx_usbd.o
    0x0002b694   0x0002b694   0x00000006   Code   RO         3085    i.ev_dma_epout1_handler  nrfx_usbd.o
    0x0002b69a   0x0002b69a   0x00000006   Code   RO         3086    i.ev_dma_epout2_handler  nrfx_usbd.o
    0x0002b6a0   0x0002b6a0   0x00000006   Code   RO         3087    i.ev_dma_epout3_handler  nrfx_usbd.o
    0x0002b6a6   0x0002b6a6   0x00000006   Code   RO         3088    i.ev_dma_epout4_handler  nrfx_usbd.o
    0x0002b6ac   0x0002b6ac   0x00000006   Code   RO         3089    i.ev_dma_epout5_handler  nrfx_usbd.o
    0x0002b6b2   0x0002b6b2   0x00000006   Code   RO         3090    i.ev_dma_epout6_handler  nrfx_usbd.o
    0x0002b6b8   0x0002b6b8   0x00000006   Code   RO         3091    i.ev_dma_epout7_handler  nrfx_usbd.o
    0x0002b6be   0x0002b6be   0x00000002   PAD
    0x0002b6c0   0x0002b6c0   0x0000004c   Code   RO         3092    i.ev_dma_epout8_handler  nrfx_usbd.o
    0x0002b70c   0x0002b70c   0x00000040   Code   RO         3093    i.ev_epdata_handler  nrfx_usbd.o
    0x0002b74c   0x0002b74c   0x0000001c   Code   RO         3094    i.ev_setup_data_handler  nrfx_usbd.o
    0x0002b768   0x0002b768   0x00000078   Code   RO         3095    i.ev_setup_handler  nrfx_usbd.o
    0x0002b7e0   0x0002b7e0   0x0000004c   Code   RO         3096    i.ev_sof_handler    nrfx_usbd.o
    0x0002b82c   0x0002b82c   0x00000002   Code   RO         3097    i.ev_started_handler  nrfx_usbd.o
    0x0002b82e   0x0002b82e   0x00000002   PAD
    0x0002b830   0x0002b830   0x00000074   Code   RO         3098    i.ev_usbevent_handler  nrfx_usbd.o
    0x0002b8a4   0x0002b8a4   0x00000020   Code   RO         3099    i.ev_usbreset_handler  nrfx_usbd.o
    0x0002b8c4   0x0002b8c4   0x00000012   Code   RO         5105    i.evt_enable        drv_rtc.o
    0x0002b8d6   0x0002b8d6   0x00000002   PAD
    0x0002b8d8   0x0002b8d8   0x000000e0   Code   RO         3665    i.evt_handle        app_button.o
    0x0002b9b8   0x0002b9b8   0x00000014   Code   RO         5106    i.evt_pending       drv_rtc.o
    0x0002b9cc   0x0002b9cc   0x0000000a   Code   RO         1128    i.flag_toggle       ble_conn_state.o
    0x0002b9d6   0x0002b9d6   0x00000028   Code   RO          947    i.flags_set         ble_advertising.o
    0x0002b9fe   0x0002b9fe   0x00000002   PAD
    0x0002ba00   0x0002ba00   0x0000005c   Code   RO           11    i.gatt_evt_handler  main.o
    0x0002ba5c   0x0002ba5c   0x00000030   Code   RO           12    i.gatt_init         main.o
    0x0002ba8c   0x0002ba8c   0x00000034   Code   RO         3995    i.get_now           app_timer2.o
    0x0002bac0   0x0002bac0   0x0000003c   Code   RO         3666    i.gpiote_event_handler  app_button.o
    0x0002bafc   0x0002bafc   0x00000014   Code   RO         1040    i.instance_get      ble_conn_params.o
    0x0002bb10   0x0002bb10   0x000000a6   Code   RO         5696    i.int_print         nrf_fprintf_format.o
    0x0002bbb6   0x0002bbb6   0x00000002   PAD
    0x0002bbb8   0x0002bbb8   0x00000088   Code   RO         2901    i.interrupts_enable  nrfx_uarte.o
    0x0002bc40   0x0002bc40   0x00000034   Code   RO         6278    i.invalid_packets_omit  nrf_log_frontend.o
    0x0002bc74   0x0002bc74   0x00000044   Code   RO         1041    i.is_conn_params_ok  ble_conn_params.o
    0x0002bcb8   0x0002bcb8   0x00000016   Code   RO         1527    i.item_enqueue      nrf_drv_clock.o
    0x0002bcce   0x0002bcce   0x00000002   PAD
    0x0002bcd0   0x0002bcd0   0x00000030   Code   RO          622    i.leds_off          bsp.o
    0x0002bd00   0x0002bd00   0x00000014   Code   RO          623    i.leds_timer_handler  bsp.o
    0x0002bd14   0x0002bd14   0x00000016   Code   RO         1366    i.link_init         nrf_ble_gatt.o
    0x0002bd2a   0x0002bd2a   0x00000002   Code   RO         6279    i.log_pending_hook  nrf_log_frontend.o
    0x0002bd2c   0x0002bd2c   0x000000a4   Code   RO         6280    i.log_skip          nrf_log_frontend.o
    0x0002bdd0   0x0002bdd0   0x00000218   Code   RO           13    i.main              main.o
    0x0002bfe8   0x0002bfe8   0x00000064   Code   RO          839    i.manuf_specific_data_encode  ble_advdata.o
    0x0002c04c   0x0002c04c   0x0000007e   Code   RO         5735    i.memobj_op         nrf_memobj.o
    0x0002c0ca   0x0002c0ca   0x00000002   PAD
    0x0002c0cc   0x0002c0cc   0x00000030   Code   RO         6281    i.module_idx_get    nrf_log_frontend.o
    0x0002c0fc   0x0002c0fc   0x000000a6   Code   RO          840    i.name_encode       ble_advdata.o
    0x0002c1a2   0x0002c1a2   0x00000026   Code   RO         5351    i.nrf_atfifo_init   nrf_atfifo.o
    0x0002c1c8   0x0002c1c8   0x00000016   Code   RO         5352    i.nrf_atfifo_item_alloc  nrf_atfifo.o
    0x0002c1de   0x0002c1de   0x00000016   Code   RO         5353    i.nrf_atfifo_item_free  nrf_atfifo.o
    0x0002c1f4   0x0002c1f4   0x00000016   Code   RO         5354    i.nrf_atfifo_item_get  nrf_atfifo.o
    0x0002c20a   0x0002c20a   0x00000016   Code   RO         5355    i.nrf_atfifo_item_put  nrf_atfifo.o
    0x0002c220   0x0002c220   0x00000016   Code   RO         5417    i.nrf_atflags_clear  nrf_atflags.o
    0x0002c236   0x0002c236   0x00000016   Code   RO         5422    i.nrf_atflags_get   nrf_atflags.o
    0x0002c24c   0x0002c24c   0x00000014   Code   RO         5424    i.nrf_atflags_set   nrf_atflags.o
    0x0002c260   0x0002c260   0x00000006   Code   RO         5485    i.nrf_atomic_flag_clear_fetch  nrf_atomic.o
    0x0002c266   0x0002c266   0x00000006   Code   RO         5486    i.nrf_atomic_flag_set  nrf_atomic.o
    0x0002c26c   0x0002c26c   0x0000000c   Code   RO         5488    i.nrf_atomic_u32_add  nrf_atomic.o
    0x0002c278   0x0002c278   0x0000000c   Code   RO         5489    i.nrf_atomic_u32_and  nrf_atomic.o
    0x0002c284   0x0002c284   0x0000000a   Code   RO         5492    i.nrf_atomic_u32_fetch_and  nrf_atomic.o
    0x0002c28e   0x0002c28e   0x0000000a   Code   RO         5494    i.nrf_atomic_u32_fetch_store  nrf_atomic.o
    0x0002c298   0x0002c298   0x0000000c   Code   RO         5498    i.nrf_atomic_u32_or  nrf_atomic.o
    0x0002c2a4   0x0002c2a4   0x0000000c   Code   RO         5500    i.nrf_atomic_u32_sub  nrf_atomic.o
    0x0002c2b0   0x0002c2b0   0x0000000c   Code   RO         5501    i.nrf_atomic_u32_sub_hs  nrf_atomic.o
    0x0002c2bc   0x0002c2bc   0x00000044   Code   RO         5619    i.nrf_balloc_alloc  nrf_balloc.o
    0x0002c300   0x0002c300   0x00000030   Code   RO         5620    i.nrf_balloc_free   nrf_balloc.o
    0x0002c330   0x0002c330   0x00000030   Code   RO         5621    i.nrf_balloc_init   nrf_balloc.o
    0x0002c360   0x0002c360   0x00000010   Code   RO         2126    i.nrf_bitmask_bit_is_set  nrfx_gpiote.o
    0x0002c370   0x0002c370   0x00000018   Code   RO         1368    i.nrf_ble_gatt_att_mtu_periph_set  nrf_ble_gatt.o
    0x0002c388   0x0002c388   0x00000022   Code   RO         1372    i.nrf_ble_gatt_init  nrf_ble_gatt.o
    0x0002c3aa   0x0002c3aa   0x00000002   PAD
    0x0002c3ac   0x0002c3ac   0x00000150   Code   RO         1373    i.nrf_ble_gatt_on_ble_evt  nrf_ble_gatt.o
    0x0002c4fc   0x0002c4fc   0x0000000e   Code   RO         1983    i.nrf_clock_event_check  nrfx_clock.o
    0x0002c50a   0x0002c50a   0x00000010   Code   RO         1984    i.nrf_clock_event_clear  nrfx_clock.o
    0x0002c51a   0x0002c51a   0x00000002   PAD
    0x0002c51c   0x0002c51c   0x00000038   Code   RO         1531    i.nrf_drv_clock_hfclk_release  nrf_drv_clock.o
    0x0002c554   0x0002c554   0x0000005c   Code   RO         1532    i.nrf_drv_clock_hfclk_request  nrf_drv_clock.o
    0x0002c5b0   0x0002c5b0   0x00000040   Code   RO         1533    i.nrf_drv_clock_init  nrf_drv_clock.o
    0x0002c5f0   0x0002c5f0   0x00000034   Code   RO         1537    i.nrf_drv_clock_lfclk_release  nrf_drv_clock.o
    0x0002c624   0x0002c624   0x00000034   Code   RO         1679    i.nrf_drv_power_init  nrf_drv_power.o
    0x0002c658   0x0002c658   0x00000018   Code   RO         1683    i.nrf_drv_power_sd_usbevt_enable  nrf_drv_power.o
    0x0002c670   0x0002c670   0x00000034   Code   RO         1684    i.nrf_drv_power_sdh_soc_evt_handler  nrf_drv_power.o
    0x0002c6a4   0x0002c6a4   0x0000006c   Code   RO         1685    i.nrf_drv_power_sdh_state_evt_handler  nrf_drv_power.o
    0x0002c710   0x0002c710   0x00000040   Code   RO         1689    i.nrf_drv_power_usbevt_init  nrf_drv_power.o
    0x0002c750   0x0002c750   0x00000030   Code   RO         1690    i.nrf_drv_power_usbevt_uninit  nrf_drv_power.o
    0x0002c780   0x0002c780   0x00000068   Code   RO         1792    i.nrf_drv_uart_init  nrf_drv_uart.o
    0x0002c7e8   0x0002c7e8   0x0000001a   Code   RO         5656    i.nrf_fprintf       nrf_fprintf.o
    0x0002c802   0x0002c802   0x00000018   Code   RO         5657    i.nrf_fprintf_buffer_flush  nrf_fprintf.o
    0x0002c81a   0x0002c81a   0x000001da   Code   RO         5697    i.nrf_fprintf_fmt   nrf_fprintf_format.o
    0x0002c9f4   0x0002c9f4   0x00000032   Code   RO          504    i.nrf_gpio_cfg      boards.o
    0x0002ca26   0x0002ca26   0x00000032   Code   RO         2127    i.nrf_gpio_cfg      nrfx_gpiote.o
    0x0002ca58   0x0002ca58   0x00000032   Code   RO         2703    i.nrf_gpio_cfg      nrfx_uart.o
    0x0002ca8a   0x0002ca8a   0x00000032   Code   RO         2902    i.nrf_gpio_cfg      nrfx_uarte.o
    0x0002cabc   0x0002cabc   0x00000012   Code   RO         2704    i.nrf_gpio_cfg_default  nrfx_uart.o
    0x0002cace   0x0002cace   0x00000012   Code   RO         2903    i.nrf_gpio_cfg_default  nrfx_uarte.o
    0x0002cae0   0x0002cae0   0x00000012   Code   RO         2705    i.nrf_gpio_cfg_input  nrfx_uart.o
    0x0002caf2   0x0002caf2   0x00000012   Code   RO         2904    i.nrf_gpio_cfg_input  nrfx_uarte.o
    0x0002cb04   0x0002cb04   0x00000014   Code   RO         2706    i.nrf_gpio_cfg_output  nrfx_uart.o
    0x0002cb18   0x0002cb18   0x00000014   Code   RO         2905    i.nrf_gpio_cfg_output  nrfx_uarte.o
    0x0002cb2c   0x0002cb2c   0x00000030   Code   RO         2129    i.nrf_gpio_cfg_sense_set  nrfx_gpiote.o
    0x0002cb5c   0x0002cb5c   0x00000030   Code   RO         2130    i.nrf_gpio_latches_read_and_clear  nrfx_gpiote.o
    0x0002cb8c   0x0002cb8c   0x0000001c   Code   RO          505    i.nrf_gpio_pin_port_decode  boards.o
    0x0002cba8   0x0002cba8   0x0000001c   Code   RO         2132    i.nrf_gpio_pin_port_decode  nrfx_gpiote.o
    0x0002cbc4   0x0002cbc4   0x0000001c   Code   RO         2707    i.nrf_gpio_pin_port_decode  nrfx_uart.o
    0x0002cbe0   0x0002cbe0   0x0000001c   Code   RO         2906    i.nrf_gpio_pin_port_decode  nrfx_uarte.o
    0x0002cbfc   0x0002cbfc   0x0000002c   Code   RO         2133    i.nrf_gpio_pin_present_check  nrfx_gpiote.o
    0x0002cc28   0x0002cc28   0x00000016   Code   RO         2134    i.nrf_gpio_pin_read  nrfx_gpiote.o
    0x0002cc3e   0x0002cc3e   0x00000014   Code   RO         2708    i.nrf_gpio_pin_set  nrfx_uart.o
    0x0002cc52   0x0002cc52   0x00000014   Code   RO         2907    i.nrf_gpio_pin_set  nrfx_uarte.o
    0x0002cc66   0x0002cc66   0x00000026   Code   RO          506    i.nrf_gpio_pin_write  boards.o
    0x0002cc8c   0x0002cc8c   0x00000014   Code   RO         2136    i.nrf_gpiote_event_clear  nrfx_gpiote.o
    0x0002cca0   0x0002cca0   0x00000010   Code   RO         2137    i.nrf_gpiote_event_is_set  nrfx_gpiote.o
    0x0002ccb0   0x0002ccb0   0x0000005c   Code   RO         6282    i.nrf_log_backend_add  nrf_log_frontend.o
    0x0002cd0c   0x0002cd0c   0x000000c8   Code   RO         6132    i.nrf_log_backend_serial_put  nrf_log_backend_serial.o
    0x0002cdd4   0x0002cdd4   0x00000002   Code   RO         6172    i.nrf_log_backend_uart_flush  nrf_log_backend_uart.o
    0x0002cdd6   0x0002cdd6   0x00000006   Code   RO         6173    i.nrf_log_backend_uart_init  nrf_log_backend_uart.o
    0x0002cddc   0x0002cddc   0x0000002c   Code   RO         6174    i.nrf_log_backend_uart_panic_set  nrf_log_backend_uart.o
    0x0002ce08   0x0002ce08   0x00000018   Code   RO         6175    i.nrf_log_backend_uart_put  nrf_log_backend_uart.o
    0x0002ce20   0x0002ce20   0x00000030   Code   RO         6284    i.nrf_log_color_id_get  nrf_log_frontend.o
    0x0002ce50   0x0002ce50   0x0000001c   Code   RO         6239    i.nrf_log_default_backends_init  nrf_log_default_backends.o
    0x0002ce6c   0x0002ce6c   0x00000238   Code   RO         6285    i.nrf_log_frontend_dequeue  nrf_log_frontend.o
    0x0002d0a4   0x0002d0a4   0x00000008   Code   RO         6287    i.nrf_log_frontend_std_0  nrf_log_frontend.o
    0x0002d0ac   0x0002d0ac   0x0000000e   Code   RO         6288    i.nrf_log_frontend_std_1  nrf_log_frontend.o
    0x0002d0ba   0x0002d0ba   0x00000010   Code   RO         6289    i.nrf_log_frontend_std_2  nrf_log_frontend.o
    0x0002d0ca   0x0002d0ca   0x00000012   Code   RO         6290    i.nrf_log_frontend_std_3  nrf_log_frontend.o
    0x0002d0dc   0x0002d0dc   0x00000014   Code   RO         6291    i.nrf_log_frontend_std_4  nrf_log_frontend.o
    0x0002d0f0   0x0002d0f0   0x000000b0   Code   RO         6468    i.nrf_log_hexdump_entry_process  nrf_log_str_formatter.o
    0x0002d1a0   0x0002d1a0   0x00000028   Code   RO         6294    i.nrf_log_init      nrf_log_frontend.o
    0x0002d1c8   0x0002d1c8   0x00000014   Code   RO         6295    i.nrf_log_module_cnt_get  nrf_log_frontend.o
    0x0002d1dc   0x0002d1dc   0x0000001c   Code   RO         6298    i.nrf_log_module_name_get  nrf_log_frontend.o
    0x0002d1f8   0x0002d1f8   0x00000028   Code   RO         6299    i.nrf_log_panic     nrf_log_frontend.o
    0x0002d220   0x0002d220   0x000000b6   Code   RO         6469    i.nrf_log_std_entry_process  nrf_log_str_formatter.o
    0x0002d2d6   0x0002d2d6   0x00000060   Code   RO         5736    i.nrf_memobj_alloc  nrf_memobj.o
    0x0002d336   0x0002d336   0x00000032   Code   RO         5737    i.nrf_memobj_free   nrf_memobj.o
    0x0002d368   0x0002d368   0x00000008   Code   RO         5738    i.nrf_memobj_get    nrf_memobj.o
    0x0002d370   0x0002d370   0x00000004   Code   RO         5739    i.nrf_memobj_pool_init  nrf_memobj.o
    0x0002d374   0x0002d374   0x0000001e   Code   RO         5740    i.nrf_memobj_put    nrf_memobj.o
    0x0002d392   0x0002d392   0x00000010   Code   RO         5741    i.nrf_memobj_read   nrf_memobj.o
    0x0002d3a2   0x0002d3a2   0x00000010   Code   RO         5742    i.nrf_memobj_write  nrf_memobj.o
    0x0002d3b2   0x0002d3b2   0x0000001c   Code   RO         2441    i.nrf_power_event_get_and_clear  nrfx_power.o
    0x0002d3ce   0x0002d3ce   0x0000001c   Code   RO         5894    i.nrf_ringbuf_init  nrf_ringbuf.o
    0x0002d3ea   0x0002d3ea   0x0000000c   Code   RO         5107    i.nrf_rtc_event_clear  drv_rtc.o
    0x0002d3f6   0x0002d3f6   0x00000002   PAD
    0x0002d3f8   0x0002d3f8   0x00000014   Code   RO         6906    i.nrf_sdh_ble_app_ram_start_get  nrf_sdh_ble.o
    0x0002d40c   0x0002d40c   0x00000130   Code   RO         6907    i.nrf_sdh_ble_default_cfg_set  nrf_sdh_ble.o
    0x0002d53c   0x0002d53c   0x00000130   Code   RO         6908    i.nrf_sdh_ble_enable  nrf_sdh_ble.o
    0x0002d66c   0x0002d66c   0x00000060   Code   RO         6909    i.nrf_sdh_ble_evts_poll  nrf_sdh_ble.o
    0x0002d6cc   0x0002d6cc   0x00000074   Code   RO         6788    i.nrf_sdh_enable_request  nrf_sdh.o
    0x0002d740   0x0002d740   0x00000024   Code   RO         6789    i.nrf_sdh_evts_poll  nrf_sdh.o
    0x0002d764   0x0002d764   0x0000000c   Code   RO         6790    i.nrf_sdh_is_enabled  nrf_sdh.o
    0x0002d770   0x0002d770   0x0000003c   Code   RO         6960    i.nrf_sdh_soc_evts_poll  nrf_sdh_soc.o
    0x0002d7ac   0x0002d7ac   0x0000000a   Code   RO         5952    i.nrf_section_iter_init  nrf_section_iter.o
    0x0002d7b6   0x0002d7b6   0x00000024   Code   RO         5953    i.nrf_section_iter_item_set  nrf_section_iter.o
    0x0002d7da   0x0002d7da   0x00000020   Code   RO         5954    i.nrf_section_iter_next  nrf_section_iter.o
    0x0002d7fa   0x0002d7fa   0x00000022   Code   RO         5987    i.nrf_sortlist_add  nrf_sortlist.o
    0x0002d81c   0x0002d81c   0x00000006   Code   RO         5989    i.nrf_sortlist_peek  nrf_sortlist.o
    0x0002d822   0x0002d822   0x0000000e   Code   RO         5990    i.nrf_sortlist_pop  nrf_sortlist.o
    0x0002d830   0x0002d830   0x0000001e   Code   RO         5991    i.nrf_sortlist_remove  nrf_sortlist.o
    0x0002d84e   0x0002d84e   0x00000002   PAD
    0x0002d850   0x0002d850   0x00000038   Code   RO         6043    i.nrf_strerror_find  nrf_strerror.o
    0x0002d888   0x0002d888   0x00000014   Code   RO         6044    i.nrf_strerror_get  nrf_strerror.o
    0x0002d89c   0x0002d89c   0x0000000a   Code   RO         2709    i.nrf_uart_event_check  nrfx_uart.o
    0x0002d8a6   0x0002d8a6   0x0000000c   Code   RO         2710    i.nrf_uart_event_clear  nrfx_uart.o
    0x0002d8b2   0x0002d8b2   0x0000000c   Code   RO         2711    i.nrf_uart_int_enable_check  nrfx_uart.o
    0x0002d8be   0x0002d8be   0x0000000a   Code   RO         2908    i.nrf_uarte_event_check  nrfx_uarte.o
    0x0002d8c8   0x0002d8c8   0x0000000c   Code   RO         2909    i.nrf_uarte_event_clear  nrfx_uarte.o
    0x0002d8d4   0x0002d8d4   0x00000034   Code   RO         3100    i.nrf_usbd_ep0in_dma_handler  nrfx_usbd.o
    0x0002d908   0x0002d908   0x00000028   Code   RO         3101    i.nrf_usbd_ep_enable_check  nrfx_usbd.o
    0x0002d930   0x0002d930   0x00000038   Code   RO         3102    i.nrf_usbd_epin_dma_handler  nrfx_usbd.o
    0x0002d968   0x0002d968   0x00000064   Code   RO         3103    i.nrf_usbd_epout_dma_handler  nrfx_usbd.o
    0x0002d9cc   0x0002d9cc   0x00000010   Code   RO         3104    i.nrf_usbd_event_check  nrfx_usbd.o
    0x0002d9dc   0x0002d9dc   0x00000020   Code   RO         3105    i.nrf_usbd_event_get_and_clear  nrfx_usbd.o
    0x0002d9fc   0x0002d9fc   0x00000014   Code   RO         3106    i.nrf_usbd_eventcause_clear  nrfx_usbd.o
    0x0002da10   0x0002da10   0x00000010   Code   RO         3107    i.nrf_usbd_lowpower_check  nrfx_usbd.o
    0x0002da20   0x0002da20   0x00000018   Code   RO         3108    i.nrf_usbd_task_trigger  nrfx_usbd.o
    0x0002da38   0x0002da38   0x00000010   Code   RO         1540    i.nrf_wdt_started   nrf_drv_clock.o
    0x0002da48   0x0002da48   0x0000000a   Code   RO         1853    i.nrfx_atomic_u32_fetch_and  nrfx_atomic.o
    0x0002da52   0x0002da52   0x00000002   PAD
    0x0002da54   0x0002da54   0x00000034   Code   RO         1989    i.nrfx_clock_enable  nrfx_clock.o
    0x0002da88   0x0002da88   0x00000016   Code   RO         1990    i.nrfx_clock_hfclk_start  nrfx_clock.o
    0x0002da9e   0x0002da9e   0x00000002   PAD
    0x0002daa0   0x0002daa0   0x0000003c   Code   RO         1991    i.nrfx_clock_hfclk_stop  nrfx_clock.o
    0x0002dadc   0x0002dadc   0x00000020   Code   RO         1992    i.nrfx_clock_init   nrfx_clock.o
    0x0002dafc   0x0002dafc   0x00000058   Code   RO         1993    i.nrfx_clock_irq_handler  nrfx_clock.o
    0x0002db54   0x0002db54   0x00000030   Code   RO         1996    i.nrfx_clock_lfclk_stop  nrfx_clock.o
    0x0002db84   0x0002db84   0x00000010   Code   RO         5108    i.nrfx_coredep_delay_us  drv_rtc.o
    0x0002db94   0x0002db94   0x00000098   Code   RO         2143    i.nrfx_gpiote_in_event_enable  nrfx_gpiote.o
    0x0002dc2c   0x0002dc2c   0x000000d0   Code   RO         2145    i.nrfx_gpiote_in_init  nrfx_gpiote.o
    0x0002dcfc   0x0002dcfc   0x0000000e   Code   RO         2146    i.nrfx_gpiote_in_is_set  nrfx_gpiote.o
    0x0002dd0a   0x0002dd0a   0x00000002   PAD
    0x0002dd0c   0x0002dd0c   0x00000078   Code   RO         2148    i.nrfx_gpiote_init  nrfx_gpiote.o
    0x0002dd84   0x0002dd84   0x00000014   Code   RO         2149    i.nrfx_gpiote_is_init  nrfx_gpiote.o
    0x0002dd98   0x0002dd98   0x00000010   Code   RO         2910    i.nrfx_is_in_ram    nrfx_uarte.o
    0x0002dda8   0x0002dda8   0x0000004c   Code   RO         2443    i.nrfx_power_init   nrfx_power.o
    0x0002ddf4   0x0002ddf4   0x00000090   Code   RO         2444    i.nrfx_power_irq_handler  nrfx_power.o
    0x0002de84   0x0002de84   0x0000000c   Code   RO         2447    i.nrfx_power_pof_handler_get  nrfx_power.o
    0x0002de90   0x0002de90   0x0000000c   Code   RO         2455    i.nrfx_power_usb_handler_get  nrfx_power.o
    0x0002de9c   0x0002de9c   0x0000000e   Code   RO         2456    i.nrfx_power_usbevt_disable  nrfx_power.o
    0x0002deaa   0x0002deaa   0x0000000e   Code   RO         2457    i.nrfx_power_usbevt_enable  nrfx_power.o
    0x0002deb8   0x0002deb8   0x00000014   Code   RO         2458    i.nrfx_power_usbevt_init  nrfx_power.o
    0x0002decc   0x0002decc   0x0000000c   Code   RO         2459    i.nrfx_power_usbevt_uninit  nrfx_power.o
    0x0002ded8   0x0002ded8   0x0000003a   Code   RO         2584    i.nrfx_prs_acquire  nrfx_prs.o
    0x0002df12   0x0002df12   0x00000012   Code   RO         2585    i.nrfx_prs_release  nrfx_prs.o
    0x0002df24   0x0002df24   0x00000010   Code   RO         2712    i.nrfx_uart_0_irq_handler  nrfx_uart.o
    0x0002df34   0x0002df34   0x000000d4   Code   RO         2714    i.nrfx_uart_init    nrfx_uart.o
    0x0002e008   0x0002e008   0x000000a8   Code   RO         2720    i.nrfx_uart_tx      nrfx_uart.o
    0x0002e0b0   0x0002e0b0   0x00000020   Code   RO         2722    i.nrfx_uart_tx_in_progress  nrfx_uart.o
    0x0002e0d0   0x0002e0d0   0x000000c0   Code   RO         2723    i.nrfx_uart_uninit  nrfx_uart.o
    0x0002e190   0x0002e190   0x00000010   Code   RO         2911    i.nrfx_uarte_0_irq_handler  nrfx_uarte.o
    0x0002e1a0   0x0002e1a0   0x0000006c   Code   RO         2913    i.nrfx_uarte_init   nrfx_uarte.o
    0x0002e20c   0x0002e20c   0x000000ac   Code   RO         2917    i.nrfx_uarte_tx     nrfx_uarte.o
    0x0002e2b8   0x0002e2b8   0x0000001c   Code   RO         2919    i.nrfx_uarte_tx_in_progress  nrfx_uarte.o
    0x0002e2d4   0x0002e2d4   0x00000108   Code   RO         2920    i.nrfx_uarte_uninit  nrfx_uarte.o
    0x0002e3dc   0x0002e3dc   0x00000014   Code   RO         3109    i.nrfx_usbd_active_irq_config  nrfx_usbd.o
    0x0002e3f0   0x0002e3f0   0x00000030   Code   RO         3111    i.nrfx_usbd_consumer  nrfx_usbd.o
    0x0002e420   0x0002e420   0x00000038   Code   RO         3112    i.nrfx_usbd_disable  nrfx_usbd.o
    0x0002e458   0x0002e458   0x0000007c   Code   RO         3113    i.nrfx_usbd_enable  nrfx_usbd.o
    0x0002e4d4   0x0002e4d4   0x00000004   Code   RO         3114    i.nrfx_usbd_ep_abort  nrfx_usbd.o
    0x0002e4d8   0x0002e4d8   0x00000044   Code   RO         3116    i.nrfx_usbd_ep_disable  nrfx_usbd.o
    0x0002e51c   0x0002e51c   0x0000001c   Code   RO         3117    i.nrfx_usbd_ep_dtoggle_clear  nrfx_usbd.o
    0x0002e538   0x0002e538   0x00000084   Code   RO         3118    i.nrfx_usbd_ep_enable  nrfx_usbd.o
    0x0002e5bc   0x0002e5bc   0x00000004   Code   RO         3119    i.nrfx_usbd_ep_enable_check  nrfx_usbd.o
    0x0002e5c0   0x0002e5c0   0x00000078   Code   RO         3120    i.nrfx_usbd_ep_handled_transfer  nrfx_usbd.o
    0x0002e638   0x0002e638   0x0000000a   Code   RO         3122    i.nrfx_usbd_ep_max_packet_size_get  nrfx_usbd.o
    0x0002e642   0x0002e642   0x0000000c   Code   RO         3123    i.nrfx_usbd_ep_max_packet_size_set  nrfx_usbd.o
    0x0002e64e   0x0002e64e   0x00000002   PAD
    0x0002e650   0x0002e650   0x00000018   Code   RO         3124    i.nrfx_usbd_ep_stall  nrfx_usbd.o
    0x0002e668   0x0002e668   0x00000030   Code   RO         3125    i.nrfx_usbd_ep_stall_check  nrfx_usbd.o
    0x0002e698   0x0002e698   0x00000028   Code   RO         3126    i.nrfx_usbd_ep_stall_clear  nrfx_usbd.o
    0x0002e6c0   0x0002e6c0   0x0000001c   Code   RO         3128    i.nrfx_usbd_ep_to_endevent  nrfx_usbd.o
    0x0002e6dc   0x0002e6dc   0x0000001c   Code   RO         3129    i.nrfx_usbd_ep_to_int  nrfx_usbd.o
    0x0002e6f8   0x0002e6f8   0x000000d0   Code   RO         3130    i.nrfx_usbd_ep_transfer  nrfx_usbd.o
    0x0002e7c8   0x0002e7c8   0x00000028   Code   RO         3131    i.nrfx_usbd_epout_size_get  nrfx_usbd.o
    0x0002e7f0   0x0002e7f0   0x00000014   Code   RO         3132    i.nrfx_usbd_errata_171  nrfx_usbd.o
    0x0002e804   0x0002e804   0x00000018   Code   RO         3133    i.nrfx_usbd_errata_187  nrfx_usbd.o
    0x0002e81c   0x0002e81c   0x00000014   Code   RO         3134    i.nrfx_usbd_errata_199  nrfx_usbd.o
    0x0002e830   0x0002e830   0x00000008   Code   RO         3135    i.nrfx_usbd_feeder_buffer_get  nrfx_usbd.o
    0x0002e838   0x0002e838   0x0000003c   Code   RO         3136    i.nrfx_usbd_feeder_flash  nrfx_usbd.o
    0x0002e874   0x0002e874   0x00000044   Code   RO         3137    i.nrfx_usbd_feeder_flash_zlp  nrfx_usbd.o
    0x0002e8b8   0x0002e8b8   0x00000024   Code   RO         3138    i.nrfx_usbd_feeder_ram  nrfx_usbd.o
    0x0002e8dc   0x0002e8dc   0x00000036   Code   RO         3139    i.nrfx_usbd_feeder_ram_zlp  nrfx_usbd.o
    0x0002e912   0x0002e912   0x00000002   PAD
    0x0002e914   0x0002e914   0x0000000c   Code   RO         3140    i.nrfx_usbd_force_bus_wakeup  nrfx_usbd.o
    0x0002e920   0x0002e920   0x0000007c   Code   RO         3141    i.nrfx_usbd_init    nrfx_usbd.o
    0x0002e99c   0x0002e99c   0x00000014   Code   RO         3142    i.nrfx_usbd_is_enabled  nrfx_usbd.o
    0x0002e9b0   0x0002e9b0   0x00000010   Code   RO         3143    i.nrfx_usbd_is_initialized  nrfx_usbd.o
    0x0002e9c0   0x0002e9c0   0x0000000c   Code   RO         3147    i.nrfx_usbd_last_setup_dir_get  nrfx_usbd.o
    0x0002e9cc   0x0002e9cc   0x00000006   Code   RO         3148    i.nrfx_usbd_setup_clear  nrfx_usbd.o
    0x0002e9d2   0x0002e9d2   0x00000006   Code   RO         3149    i.nrfx_usbd_setup_data_clear  nrfx_usbd.o
    0x0002e9d8   0x0002e9d8   0x00000050   Code   RO         3150    i.nrfx_usbd_setup_get  nrfx_usbd.o
    0x0002ea28   0x0002ea28   0x00000006   Code   RO         3151    i.nrfx_usbd_setup_stall  nrfx_usbd.o
    0x0002ea2e   0x0002ea2e   0x00000002   PAD
    0x0002ea30   0x0002ea30   0x0000004c   Code   RO         3152    i.nrfx_usbd_start   nrfx_usbd.o
    0x0002ea7c   0x0002ea7c   0x00000048   Code   RO         3153    i.nrfx_usbd_stop    nrfx_usbd.o
    0x0002eac4   0x0002eac4   0x0000004c   Code   RO         3154    i.nrfx_usbd_suspend  nrfx_usbd.o
    0x0002eb10   0x0002eb10   0x00000014   Code   RO         3156    i.nrfx_usbd_suspend_irq_config  nrfx_usbd.o
    0x0002eb24   0x0002eb24   0x00000050   Code   RO         3157    i.nrfx_usbd_transfer_out_drop  nrfx_usbd.o
    0x0002eb74   0x0002eb74   0x00000010   Code   RO         3158    i.nrfx_usbd_uninit  nrfx_usbd.o
    0x0002eb84   0x0002eb84   0x0000005c   Code   RO         3159    i.nrfx_usbd_wakeup_req  nrfx_usbd.o
    0x0002ebe0   0x0002ebe0   0x00000098   Code   RO           14    i.nus_data_handler  main.o
    0x0002ec78   0x0002ec78   0x00000070   Code   RO           15    i.on_adv_evt        main.o
    0x0002ece8   0x0002ece8   0x0000006a   Code   RO         1470    i.on_connect        ble_nus.o
    0x0002ed52   0x0002ed52   0x00000002   PAD
    0x0002ed54   0x0002ed54   0x000000a8   Code   RO         1374    i.on_connected_evt  nrf_ble_gatt.o
    0x0002edfc   0x0002edfc   0x000000ac   Code   RO         1375    i.on_exchange_mtu_request_evt  nrf_ble_gatt.o
    0x0002eea8   0x0002eea8   0x00000084   Code   RO         1471    i.on_write          ble_nus.o
    0x0002ef2c   0x0002ef2c   0x00000016   Code   RO          948    i.phy_is_valid      ble_advertising.o
    0x0002ef42   0x0002ef42   0x00000002   PAD
    0x0002ef44   0x0002ef44   0x0000001c   Code   RO         2167    i.pin_configured_set  nrfx_gpiote.o
    0x0002ef60   0x0002ef60   0x00000018   Code   RO         2168    i.pin_in_use_by_port  nrfx_gpiote.o
    0x0002ef78   0x0002ef78   0x00000018   Code   RO         2169    i.pin_in_use_by_te  nrfx_gpiote.o
    0x0002ef90   0x0002ef90   0x000000d0   Code   RO         2170    i.port_event_handle  nrfx_gpiote.o
    0x0002f060   0x0002f060   0x00000010   Code   RO         2171    i.port_handler_polarity_get  nrfx_gpiote.o
    0x0002f070   0x0002f070   0x0000003c   Code   RO         6471    i.postfix_process   nrf_log_str_formatter.o
    0x0002f0ac   0x0002f0ac   0x00000098   Code   RO         6472    i.prefix_process    nrf_log_str_formatter.o
    0x0002f144   0x0002f144   0x00000018   Code   RO         2586    i.prs_box_get       nrfx_prs.o
    0x0002f15c   0x0002f15c   0x0000005c   Code   RO         3996    i.rtc_irq           app_timer2.o
    0x0002f1b8   0x0002f1b8   0x0000006c   Code   RO         3997    i.rtc_schedule      app_timer2.o
    0x0002f224   0x0002f224   0x0000008c   Code   RO         3998    i.rtc_update        app_timer2.o
    0x0002f2b0   0x0002f2b0   0x00000032   Code   RO         2724    i.rx_byte           nrfx_uart.o
    0x0002f2e2   0x0002f2e2   0x00000016   Code   RO         2725    i.rx_done_event     nrfx_uart.o
    0x0002f2f8   0x0002f2f8   0x00000016   Code   RO         2921    i.rx_done_event     nrfx_uarte.o
    0x0002f30e   0x0002f30e   0x00000002   PAD
    0x0002f310   0x0002f310   0x00000058   Code   RO         1541    i.sd_state_evt_handler  nrf_drv_clock.o
    0x0002f368   0x0002f368   0x00000030   Code   RO         6795    i.sdh_request_observer_notify  nrf_sdh.o
    0x0002f398   0x0002f398   0x0000002c   Code   RO         6796    i.sdh_state_observer_notify  nrf_sdh.o
    0x0002f3c4   0x0002f3c4   0x00000010   Code   RO         1042    i.send_error_evt    ble_conn_params.o
    0x0002f3d4   0x0002f3d4   0x00000040   Code   RO         6176    i.serial_tx         nrf_log_backend_uart.o
    0x0002f414   0x0002f414   0x00000088   Code   RO          841    i.service_data_encode  ble_advdata.o
    0x0002f49c   0x0002f49c   0x00000030   Code   RO         1309    i.set_security_req  ble_srv_common.o
    0x0002f4cc   0x0002f4cc   0x00000004   Code   RO         4774    i.setup_data_handler_empty  app_usbd_core.o
    0x0002f4d0   0x0002f4d0   0x00000118   Code   RO         4775    i.setup_device_req_get_descriptor  app_usbd_core.o
    0x0002f5e8   0x0002f5e8   0x000000fc   Code   RO         4776    i.setup_device_req_std_handler  app_usbd_core.o
    0x0002f6e4   0x0002f6e4   0x00000094   Code   RO         4777    i.setup_endpoint_req_std  app_usbd_core.o
    0x0002f778   0x0002f778   0x00000096   Code   RO         4610    i.setup_event_handler  app_usbd_cdc_acm.o
    0x0002f80e   0x0002f80e   0x00000002   PAD
    0x0002f810   0x0002f810   0x00000088   Code   RO         4778    i.setup_interface_req_std_handle  app_usbd_core.o
    0x0002f898   0x0002f898   0x000000c4   Code   RO         4611    i.setup_req_class_out  app_usbd_cdc_acm.o
    0x0002f95c   0x0002f95c   0x00000018   Code   RO         1542    i.soc_evt_handler   nrf_drv_clock.o
    0x0002f974   0x0002f974   0x00000058   Code   RO         6798    i.softdevices_evt_irq_enable  nrf_sdh.o
    0x0002f9cc   0x0002f9cc   0x0000000c   Code   RO         3999    i.sortlist_pop      app_timer2.o
    0x0002f9d8   0x0002f9d8   0x00000030   Code   RO         3667    i.state_set         app_button.o
    0x0002fa08   0x0002fa08   0x00000098   Code   RO         6301    i.std_n             nrf_log_frontend.o
    0x0002faa0   0x0002faa0   0x00000058   Code   RO         4256    i.sustate_set       app_usbd.o
    0x0002faf8   0x0002faf8   0x00000098   Code   RO         4000    i.timer_expire      app_timer2.o
    0x0002fb90   0x0002fb90   0x00000080   Code   RO         4001    i.timer_req_process  app_timer2.o
    0x0002fc10   0x0002fc10   0x00000038   Code   RO         4002    i.timer_req_schedule  app_timer2.o
    0x0002fc48   0x0002fc48   0x00000018   Code   RO         3668    i.timer_start       app_button.o
    0x0002fc60   0x0002fc60   0x00000020   Code   RO         2727    i.tx_byte           nrfx_uart.o
    0x0002fc80   0x0002fc80   0x0000001a   Code   RO         2728    i.tx_done_event     nrfx_uart.o
    0x0002fc9a   0x0002fc9a   0x0000001a   Code   RO         2922    i.tx_done_event     nrfx_uarte.o
    0x0002fcb4   0x0002fcb4   0x00000030   Code   RO         1793    i.uart_evt_handler  nrf_drv_uart.o
    0x0002fce4   0x0002fce4   0x0000000c   Code   RO         6177    i.uart_evt_handler  nrf_log_backend_uart.o
    0x0002fcf0   0x0002fcf0   0x00000050   Code   RO         6178    i.uart_init         nrf_log_backend_uart.o
    0x0002fd40   0x0002fd40   0x0000012a   Code   RO         2729    i.uart_irq_handler  nrfx_uart.o
    0x0002fe6a   0x0002fe6a   0x00000002   PAD
    0x0002fe6c   0x0002fe6c   0x00000030   Code   RO         1794    i.uarte_evt_handler  nrf_drv_uart.o
    0x0002fe9c   0x0002fe9c   0x00000112   Code   RO         2923    i.uarte_irq_handler  nrfx_uarte.o
    0x0002ffae   0x0002ffae   0x0000000a   Code   RO          842    i.uint16_encode     ble_advdata.o
    0x0002ffb8   0x0002ffb8   0x000000b4   Code   RO         5698    i.unsigned_print    nrf_fprintf_format.o
    0x0003006c   0x0003006c   0x00000068   Code   RO         1043    i.update_timeout_handler  ble_conn_params.o
    0x000300d4   0x000300d4   0x00000010   Code   RO         4779    i.usb_core_ep0_handler_check  app_usbd_core.o
    0x000300e4   0x000300e4   0x00000028   Code   RO         4780    i.usbd_core_state_set  app_usbd_core.o
    0x0003010c   0x0003010c   0x000000f2   Code   RO         4781    i.usbd_descriptor_conf_feeder  app_usbd_core.o
    0x000301fe   0x000301fe   0x00000002   PAD
    0x00030200   0x00030200   0x0000001c   Code   RO         3160    i.usbd_dma_pending_clear  nrfx_usbd.o
    0x0003021c   0x0003021c   0x00000154   Code   RO         3161    i.usbd_dmareq_process  nrfx_usbd.o
    0x00030370   0x00030370   0x000000a4   Code   RO         3162    i.usbd_enable       nrfx_usbd.o
    0x00030414   0x00030414   0x00000114   Code   RO         3163    i.usbd_ep_abort     nrfx_usbd.o
    0x00030528   0x00030528   0x0000004c   Code   RO         3164    i.usbd_ep_abort_all  nrfx_usbd.o
    0x00030574   0x00030574   0x0000005c   Code   RO         3165    i.usbd_ep_data_handler  nrfx_usbd.o
    0x000305d0   0x000305d0   0x0000003c   Code   RO         3166    i.usbd_errata_187_211_begin  nrfx_usbd.o
    0x0003060c   0x0003060c   0x00000038   Code   RO         3167    i.usbd_errata_187_211_end  nrfx_usbd.o
    0x00030644   0x00030644   0x00000010   Code   RO         3168    i.usbd_int_rise     nrfx_usbd.o
    0x00030654   0x00030654   0x000000d8   Code   RO           16    i.usbd_user_ev_handler  main.o
    0x0003072c   0x0003072c   0x00000018   Code   RO          949    i.use_whitelist     ble_advertising.o
    0x00030744   0x00030744   0x00000010   Code   RO         4257    i.user_event_handler  app_usbd.o
    0x00030754   0x00030754   0x0000000a   Code   RO         4612    i.user_event_handler  app_usbd_cdc_acm.o
    0x0003075e   0x0003075e   0x00000002   PAD
    0x00030760   0x00030760   0x00000010   Code   RO         4258    i.user_event_state_proc  app_usbd.o
    0x00030770   0x00030770   0x00000020   Code   RO         3669    i.usr_event         app_button.o
    0x00030790   0x00030790   0x00000030   Code   RO          843    i.uuid_list_encode  ble_advdata.o
    0x000307c0   0x000307c0   0x0000009e   Code   RO          844    i.uuid_list_sized_encode  ble_advdata.o
    0x0003085e   0x0003085e   0x00000002   PAD
    0x00030860   0x00030860   0x0000004c   Code   RO          624    i.wakeup_button_cfg  bsp.o
    0x000308ac   0x000308ac   0x00000038   Data   RO           19    .constdata          main.o
    0x000308e4   0x000308e4   0x00000008   Data   RO          507    .constdata          boards.o
    0x000308ec   0x000308ec   0x0000002c   Data   RO          626    .constdata          bsp.o
    0x00030918   0x00030918   0x00000016   Data   RO         1376    .constdata          nrf_ble_gatt.o
    0x0003092e   0x0003092e   0x00000002   PAD
    0x00030930   0x00030930   0x00000010   Data   RO         1472    .constdata          ble_nus.o
    0x00030940   0x00030940   0x00000001   Data   RO         1691    .constdata          nrf_drv_power.o
    0x00030941   0x00030941   0x00000003   PAD
    0x00030944   0x00030944   0x00000008   Data   RO         2173    .constdata          nrfx_gpiote.o
    0x0003094c   0x0003094c   0x00000004   Data   RO         2732    .constdata          nrfx_uart.o
    0x00030950   0x00030950   0x00000004   Data   RO         2926    .constdata          nrfx_uarte.o
    0x00030954   0x00030954   0x000000ce   Data   RO         3170    .constdata          nrfx_usbd.o
    0x00030a22   0x00030a22   0x00000002   PAD
    0x00030a24   0x00030a24   0x00000008   Data   RO         3671    .constdata          app_button.o
    0x00030a2c   0x00030a2c   0x00000014   Data   RO         4005    .constdata          app_timer2.o
    0x00030a40   0x00030a40   0x00000044   Data   RO         4261    .constdata          app_usbd.o
    0x00030a84   0x00030a84   0x00000014   Data   RO         4613    .constdata          app_usbd_cdc_acm.o
    0x00030a98   0x00030a98   0x00000038   Data   RO         4614    .constdata          app_usbd_cdc_acm.o
    0x00030ad0   0x00030ad0   0x0000002f   Data   RO         4784    .constdata          app_usbd_core.o
    0x00030aff   0x00030aff   0x00000001   PAD
    0x00030b00   0x00030b00   0x00000014   Data   RO         4785    .constdata          app_usbd_core.o
    0x00030b14   0x00030b14   0x00000010   Data   RO         4786    .constdata          app_usbd_core.o
    0x00030b24   0x00030b24   0x00000006   Data   RO         4965    .constdata          app_usbd_string_desc.o
    0x00030b2a   0x00030b2a   0x00000015   Data   RO         4966    .constdata          app_usbd_string_desc.o
    0x00030b3f   0x00030b3f   0x00000017   Data   RO         4967    .constdata          app_usbd_string_desc.o
    0x00030b56   0x00030b56   0x00000016   Data   RO         4968    .constdata          app_usbd_string_desc.o
    0x00030b6c   0x00030b6c   0x00000007   Data   RO         4969    .constdata          app_usbd_string_desc.o
    0x00030b73   0x00030b73   0x0000000c   Data   RO         4971    .constdata          app_usbd_string_desc.o
    0x00030b7f   0x00030b7f   0x00000001   PAD
    0x00030b80   0x00030b80   0x00000006   Data   RO         5109    .constdata          drv_rtc.o
    0x00030b86   0x00030b86   0x00000010   Data   RO         5699    .constdata          nrf_fprintf_format.o
    0x00030b96   0x00030b96   0x00000002   PAD
    0x00030b98   0x00030b98   0x0000013c   Data   RO         6045    .constdata          nrf_strerror.o
    0x00030cd4   0x00030cd4   0x0000000c   Data   RO         6180    .constdata          nrf_log_backend_uart.o
    0x00030ce0   0x00030ce0   0x00000020   Data   RO         6181    .constdata          nrf_log_backend_uart.o
    0x00030d00   0x00030d00   0x0000000c   Data   RO         6306    .constdata          nrf_log_frontend.o
    0x00030d0c   0x00030d0c   0x00000010   Data   RO         6799    .constdata          nrf_sdh.o
    0x00030d1c   0x00030d1c   0x00000028   Data   RO         6800    .constdata          nrf_sdh.o
    0x00030d44   0x00030d44   0x00000010   Data   RO         6801    .constdata          nrf_sdh.o
    0x00030d54   0x00030d54   0x00000010   Data   RO         6802    .constdata          nrf_sdh.o
    0x00030d64   0x00030d64   0x00000020   Data   RO         6910    .constdata          nrf_sdh_ble.o
    0x00030d84   0x00030d84   0x00000010   Data   RO         6911    .constdata          nrf_sdh_ble.o
    0x00030d94   0x00030d94   0x00000010   Data   RO         6961    .constdata          nrf_sdh_soc.o
    0x00030da4   0x00030da4   0x0000000c   Data   RO         6962    .constdata          nrf_sdh_soc.o
    0x00030db0   0x00030db0   0x00000081   Data   RO         7063    .constdata          mc_w.l(ctype_o.o)
    0x00030e31   0x00030e31   0x00000003   PAD
    0x00030e34   0x00030e34   0x00000004   Data   RO         7064    .constdata          mc_w.l(ctype_o.o)
    0x00030e38   0x00030e38   0x000000a2   Data   RO         1377    .conststring        nrf_ble_gatt.o
    0x00030eda   0x00030eda   0x00000002   PAD
    0x00030edc   0x00030edc   0x00000515   Data   RO         5279    .conststring        hardfault_implementation.o
    0x000313f1   0x000313f1   0x00000003   PAD
    0x000313f4   0x000313f4   0x000003eb   Data   RO         6046    .conststring        nrf_strerror.o
    0x000317df   0x000317df   0x00000001   PAD
    0x000317e0   0x000317e0   0x0000005d   Data   RO         6473    .conststring        nrf_log_str_formatter.o
    0x0003183d   0x0003183d   0x00000003   PAD
    0x00031840   0x00031840   0x000001cf   Data   RO         6912    .conststring        nrf_sdh_ble.o
    0x00031a0f   0x00031a0f   0x00000001   PAD
    0x00031a10   0x00031a10   0x0000000d   Data   RO         1378    .conststrlit        nrf_ble_gatt.o
    0x00031a1d   0x00031a1d   0x00000003   PAD
    0x00031a20   0x00031a20   0x00000008   Data   RO         1473    .conststrlit        ble_nus.o
    0x00031a28   0x00031a28   0x00000006   Data   RO         1548    .conststrlit        nrf_drv_clock.o
    0x00031a2e   0x00031a2e   0x00000002   PAD
    0x00031a30   0x00031a30   0x00000006   Data   RO         2000    .conststrlit        nrfx_clock.o
    0x00031a36   0x00031a36   0x00000002   PAD
    0x00031a38   0x00031a38   0x00000007   Data   RO         2177    .conststrlit        nrfx_gpiote.o
    0x00031a3f   0x00031a3f   0x00000001   PAD
    0x00031a40   0x00031a40   0x00000004   Data   RO         2588    .conststrlit        nrfx_prs.o
    0x00031a44   0x00031a44   0x00000005   Data   RO         2735    .conststrlit        nrfx_uart.o
    0x00031a49   0x00031a49   0x00000003   PAD
    0x00031a4c   0x00031a4c   0x00000006   Data   RO         2929    .conststrlit        nrfx_uarte.o
    0x00031a52   0x00031a52   0x00000002   PAD
    0x00031a54   0x00031a54   0x00000005   Data   RO         3171    .conststrlit        nrfx_usbd.o
    0x00031a59   0x00031a59   0x00000003   PAD
    0x00031a5c   0x00031a5c   0x0000000b   Data   RO         3672    .conststrlit        app_button.o
    0x00031a67   0x00031a67   0x00000001   PAD
    0x00031a68   0x00031a68   0x0000000a   Data   RO         4006    .conststrlit        app_timer2.o
    0x00031a72   0x00031a72   0x00000002   PAD
    0x00031a74   0x00031a74   0x00000009   Data   RO         4262    .conststrlit        app_usbd.o
    0x00031a7d   0x00031a7d   0x00000003   PAD
    0x00031a80   0x00031a80   0x00000008   Data   RO         4615    .conststrlit        app_usbd_cdc_acm.o
    0x00031a88   0x00031a88   0x0000000e   Data   RO         4787    .conststrlit        app_usbd_core.o
    0x00031a96   0x00031a96   0x00000002   PAD
    0x00031a98   0x00031a98   0x0000000a   Data   RO         5280    .conststrlit        hardfault_implementation.o
    0x00031aa2   0x00031aa2   0x00000002   PAD
    0x00031aa4   0x00031aa4   0x00000009   Data   RO         5821    .conststrlit        nrf_pwr_mgmt.o
    0x00031aad   0x00031aad   0x00000003   PAD
    0x00031ab0   0x00031ab0   0x00000009   Data   RO         5992    .conststrlit        nrf_sortlist.o
    0x00031ab9   0x00031ab9   0x00000003   PAD
    0x00031abc   0x00031abc   0x00000011   Data   RO         6240    .conststrlit        nrf_log_default_backends.o
    0x00031acd   0x00031acd   0x00000003   PAD
    0x00031ad0   0x00031ad0   0x00000004   Data   RO         6307    .conststrlit        nrf_log_frontend.o
    0x00031ad4   0x00031ad4   0x00000008   Data   RO         6803    .conststrlit        nrf_sdh.o
    0x00031adc   0x00031adc   0x0000000c   Data   RO         6913    .conststrlit        nrf_sdh_ble.o
    0x00031ae8   0x00031ae8   0x0000000c   Data   RO         6963    .conststrlit        nrf_sdh_soc.o
    0x00031af4   0x00031af4   0x00000020   Data   RO         7398    Region$$Table       anon$$obj.o
    0x00031b14   0x00031b14   0x00000010   Data   RO         6242    log_backends        nrf_log_default_backends.o
    0x00031b24   0x00031b24   0x00000008   Data   RO         1379    log_const_data      nrf_ble_gatt.o
    0x00031b2c   0x00031b2c   0x00000008   Data   RO         1474    log_const_data      ble_nus.o
    0x00031b34   0x00031b34   0x00000008   Data   RO         1549    log_const_data      nrf_drv_clock.o
    0x00031b3c   0x00031b3c   0x00000008   Data   RO         2002    log_const_data      nrfx_clock.o
    0x00031b44   0x00031b44   0x00000008   Data   RO         2178    log_const_data      nrfx_gpiote.o
    0x00031b4c   0x00031b4c   0x00000008   Data   RO         2590    log_const_data      nrfx_prs.o
    0x00031b54   0x00031b54   0x00000008   Data   RO         2736    log_const_data      nrfx_uart.o
    0x00031b5c   0x00031b5c   0x00000008   Data   RO         2930    log_const_data      nrfx_uarte.o
    0x00031b64   0x00031b64   0x00000008   Data   RO         3174    log_const_data      nrfx_usbd.o
    0x00031b6c   0x00031b6c   0x00000008   Data   RO         3675    log_const_data      app_button.o
    0x00031b74   0x00031b74   0x00000008   Data   RO         4009    log_const_data      app_timer2.o
    0x00031b7c   0x00031b7c   0x00000008   Data   RO         4264    log_const_data      app_usbd.o
    0x00031b84   0x00031b84   0x00000008   Data   RO         4617    log_const_data      app_usbd_cdc_acm.o
    0x00031b8c   0x00031b8c   0x00000008   Data   RO         4789    log_const_data      app_usbd_core.o
    0x00031b94   0x00031b94   0x00000008   Data   RO         5282    log_const_data      hardfault_implementation.o
    0x00031b9c   0x00031b9c   0x00000008   Data   RO         5823    log_const_data      nrf_pwr_mgmt.o
    0x00031ba4   0x00031ba4   0x00000008   Data   RO         5993    log_const_data      nrf_sortlist.o
    0x00031bac   0x00031bac   0x00000008   Data   RO         6311    log_const_data      nrf_log_frontend.o
    0x00031bb4   0x00031bb4   0x00000008   Data   RO         6805    log_const_data      nrf_sdh.o
    0x00031bbc   0x00031bbc   0x00000008   Data   RO         6915    log_const_data      nrf_sdh_ble.o
    0x00031bc4   0x00031bc4   0x00000008   Data   RO         6964    log_const_data      nrf_sdh_soc.o
    0x00031bcc   0x00031bcc   0x00000014   Data   RO         6312    nrf_balloc          nrf_log_frontend.o
    0x00031be0   0x00031be0   0x00000008   Data   RO         1132    sdh_ble_observers0  ble_conn_state.o
    0x00031be8   0x00031be8   0x00000010   Data   RO           26    sdh_ble_observers1  main.o
    0x00031bf8   0x00031bf8   0x00000008   Data   RO          732    sdh_ble_observers1  bsp_btn_ble.o
    0x00031c00   0x00031c00   0x00000008   Data   RO         1046    sdh_ble_observers1  ble_conn_params.o
    0x00031c08   0x00031c08   0x00000008   Data   RO           27    sdh_ble_observers2  main.o
    0x00031c10   0x00031c10   0x00000008   Data   RO           28    sdh_ble_observers3  main.o
    0x00031c18   0x00031c18   0x00000008   Data   RO         1550    sdh_soc_observers0  nrf_drv_clock.o
    0x00031c20   0x00031c20   0x00000008   Data   RO         1693    sdh_soc_observers0  nrf_drv_power.o
    0x00031c28   0x00031c28   0x00000008   Data   RO         6916    sdh_stack_observers0  nrf_sdh_ble.o
    0x00031c30   0x00031c30   0x00000008   Data   RO         6965    sdh_stack_observers0  nrf_sdh_soc.o
    0x00031c38   0x00031c38   0x00000008   Data   RO         1551    sdh_state_observers0  nrf_drv_clock.o
    0x00031c40   0x00031c40   0x00000008   Data   RO         1694    sdh_state_observers0  nrf_drv_power.o


    Execution Region RW_IRAM1 (Exec base: 0x20002ae8, Load base: 0x00031c48, Size: 0x000035f8, Max: 0x0003d518, ABSOLUTE, COMPRESSED[0x000000c4])

    Exec Addr    Load Addr    Size         Type   Attr      Idx    E Section Name        Object

    0x20002ae8   COMPRESSED   0x00000020   Data   RW           20    .data               main.o
    0x20002b08   COMPRESSED   0x00000020   Data   RW           21    .data               main.o
    0x20002b28   COMPRESSED   0x00000001   Data   RW           22    .data               main.o
    0x20002b29   COMPRESSED   0x00000003   PAD
    0x20002b2c   COMPRESSED   0x00000008   Data   RW           23    .data               main.o
    0x20002b34   COMPRESSED   0x00000028   Data   RW           24    .data               main.o
    0x20002b5c   COMPRESSED   0x00000004   Data   RW           25    .data               main.o
    0x20002b60   COMPRESSED   0x00000010   Data   RW          627    .data               bsp.o
    0x20002b70   COMPRESSED   0x00000020   Data   RW          628    .data               bsp.o
    0x20002b90   COMPRESSED   0x00000020   Data   RW          629    .data               bsp.o
    0x20002bb0   COMPRESSED   0x00000020   Data   RW          630    .data               bsp.o
    0x20002bd0   COMPRESSED   0x00000008   Data   RW          731    .data               bsp_btn_ble.o
    0x20002bd8   COMPRESSED   0x00000008   Data   RW         1045    .data               ble_conn_params.o
    0x20002be0   COMPRESSED   0x00000001   Data   RW         1692    .data               nrf_drv_power.o
    0x20002be1   COMPRESSED   0x00000003   PAD
    0x20002be4   COMPRESSED   0x00000014   Data   RW         1795    .data               nrf_drv_uart.o
    0x20002bf8   COMPRESSED   0x0000000c   Data   RW         2001    .data               nrfx_clock.o
    0x20002c04   COMPRESSED   0x00000010   Data   RW         2460    .data               nrfx_power.o
    0x20002c14   COMPRESSED   0x00000008   Data   RW         2589    .data               nrfx_prs.o
    0x20002c1c   COMPRESSED   0x00000010   Data   RW         3172    .data               nrfx_usbd.o
    0x20002c2c   COMPRESSED   0x00000004   PAD
    0x20002c30   COMPRESSED   0x00000018   Data   RW         3673    .data               app_button.o
    0x20002c48   COMPRESSED   0x00000020   Data   RW         3674    .data               app_button.o
    0x20002c68   COMPRESSED   0x00000020   Data   RW         4007    .data               app_timer2.o
    0x20002c88   COMPRESSED   0x00000004   Data   RW         4008    .data               app_timer2.o
    0x20002c8c   COMPRESSED   0x00000024   Data   RW         4263    .data               app_usbd.o
    0x20002cb0   COMPRESSED   0x0000000c   Data   RW         4616    .data               app_usbd_cdc_acm.o
    0x20002cbc   COMPRESSED   0x00000010   Data   RW         4788    .data               app_usbd_core.o
    0x20002ccc   COMPRESSED   0x00000018   Data   RW         4972    .data               app_usbd_string_desc.o
    0x20002ce4   COMPRESSED   0x0000000c   Data   RW         5110    .data               drv_rtc.o
    0x20002cf0   COMPRESSED   0x00000068   Data   RW         5281    .data               hardfault_implementation.o
    0x20002d58   COMPRESSED   0x00000018   Data   RW         6182    .data               nrf_log_backend_uart.o
    0x20002d70   COMPRESSED   0x00000008   Data   RW         6241    .data               nrf_log_default_backends.o
    0x20002d78   COMPRESSED   0x00000004   Data   RW         6308    .data               nrf_log_frontend.o
    0x20002d7c   COMPRESSED   0x00000008   Data   RW         6309    .data               nrf_log_frontend.o
    0x20002d84   COMPRESSED   0x00000008   Data   RW         6310    .data               nrf_log_frontend.o
    0x20002d8c   COMPRESSED   0x00000040   Data   RW         6474    .data               nrf_log_str_formatter.o
    0x20002dcc   COMPRESSED   0x00000003   Data   RW         6804    .data               nrf_sdh.o
    0x20002dcf   COMPRESSED   0x00000001   Data   RW         6914    .data               nrf_sdh_ble.o
    0x20002dd0   COMPRESSED   0x00000004   Data   RW         7006    .data               system_nrf52.o
    0x20002dd4        -       0x00000630   Zero   RW           17    .bss                main.o
    0x20003404        -       0x00000088   Zero   RW           18    .bss                main.o
    0x2000348c        -       0x0000000c   Zero   RW          625    .bss                bsp.o
    0x20003498        -       0x00000050   Zero   RW         1044    .bss                ble_conn_params.o
    0x200034e8        -       0x0000007c   Zero   RW         1131    .bss                ble_conn_state.o
    0x20003564        -       0x00000014   Zero   RW         1543    .bss                nrf_drv_clock.o
    0x20003578        -       0x0000006c   Zero   RW         2172    .bss                nrfx_gpiote.o
    0x200035e4        -       0x0000002c   Zero   RW         2730    .bss                nrfx_uart.o
    0x20003610        -       0x00000024   Zero   RW         2924    .bss                nrfx_uarte.o
    0x20003634        -       0x00000238   Zero   RW         3169    .bss                nrfx_usbd.o
    0x2000386c        -       0x00000020   Zero   RW         3670    .bss                app_button.o
    0x2000388c        -       0x00000010   Zero   RW         4003    .bss                app_timer2.o
    0x2000389c        -       0x00000058   Zero   RW         4004    .bss                app_timer2.o
    0x200038f4        -       0x00000010   Zero   RW         4259    .bss                app_usbd.o
    0x20003904        -       0x000001a4   Zero   RW         4260    .bss                app_usbd.o
    0x20003aa8        -       0x00000058   Zero   RW         4782    .bss                app_usbd_core.o
    0x20003b00        -       0x0000000c   Zero   RW         4783    .bss                app_usbd_core.o
    0x20003b0c        -       0x0000000d   Zero   RW         4913    .bss                app_usbd_serial_num.o
    0x20003b19   COMPRESSED   0x00000003   PAD
    0x20003b1c        -       0x0000000c   Zero   RW         5024    .bss                app_util_platform.o
    0x20003b28        -       0x00000040   Zero   RW         6179    .bss                nrf_log_backend_uart.o
    0x20003b68        -       0x000000c0   Zero   RW         6302    .bss                nrf_log_frontend.o
    0x20003c28        -       0x00000080   Zero   RW         6303    .bss                nrf_log_frontend.o
    0x20003ca8        -       0x00000018   Zero   RW         6304    .bss                nrf_log_frontend.o
    0x20003cc0        -       0x00000420   Zero   RW         6305    .bss                nrf_log_frontend.o
    0x200040e0        -       0x00002000   Zero   RW         6992    STACK               arm_startup_nrf52840.o


==============================================================================

Image component sizes


      Code (inc. data)   RO Data    RW Data    ZI Data      Debug   Object Name

       664         66         27         56         32      17698   app_button.o
        22          0          0          0          0       2489   app_error.o
       132         46          0          0          0      34049   app_error_weak.o
      1052         90         38         36        104      17017   app_timer2.o
         0          0          0          0          0       5916   app_uart_fifo.o
      2426        200         85         36        436      78920   app_usbd.o
      2782         66         92         12          0      47980   app_usbd_cdc_acm.o
      1722         90        105         16        100      52519   app_usbd_core.o
        80         18          0          0         13       2048   app_usbd_serial_num.o
       144         12         91         24          0       3708   app_usbd_string_desc.o
       124         14          0          0         12      10562   app_util_platform.o
        36          8        512          0       8192        928   arm_startup_nrf52840.o
      1338          0          0          0          0      53300   ble_advdata.o
      1064          6          0          0          0      10975   ble_advertising.o
       636         44          8          8         80       9235   ble_conn_params.o
       390         10          8          0        124       7639   ble_conn_state.o
        72          0          0          0          0       1636   ble_link_ctx_manager.o
       670          6         32          0          0       6908   ble_nus.o
       456          6          0          0          0       3343   ble_srv_common.o
       400         42          8          0          0      14030   boards.o
      1004         90         44        112         12      15207   bsp.o
       196          6          8          8          0       3909   bsp_btn_ble.o
       704         76          6         12          0      48429   drv_rtc.o
        52         14          0          0          0        612   hardfault_handler_keil.o
       500        276       1319        104          0       3744   hardfault_implementation.o
      2064        554         88        117       1720     235586   main.o
       326          0          0          0          0       5891   nrf_atfifo.o
        64          0          0          0          0       2984   nrf_atflags.o
       318          0          0          0          0       8723   nrf_atomic.o
       164          0          0          0          0       3608   nrf_balloc.o
       948        272        205          0          0      38013   nrf_ble_gatt.o
       482         44         30          0         20      45948   nrf_drv_clock.o
       348          8         17          1          0      51751   nrf_drv_power.o
       200         26          0         20          0      17756   nrf_drv_uart.o
        50          0          0          0          0       3505   nrf_fprintf.o
       866          4         16          0          0       6518   nrf_fprintf_format.o
       200          0          0          0          0      11561   nrf_log_backend_serial.o
       232         44         44         24         64       9906   nrf_log_backend_uart.o
        28          4         33          8          0       3321   nrf_log_default_backends.o
      1522        128         44         20       1400      31919   nrf_log_frontend.o
       570        108         93         64          0       5616   nrf_log_str_formatter.o
       346          0          0          0          0       9511   nrf_memobj.o
         0          0         17          0          0       5028   nrf_pwr_mgmt.o
        28          0          0          0          0       2351   nrf_ringbuf.o
       384         46        104          3          0      42631   nrf_sdh.o
       724        232        539          1          0       5885   nrf_sdh_ble.o
        60          4         56          0          0       2448   nrf_sdh_soc.o
        78          0          0          0          0       2756   nrf_section_iter.o
        84          0         17          0          0       4069   nrf_sortlist.o
        76         10       1319          0          0       2715   nrf_strerror.o
       236          0          0          0          0       3508   nrfx_atomic.o
       332         50         14         12          0      48475   nrfx_clock.o
      1386        108         23          0        108      33034   nrfx_gpiote.o
       346         38          0         16          0      17478   nrfx_power.o
       112         16         12          8          0       4456   nrfx_prs.o
      1354         48         17          0         44      31381   nrfx_uart.o
      1356         48         18          0         36      26835   nrfx_uarte.o
      4516        508        219         16        568     147105   nrfx_usbd.o
       388         48          0          4          0      30577   system_nrf52.o

    ----------------------------------------------------------------------
     36948       3534       5396        748      13068    1355650   Object Totals
         0          0         32          0          0          0   (incl. Generated)
        94          0         56         10          3          0   (incl. Padding)

    ----------------------------------------------------------------------

      Code (inc. data)   RO Data    RW Data    ZI Data      Debug   Library Member Name

        86          0          0          0          0          0   __dczerorl2.o
         8          4        133          0          0         68   ctype_o.o
         0          0          0          0          0          0   entry.o
         0          0          0          0          0          0   entry10a.o
         0          0          0          0          0          0   entry11a.o
         8          4          0          0          0          0   entry2.o
         4          0          0          0          0          0   entry5.o
         0          0          0          0          0          0   entry7b.o
         0          0          0          0          0          0   entry8b.o
         8          4          0          0          0          0   entry9a.o
        30          0          0          0          0          0   handlers.o
        36          8          0          0          0         68   init.o
        30          0          0          0          0         68   llshl.o
        32          0          0          0          0         68   llushr.o
        36          0          0          0          0         68   memcpya.o
        36          0          0          0          0        108   memseta.o
      1192         48          0          0          0        420   printf8.o
        14          0          0          0          0         68   strlen.o
        98          0          0          0          0         92   uldiv.o

    ----------------------------------------------------------------------
      1624         68        136          0          0       1028   Library Totals
         6          0          3          0          0          0   (incl. Padding)

    ----------------------------------------------------------------------

      Code (inc. data)   RO Data    RW Data    ZI Data      Debug   Library Name

      1618         68        133          0          0       1028   mc_w.l

    ----------------------------------------------------------------------
      1624         68        136          0          0       1028   Library Totals

    ----------------------------------------------------------------------

==============================================================================


      Code (inc. data)   RO Data    RW Data    ZI Data      Debug   

     38572       3602       5532        748      13068    1307246   Grand Totals
     38572       3602       5532        196      13068    1307246   ELF Image Totals (compressed)
     38572       3602       5532        196          0          0   ROM Totals

==============================================================================

    Total RO  Size (Code + RO Data)                44104 (  43.07kB)
    Total RW  Size (RW Data + ZI Data)             13816 (  13.49kB)
    Total ROM Size (Code + RO Data + RW Data)      44300 (  43.26kB)

==============================================================================

