<html>
<body>
<pre>
<h1>µVision Build Log</h1>
<h2>Tool Versions:</h2>
IDE-Version: ¦ÌVision V5.27.0.0
Copyright (C) 2018 ARM Ltd and ARM Germany GmbH. All rights reserved.
License Information: 1 1, 1, LIC=KRMW3-ATWXJ-637MB-2VNSJ-HEEB1-XYHPP
 
Tool Versions:
Toolchain:       MDK-ARM Plus  Version: 5.27.0.0
Toolchain Path:  C:\Keil_v5\ARM\ARMCC\Bin
C Compiler:      Armcc.exe V5.06 update 6 (build 750)
Assembler:       Armasm.exe V5.06 update 6 (build 750)
Linker/Locator:  ArmLink.exe V5.06 update 6 (build 750)
Library Manager: ArmAr.exe V5.06 update 6 (build 750)
Hex Converter:   FromElf.exe V5.06 update 6 (build 750)
CPU DLL:         
Dialog DLL:      
Target DLL:      Segger\JL2CM3.dll V2.99.34.0
Dialog DLL:      TCM.DLL V1.36.1.0
 
<h2>Project:</h2>
C:\Users\alon\Desktop\nRF5_SDK_17.1.0_ddde560\examples\peripheral\usbd_ble_uart\pca10056\s140\arm5_no_packs\usbd_ble_uart_pca10056_s140.uvprojx
Project File Date:  08/22/2022

<h2>Output:</h2>
*** Using Compiler 'V5.06 update 6 (build 750)', folder: 'C:\Keil_v5\ARM\ARMCC\Bin'
Build target 'nrf52840_xxaa'
compiling utf.c...
compiling ble_srv_common.c...
compiling ble_link_ctx_manager.c...
compiling ble_advdata.c...
compiling ble_conn_params.c...
compiling ble_conn_state.c...
compiling bsp.c...
compiling nrf_ble_gatt.c...
compiling ble_advertising.c...
compiling bsp_btn_ble.c...
compiling boards.c...
compiling ble_nus.c...
compiling nrf_drv_clock.c...
compiling nrf_drv_uart.c...
compiling nrfx_prs.c...
compiling main.c...
compiling nrf_drv_power.c...
compiling nrfx_atomic.c...
compiling nrfx_power.c...
compiling nrfx_systick.c...
compiling nrfx_clock.c...
compiling nrfx_gpiote.c...
compiling app_error.c...
compiling app_fifo.c...
compiling app_error_handler_keil.c...
compiling nrfx_uarte.c...
compiling nrfx_uart.c...
compiling app_error_weak.c...
compiling app_scheduler.c...
compiling app_button.c...
compiling app_uart_fifo.c...
compiling app_timer2.c...
compiling nrfx_usbd.c...
compiling app_util_platform.c...
compiling nrf_assert.c...
compiling hardfault_handler_keil.c...
compiling hardfault_implementation.c...
compiling drv_rtc.c...
compiling app_usbd_serial_num.c...
compiling nrf_atfifo.c...
compiling nrf_atflags.c...
compiling nrf_atomic.c...
compiling app_usbd_core.c...
compiling app_usbd_string_desc.c...
compiling app_usbd.c...
compiling app_usbd_cdc_acm.c...
compiling nrf_balloc.c...
compiling nrf_fprintf.c...
compiling nrf_fprintf_format.c...
compiling nrf_memobj.c...
compiling nrf_section_iter.c...
compiling nrf_sortlist.c...
compiling nrf_strerror.c...
compiling nrf_log_backend_rtt.c...
compiling nrf_ringbuf.c...
compiling nrf_pwr_mgmt.c...
compiling retarget.c...
compiling SEGGER_RTT_Syscalls_KEIL.c...
compiling nrf_log_backend_serial.c...
compiling nrf_log_default_backends.c...
compiling nrf_log_backend_uart.c...
compiling nrf_log_frontend.c...
compiling SEGGER_RTT.c...
compiling nrf_log_str_formatter.c...
compiling SEGGER_RTT_printf.c...
compiling nrf_sdh.c...
compiling nrf_sdh_soc.c...
compiling nrf_sdh_ble.c...
compiling system_nrf52.c...
linking...
Program Size: Code=38572 RO-data=5532 RW-data=748 ZI-data=13068  
FromELF: creating hex file...
".\_build\nrf52840_xxaa.axf" - 0 Error(s), 0 Warning(s).

<h2>Software Packages used:</h2>

Package Vendor: ARM
                http://www.keil.com/pack/ARM.CMSIS.5.6.0.pack
                ARM.CMSIS.5.6.0
                CMSIS (Cortex Microcontroller Software Interface Standard)
   * Component: CORE Version: 5.3.0

Package Vendor: NordicSemiconductor
                http://developer.nordicsemi.com/nRF5_SDK/pieces/nRF_DeviceFamilyPack/NordicSemiconductor.nRF_DeviceFamilyPack.8.40.3.pack
                NordicSemiconductor.nRF_DeviceFamilyPack.8.40.3
                Nordic Semiconductor nRF ARM devices Device Family Pack with BSD license.
   * Component: Startup Version: 8.40.3

<h2>Collection of Component include folders:</h2>
  .\RTE\_nrf52840_xxaa
  C:\Keil_v5\ARM\PACK\ARM\CMSIS\5.6.0\CMSIS\Core\Include
  C:\Keil_v5\ARM\PACK\NordicSemiconductor\nRF_DeviceFamilyPack\8.40.3\Device\Include

<h2>Collection of Component Files used:</h2>

   * Component: ARM::CMSIS:CORE:5.3.0

   * Component: NordicSemiconductor::Device:Startup:8.40.3
      Include file:  Device\Include\system_nrf52840.h
      Source file:   Device\Source\arm\arm_startup_nrf52840.s
      Source file:   Device\Source\system_nrf52.c
      Include file:  Device\Include\system_nrf.h
Build Time Elapsed:  00:00:13
</pre>
</body>
</html>
